[2026-02-20T21:42:34.028+0000] {local_task_job_runner.py:123} INFO - ::group::Pre task execution logs
[2026-02-20T21:42:34.038+0000] {taskinstance.py:2612} INFO - Dependencies all met for dep_context=non-requeueable deps ti=<TaskInstance: core_osm_table_generator.process_hospitals manual__2026-02-20T21:36:49.185671+00:00 [queued]>
[2026-02-20T21:42:34.043+0000] {taskinstance.py:2612} INFO - Dependencies all met for dep_context=requeueable deps ti=<TaskInstance: core_osm_table_generator.process_hospitals manual__2026-02-20T21:36:49.185671+00:00 [queued]>
[2026-02-20T21:42:34.043+0000] {taskinstance.py:2865} INFO - Starting attempt 2 of 4
[2026-02-20T21:42:34.048+0000] {taskinstance.py:2888} INFO - Executing <Task(PythonOperator): process_hospitals> on 2026-02-20 21:36:49.185671+00:00
[2026-02-20T21:42:34.055+0000] {warnings.py:112} WARNING - /home/***/.local/lib/python3.12/site-packages/***/task/task_runner/standard_task_runner.py:70: DeprecationWarning: This process (pid=267) is multi-threaded, use of fork() may lead to deadlocks in the child.
  pid = os.fork()

[2026-02-20T21:42:34.056+0000] {standard_task_runner.py:104} INFO - Running: ['***', 'tasks', 'run', 'core_osm_table_generator', 'process_hospitals', 'manual__2026-02-20T21:36:49.185671+00:00', '--job-id', '76', '--raw', '--subdir', 'DAGS_FOLDER/core_osm_table_generator_dag.py', '--cfg-path', '/tmp/tmpvum26irr']
[2026-02-20T21:42:34.059+0000] {standard_task_runner.py:105} INFO - Job 76: Subtask process_hospitals
[2026-02-20T21:42:34.059+0000] {standard_task_runner.py:72} INFO - Started process 268 to run task
[2026-02-20T21:42:34.111+0000] {task_command.py:467} INFO - Running <TaskInstance: core_osm_table_generator.process_hospitals manual__2026-02-20T21:36:49.185671+00:00 [running]> on host 2b004ae002f2
[2026-02-20T21:42:34.919+0000] {taskinstance.py:3131} INFO - Exporting env vars: AIRFLOW_CTX_DAG_OWNER='***' AIRFLOW_CTX_DAG_ID='core_osm_table_generator' AIRFLOW_CTX_TASK_ID='process_hospitals' AIRFLOW_CTX_EXECUTION_DATE='2026-02-20T21:36:49.185671+00:00' AIRFLOW_CTX_TRY_NUMBER='2' AIRFLOW_CTX_DAG_RUN_ID='manual__2026-02-20T21:36:49.185671+00:00'
[2026-02-20T21:42:34.920+0000] {taskinstance.py:731} INFO - ::endgroup::
[2026-02-20T21:42:35.000+0000] {base.py:84} INFO - Retrieving connection 'neon_test'
[2026-02-20T21:42:36.426+0000] {core_osm_table_generator_dag.py:271} INFO - Processing table: hospitals
[2026-02-20T21:42:37.600+0000] {core_osm_table_generator_dag.py:289} INFO -  Finished processing hospitals: Fetched 0, Inserted 0
[2026-02-20T21:42:37.615+0000] {python.py:240} INFO - Done. Returned value was: None
[2026-02-20T21:42:37.630+0000] {taskinstance.py:340} INFO - ::group::Post task execution logs
[2026-02-20T21:42:37.631+0000] {taskinstance.py:352} INFO - Marking task as SUCCESS. dag_id=core_osm_table_generator, task_id=process_hospitals, run_id=manual__2026-02-20T21:36:49.185671+00:00, execution_date=20260220T213649, start_date=20260220T214234, end_date=20260220T214237
[2026-02-20T21:42:37.693+0000] {local_task_job_runner.py:266} INFO - Task exited with return code 0
[2026-02-20T21:42:37.712+0000] {taskinstance.py:3900} INFO - 0 downstream tasks scheduled from follow-on schedule check
[2026-02-20T21:42:37.713+0000] {local_task_job_runner.py:245} INFO - ::endgroup::
