[2026-02-26T12:13:37.581+0000] {local_task_job_runner.py:123} INFO - ::group::Pre task execution logs
[2026-02-26T12:13:37.586+0000] {taskinstance.py:2612} INFO - Dependencies all met for dep_context=non-requeueable deps ti=<TaskInstance: core_osm_table_generator.process_bakeries manual__2026-02-26T12:08:22.444167+00:00 [queued]>
[2026-02-26T12:13:37.590+0000] {taskinstance.py:2612} INFO - Dependencies all met for dep_context=requeueable deps ti=<TaskInstance: core_osm_table_generator.process_bakeries manual__2026-02-26T12:08:22.444167+00:00 [queued]>
[2026-02-26T12:13:37.590+0000] {taskinstance.py:2865} INFO - Starting attempt 6 of 11
[2026-02-26T12:13:37.594+0000] {taskinstance.py:2888} INFO - Executing <Task(PythonOperator): process_bakeries> on 2026-02-26 12:08:22.444167+00:00
[2026-02-26T12:13:37.599+0000] {warnings.py:112} WARNING - /home/***/.local/lib/python3.12/site-packages/***/task/task_runner/standard_task_runner.py:70: DeprecationWarning: This process (pid=310) is multi-threaded, use of fork() may lead to deadlocks in the child.
  pid = os.fork()

[2026-02-26T12:13:37.600+0000] {standard_task_runner.py:72} INFO - Started process 312 to run task
[2026-02-26T12:13:37.600+0000] {standard_task_runner.py:104} INFO - Running: ['***', 'tasks', 'run', 'core_osm_table_generator', 'process_bakeries', 'manual__2026-02-26T12:08:22.444167+00:00', '--job-id', '71', '--raw', '--subdir', 'DAGS_FOLDER/core_osm_table_generator_dag.py', '--cfg-path', '/tmp/tmprdvnfojz']
[2026-02-26T12:13:37.602+0000] {standard_task_runner.py:105} INFO - Job 71: Subtask process_bakeries
[2026-02-26T12:13:37.627+0000] {task_command.py:467} INFO - Running <TaskInstance: core_osm_table_generator.process_bakeries manual__2026-02-26T12:08:22.444167+00:00 [running]> on host a0ea9a98cfa1
[2026-02-26T12:13:37.665+0000] {taskinstance.py:3131} INFO - Exporting env vars: AIRFLOW_CTX_DAG_OWNER='***' AIRFLOW_CTX_DAG_ID='core_osm_table_generator' AIRFLOW_CTX_TASK_ID='process_bakeries' AIRFLOW_CTX_EXECUTION_DATE='2026-02-26T12:08:22.444167+00:00' AIRFLOW_CTX_TRY_NUMBER='6' AIRFLOW_CTX_DAG_RUN_ID='manual__2026-02-26T12:08:22.444167+00:00'
[2026-02-26T12:13:37.665+0000] {taskinstance.py:731} INFO - ::endgroup::
[2026-02-26T12:13:37.760+0000] {base.py:84} INFO - Retrieving connection 'neon_test'
[2026-02-26T12:13:38.936+0000] {core_osm_table_generator_dag.py:335} INFO - Processing table: bakeries
[2026-02-26T12:13:38.938+0000] {core_osm_table_generator_dag.py:84} INFO - Sending Overpass Query: 
    [out:json][timeout:600];
    (
      node["shop"~"bakery|pastry"](52.3, 13.0, 52.7, 13.7);
      way["shop"~"bakery|pastry"](52.3, 13.0, 52.7, 13.7);
      relation["shop"~"bakery|pastry"](52.3, 13.0, 52.7, 13.7);
    );
    out center;
    
[2026-02-26T12:13:46.486+0000] {core_osm_table_generator_dag.py:360} ERROR -  Error processing table bakeries: 504 Server Error: Gateway Timeout for url: https://overpass-api.de/api/interpreter
[2026-02-26T12:13:46.488+0000] {taskinstance.py:3310} ERROR - Task failed with exception
Traceback (most recent call last):
  File "/home/airflow/.local/lib/python3.12/site-packages/airflow/models/taskinstance.py", line 767, in _execute_task
    result = _execute_callable(context=context, **execute_callable_kwargs)
             ^^^^^^^^^^^^^^^^^^^^^^^^^^^^^^^^^^^^^^^^^^^^^^^^^^^^^^^^^^^^^
  File "/home/airflow/.local/lib/python3.12/site-packages/airflow/models/taskinstance.py", line 733, in _execute_callable
    return ExecutionCallableRunner(
           ^^^^^^^^^^^^^^^^^^^^^^^^
  File "/home/airflow/.local/lib/python3.12/site-packages/airflow/utils/operator_helpers.py", line 252, in run
    return self.func(*args, **kwargs)
           ^^^^^^^^^^^^^^^^^^^^^^^^^^
  File "/home/airflow/.local/lib/python3.12/site-packages/airflow/models/baseoperator.py", line 406, in wrapper
    return func(self, *args, **kwargs)
           ^^^^^^^^^^^^^^^^^^^^^^^^^^^
  File "/home/airflow/.local/lib/python3.12/site-packages/airflow/operators/python.py", line 238, in execute
    return_value = self.execute_callable()
                   ^^^^^^^^^^^^^^^^^^^^^^^
  File "/home/airflow/.local/lib/python3.12/site-packages/airflow/operators/python.py", line 256, in execute_callable
    return runner.run(*self.op_args, **self.op_kwargs)
           ^^^^^^^^^^^^^^^^^^^^^^^^^^^^^^^^^^^^^^^^^^^
  File "/home/airflow/.local/lib/python3.12/site-packages/airflow/utils/operator_helpers.py", line 252, in run
    return self.func(*args, **kwargs)
           ^^^^^^^^^^^^^^^^^^^^^^^^^^
  File "/opt/airflow/dags/core_osm_table_generator_dag.py", line 337, in process_single_table
    elements = fetch_osm_data(tags)
               ^^^^^^^^^^^^^^^^^^^^
  File "/opt/airflow/dags/core_osm_table_generator_dag.py", line 87, in fetch_osm_data
    response.raise_for_status()
  File "/home/airflow/.local/lib/python3.12/site-packages/requests/models.py", line 1024, in raise_for_status
    raise HTTPError(http_error_msg, response=self)
requests.exceptions.HTTPError: 504 Server Error: Gateway Timeout for url: https://overpass-api.de/api/interpreter
[2026-02-26T12:13:46.509+0000] {taskinstance.py:1225} INFO - Marking task as UP_FOR_RETRY. dag_id=core_osm_table_generator, task_id=process_bakeries, run_id=manual__2026-02-26T12:08:22.444167+00:00, execution_date=20260226T120822, start_date=20260226T121337, end_date=20260226T121346
[2026-02-26T12:13:46.530+0000] {taskinstance.py:340} INFO - ::group::Post task execution logs
[2026-02-26T12:13:46.530+0000] {standard_task_runner.py:124} ERROR - Failed to execute job 71 for task process_bakeries (504 Server Error: Gateway Timeout for url: https://overpass-api.de/api/interpreter; 312)
Traceback (most recent call last):
  File "/home/airflow/.local/lib/python3.12/site-packages/airflow/task/task_runner/standard_task_runner.py", line 117, in _start_by_fork
    ret = args.func(args, dag=self.dag)
          ^^^^^^^^^^^^^^^^^^^^^^^^^^^^^
  File "/home/airflow/.local/lib/python3.12/site-packages/airflow/cli/cli_config.py", line 49, in command
    return func(*args, **kwargs)
           ^^^^^^^^^^^^^^^^^^^^^
  File "/home/airflow/.local/lib/python3.12/site-packages/airflow/utils/cli.py", line 115, in wrapper
    return f(*args, **kwargs)
           ^^^^^^^^^^^^^^^^^^
  File "/home/airflow/.local/lib/python3.12/site-packages/airflow/cli/commands/task_command.py", line 483, in task_run
    task_return_code = _run_task_by_selected_method(args, _dag, ti)
                       ^^^^^^^^^^^^^^^^^^^^^^^^^^^^^^^^^^^^^^^^^^^^
  File "/home/airflow/.local/lib/python3.12/site-packages/airflow/cli/commands/task_command.py", line 256, in _run_task_by_selected_method
    return _run_raw_task(args, ti)
           ^^^^^^^^^^^^^^^^^^^^^^^
  File "/home/airflow/.local/lib/python3.12/site-packages/airflow/cli/commands/task_command.py", line 341, in _run_raw_task
    return ti._run_raw_task(
           ^^^^^^^^^^^^^^^^^
  File "/home/airflow/.local/lib/python3.12/site-packages/airflow/utils/session.py", line 97, in wrapper
    return func(*args, session=session, **kwargs)
           ^^^^^^^^^^^^^^^^^^^^^^^^^^^^^^^^^^^^^^
  File "/home/airflow/.local/lib/python3.12/site-packages/airflow/models/taskinstance.py", line 3004, in _run_raw_task
    return _run_raw_task(
           ^^^^^^^^^^^^^^
  File "/home/airflow/.local/lib/python3.12/site-packages/airflow/models/taskinstance.py", line 273, in _run_raw_task
    TaskInstance._execute_task_with_callbacks(
  File "/home/airflow/.local/lib/python3.12/site-packages/airflow/models/taskinstance.py", line 3158, in _execute_task_with_callbacks
    result = self._execute_task(context, task_orig)
             ^^^^^^^^^^^^^^^^^^^^^^^^^^^^^^^^^^^^^^
  File "/home/airflow/.local/lib/python3.12/site-packages/airflow/models/taskinstance.py", line 3182, in _execute_task
    return _execute_task(self, context, task_orig)
           ^^^^^^^^^^^^^^^^^^^^^^^^^^^^^^^^^^^^^^^
  File "/home/airflow/.local/lib/python3.12/site-packages/airflow/models/taskinstance.py", line 767, in _execute_task
    result = _execute_callable(context=context, **execute_callable_kwargs)
             ^^^^^^^^^^^^^^^^^^^^^^^^^^^^^^^^^^^^^^^^^^^^^^^^^^^^^^^^^^^^^
  File "/home/airflow/.local/lib/python3.12/site-packages/airflow/models/taskinstance.py", line 733, in _execute_callable
    return ExecutionCallableRunner(
           ^^^^^^^^^^^^^^^^^^^^^^^^
  File "/home/airflow/.local/lib/python3.12/site-packages/airflow/utils/operator_helpers.py", line 252, in run
    return self.func(*args, **kwargs)
           ^^^^^^^^^^^^^^^^^^^^^^^^^^
  File "/home/airflow/.local/lib/python3.12/site-packages/airflow/models/baseoperator.py", line 406, in wrapper
    return func(self, *args, **kwargs)
           ^^^^^^^^^^^^^^^^^^^^^^^^^^^
  File "/home/airflow/.local/lib/python3.12/site-packages/airflow/operators/python.py", line 238, in execute
    return_value = self.execute_callable()
                   ^^^^^^^^^^^^^^^^^^^^^^^
  File "/home/airflow/.local/lib/python3.12/site-packages/airflow/operators/python.py", line 256, in execute_callable
    return runner.run(*self.op_args, **self.op_kwargs)
           ^^^^^^^^^^^^^^^^^^^^^^^^^^^^^^^^^^^^^^^^^^^
  File "/home/airflow/.local/lib/python3.12/site-packages/airflow/utils/operator_helpers.py", line 252, in run
    return self.func(*args, **kwargs)
           ^^^^^^^^^^^^^^^^^^^^^^^^^^
  File "/opt/airflow/dags/core_osm_table_generator_dag.py", line 337, in process_single_table
    elements = fetch_osm_data(tags)
               ^^^^^^^^^^^^^^^^^^^^
  File "/opt/airflow/dags/core_osm_table_generator_dag.py", line 87, in fetch_osm_data
    response.raise_for_status()
  File "/home/airflow/.local/lib/python3.12/site-packages/requests/models.py", line 1024, in raise_for_status
    raise HTTPError(http_error_msg, response=self)
requests.exceptions.HTTPError: 504 Server Error: Gateway Timeout for url: https://overpass-api.de/api/interpreter
[2026-02-26T12:13:46.548+0000] {local_task_job_runner.py:266} INFO - Task exited with return code 1
[2026-02-26T12:13:46.563+0000] {taskinstance.py:3900} INFO - 0 downstream tasks scheduled from follow-on schedule check
[2026-02-26T12:13:46.564+0000] {local_task_job_runner.py:245} INFO - ::endgroup::
