[2026-02-24T11:42:25.231+0000] {local_task_job_runner.py:123} INFO - ::group::Pre task execution logs
[2026-02-24T11:42:25.236+0000] {taskinstance.py:2612} INFO - Dependencies all met for dep_context=non-requeueable deps ti=<TaskInstance: core_osm_table_generator.process_hotels manual__2026-02-22T21:42:39.194172+00:00 [queued]>
[2026-02-24T11:42:25.240+0000] {taskinstance.py:2612} INFO - Dependencies all met for dep_context=requeueable deps ti=<TaskInstance: core_osm_table_generator.process_hotels manual__2026-02-22T21:42:39.194172+00:00 [queued]>
[2026-02-24T11:42:25.240+0000] {taskinstance.py:2865} INFO - Starting attempt 7 of 12
[2026-02-24T11:42:25.244+0000] {taskinstance.py:2888} INFO - Executing <Task(PythonOperator): process_hotels> on 2026-02-22 21:42:39.194172+00:00
[2026-02-24T11:42:25.248+0000] {warnings.py:112} WARNING - /home/***/.local/lib/python3.12/site-packages/***/task/task_runner/standard_task_runner.py:70: DeprecationWarning: This process (pid=526) is multi-threaded, use of fork() may lead to deadlocks in the child.
  pid = os.fork()

[2026-02-24T11:42:25.248+0000] {standard_task_runner.py:72} INFO - Started process 527 to run task
[2026-02-24T11:42:25.249+0000] {standard_task_runner.py:104} INFO - Running: ['***', 'tasks', 'run', 'core_osm_table_generator', 'process_hotels', 'manual__2026-02-22T21:42:39.194172+00:00', '--job-id', '162', '--raw', '--subdir', 'DAGS_FOLDER/core_osm_table_generator_dag.py', '--cfg-path', '/tmp/tmps94jntr_']
[2026-02-24T11:42:25.250+0000] {standard_task_runner.py:105} INFO - Job 162: Subtask process_hotels
[2026-02-24T11:42:25.270+0000] {task_command.py:467} INFO - Running <TaskInstance: core_osm_table_generator.process_hotels manual__2026-02-22T21:42:39.194172+00:00 [running]> on host 2b004ae002f2
[2026-02-24T11:42:25.303+0000] {taskinstance.py:3131} INFO - Exporting env vars: AIRFLOW_CTX_DAG_OWNER='***' AIRFLOW_CTX_DAG_ID='core_osm_table_generator' AIRFLOW_CTX_TASK_ID='process_hotels' AIRFLOW_CTX_EXECUTION_DATE='2026-02-22T21:42:39.194172+00:00' AIRFLOW_CTX_TRY_NUMBER='7' AIRFLOW_CTX_DAG_RUN_ID='manual__2026-02-22T21:42:39.194172+00:00'
[2026-02-24T11:42:25.303+0000] {taskinstance.py:731} INFO - ::endgroup::
[2026-02-24T11:42:25.370+0000] {base.py:84} INFO - Retrieving connection 'neon_test'
[2026-02-24T11:42:26.638+0000] {core_osm_table_generator_dag.py:253} INFO - Processing table: hotels
[2026-02-24T11:45:06.907+0000] {core_osm_table_generator_dag.py:275} INFO -  Finished processing hotels: Fetched 1089, Inserted 1089
[2026-02-24T11:45:36.928+0000] {python.py:240} INFO - Done. Returned value was: None
[2026-02-24T11:45:36.967+0000] {taskinstance.py:340} INFO - ::group::Post task execution logs
[2026-02-24T11:45:36.968+0000] {taskinstance.py:352} INFO - Marking task as SUCCESS. dag_id=core_osm_table_generator, task_id=process_hotels, run_id=manual__2026-02-22T21:42:39.194172+00:00, execution_date=20260222T214239, start_date=20260224T114225, end_date=20260224T114536
[2026-02-24T11:45:37.025+0000] {local_task_job_runner.py:266} INFO - Task exited with return code 0
[2026-02-24T11:45:37.045+0000] {taskinstance.py:3900} INFO - 0 downstream tasks scheduled from follow-on schedule check
[2026-02-24T11:45:37.046+0000] {local_task_job_runner.py:245} INFO - ::endgroup::
