[2026-02-20T20:54:50.317+0000] {local_task_job_runner.py:123} INFO - ::group::Pre task execution logs
[2026-02-20T20:54:50.334+0000] {taskinstance.py:2612} INFO - Dependencies all met for dep_context=non-requeueable deps ti=<TaskInstance: core_osm_table_generator.process_malls manual__2026-02-20T15:03:06.128334+00:00 [queued]>
[2026-02-20T20:54:50.342+0000] {taskinstance.py:2612} INFO - Dependencies all met for dep_context=requeueable deps ti=<TaskInstance: core_osm_table_generator.process_malls manual__2026-02-20T15:03:06.128334+00:00 [queued]>
[2026-02-20T20:54:50.343+0000] {taskinstance.py:2865} INFO - Starting attempt 11 of 14
[2026-02-20T20:54:50.358+0000] {taskinstance.py:2888} INFO - Executing <Task(PythonOperator): process_malls> on 2026-02-20 15:03:06.128334+00:00
[2026-02-20T20:54:50.362+0000] {warnings.py:112} WARNING - /home/***/.local/lib/python3.12/site-packages/***/task/task_runner/standard_task_runner.py:70: DeprecationWarning: This process (pid=228) is multi-threaded, use of fork() may lead to deadlocks in the child.
  pid = os.fork()

[2026-02-20T20:54:50.364+0000] {standard_task_runner.py:72} INFO - Started process 232 to run task
[2026-02-20T20:54:50.364+0000] {standard_task_runner.py:104} INFO - Running: ['***', 'tasks', 'run', 'core_osm_table_generator', 'process_malls', 'manual__2026-02-20T15:03:06.128334+00:00', '--job-id', '63', '--raw', '--subdir', 'DAGS_FOLDER/core_osm_table_generator_dag.py', '--cfg-path', '/tmp/tmpfxa4bhy9']
[2026-02-20T20:54:50.365+0000] {standard_task_runner.py:105} INFO - Job 63: Subtask process_malls
[2026-02-20T20:54:50.416+0000] {task_command.py:467} INFO - Running <TaskInstance: core_osm_table_generator.process_malls manual__2026-02-20T15:03:06.128334+00:00 [running]> on host 2b004ae002f2
[2026-02-20T20:54:51.572+0000] {taskinstance.py:3131} INFO - Exporting env vars: AIRFLOW_CTX_DAG_OWNER='***' AIRFLOW_CTX_DAG_ID='core_osm_table_generator' AIRFLOW_CTX_TASK_ID='process_malls' AIRFLOW_CTX_EXECUTION_DATE='2026-02-20T15:03:06.128334+00:00' AIRFLOW_CTX_TRY_NUMBER='11' AIRFLOW_CTX_DAG_RUN_ID='manual__2026-02-20T15:03:06.128334+00:00'
[2026-02-20T20:54:51.576+0000] {taskinstance.py:731} INFO - ::endgroup::
[2026-02-20T20:54:51.863+0000] {base.py:84} INFO - Retrieving connection 'neon_test'
[2026-02-20T20:54:53.035+0000] {core_osm_table_generator_dag.py:262} INFO - Processing table: malls
[2026-02-20T20:55:06.184+0000] {core_osm_table_generator_dag.py:280} INFO -  Finished processing malls: Fetched 1, Inserted 96
[2026-02-20T20:55:06.213+0000] {python.py:240} INFO - Done. Returned value was: None
[2026-02-20T20:55:06.231+0000] {taskinstance.py:340} INFO - ::group::Post task execution logs
[2026-02-20T20:55:06.231+0000] {taskinstance.py:352} INFO - Marking task as SUCCESS. dag_id=core_osm_table_generator, task_id=process_malls, run_id=manual__2026-02-20T15:03:06.128334+00:00, execution_date=20260220T150306, start_date=20260220T205450, end_date=20260220T205506
[2026-02-20T20:55:06.288+0000] {local_task_job_runner.py:266} INFO - Task exited with return code 0
[2026-02-20T20:55:06.300+0000] {taskinstance.py:3900} INFO - 0 downstream tasks scheduled from follow-on schedule check
[2026-02-20T20:55:06.301+0000] {local_task_job_runner.py:245} INFO - ::endgroup::
