[2026-02-23T23:48:48.553+0000] {local_task_job_runner.py:123} INFO - ::group::Pre task execution logs
[2026-02-23T23:48:48.560+0000] {taskinstance.py:2612} INFO - Dependencies all met for dep_context=non-requeueable deps ti=<TaskInstance: core_osm_table_generator.process_hospitals manual__2026-02-22T21:42:39.194172+00:00 [queued]>
[2026-02-23T23:48:48.563+0000] {taskinstance.py:2612} INFO - Dependencies all met for dep_context=requeueable deps ti=<TaskInstance: core_osm_table_generator.process_hospitals manual__2026-02-22T21:42:39.194172+00:00 [queued]>
[2026-02-23T23:48:48.563+0000] {taskinstance.py:2865} INFO - Starting attempt 3 of 6
[2026-02-23T23:48:48.568+0000] {taskinstance.py:2888} INFO - Executing <Task(PythonOperator): process_hospitals> on 2026-02-22 21:42:39.194172+00:00
[2026-02-23T23:48:48.570+0000] {warnings.py:112} WARNING - /home/***/.local/lib/python3.12/site-packages/***/task/task_runner/standard_task_runner.py:70: DeprecationWarning: This process (pid=415) is multi-threaded, use of fork() may lead to deadlocks in the child.
  pid = os.fork()

[2026-02-23T23:48:48.571+0000] {standard_task_runner.py:72} INFO - Started process 416 to run task
[2026-02-23T23:48:48.572+0000] {standard_task_runner.py:104} INFO - Running: ['***', 'tasks', 'run', 'core_osm_table_generator', 'process_hospitals', 'manual__2026-02-22T21:42:39.194172+00:00', '--job-id', '125', '--raw', '--subdir', 'DAGS_FOLDER/core_osm_table_generator_dag.py', '--cfg-path', '/tmp/tmp3v61mb_s']
[2026-02-23T23:48:48.573+0000] {standard_task_runner.py:105} INFO - Job 125: Subtask process_hospitals
[2026-02-23T23:48:48.595+0000] {task_command.py:467} INFO - Running <TaskInstance: core_osm_table_generator.process_hospitals manual__2026-02-22T21:42:39.194172+00:00 [running]> on host 2b004ae002f2
[2026-02-23T23:48:48.638+0000] {taskinstance.py:3131} INFO - Exporting env vars: AIRFLOW_CTX_DAG_OWNER='***' AIRFLOW_CTX_DAG_ID='core_osm_table_generator' AIRFLOW_CTX_TASK_ID='process_hospitals' AIRFLOW_CTX_EXECUTION_DATE='2026-02-22T21:42:39.194172+00:00' AIRFLOW_CTX_TRY_NUMBER='3' AIRFLOW_CTX_DAG_RUN_ID='manual__2026-02-22T21:42:39.194172+00:00'
[2026-02-23T23:48:48.639+0000] {taskinstance.py:731} INFO - ::endgroup::
[2026-02-23T23:48:48.712+0000] {base.py:84} INFO - Retrieving connection 'neon_test'
[2026-02-23T23:48:49.827+0000] {core_osm_table_generator_dag.py:253} INFO - Processing table: hospitals
[2026-02-23T23:49:26.195+0000] {core_osm_table_generator_dag.py:275} INFO -  Finished processing hospitals: Fetched 237, Inserted 237
[2026-02-23T23:49:56.261+0000] {python.py:240} INFO - Done. Returned value was: None
[2026-02-23T23:49:56.311+0000] {taskinstance.py:340} INFO - ::group::Post task execution logs
[2026-02-23T23:49:56.312+0000] {taskinstance.py:352} INFO - Marking task as SUCCESS. dag_id=core_osm_table_generator, task_id=process_hospitals, run_id=manual__2026-02-22T21:42:39.194172+00:00, execution_date=20260222T214239, start_date=20260223T234848, end_date=20260223T234956
[2026-02-23T23:49:56.335+0000] {local_task_job_runner.py:266} INFO - Task exited with return code 0
[2026-02-23T23:49:56.366+0000] {taskinstance.py:3900} INFO - 1 downstream tasks scheduled from follow-on schedule check
[2026-02-23T23:49:56.367+0000] {local_task_job_runner.py:245} INFO - ::endgroup::
