[2026-02-26T02:19:27.593+0000] {local_task_job_runner.py:123} INFO - ::group::Pre task execution logs
[2026-02-26T02:19:27.600+0000] {taskinstance.py:2612} INFO - Dependencies all met for dep_context=non-requeueable deps ti=<TaskInstance: core_osm_table_generator.process_hospitals manual__2026-02-26T02:03:50.593363+00:00 [queued]>
[2026-02-26T02:19:27.604+0000] {taskinstance.py:2612} INFO - Dependencies all met for dep_context=requeueable deps ti=<TaskInstance: core_osm_table_generator.process_hospitals manual__2026-02-26T02:03:50.593363+00:00 [queued]>
[2026-02-26T02:19:27.604+0000] {taskinstance.py:2865} INFO - Starting attempt 2 of 7
[2026-02-26T02:19:27.609+0000] {taskinstance.py:2888} INFO - Executing <Task(PythonOperator): process_hospitals> on 2026-02-26 02:03:50.593363+00:00
[2026-02-26T02:19:27.612+0000] {warnings.py:112} WARNING - /home/***/.local/lib/python3.12/site-packages/***/task/task_runner/standard_task_runner.py:70: DeprecationWarning: This process (pid=219) is multi-threaded, use of fork() may lead to deadlocks in the child.
  pid = os.fork()

[2026-02-26T02:19:27.614+0000] {standard_task_runner.py:72} INFO - Started process 220 to run task
[2026-02-26T02:19:27.613+0000] {standard_task_runner.py:104} INFO - Running: ['***', 'tasks', 'run', 'core_osm_table_generator', 'process_hospitals', 'manual__2026-02-26T02:03:50.593363+00:00', '--job-id', '47', '--raw', '--subdir', 'DAGS_FOLDER/core_osm_table_generator_dag.py', '--cfg-path', '/tmp/tmpr6z8zraa']
[2026-02-26T02:19:27.615+0000] {standard_task_runner.py:105} INFO - Job 47: Subtask process_hospitals
[2026-02-26T02:19:27.639+0000] {task_command.py:467} INFO - Running <TaskInstance: core_osm_table_generator.process_hospitals manual__2026-02-26T02:03:50.593363+00:00 [running]> on host a0ea9a98cfa1
[2026-02-26T02:19:27.683+0000] {taskinstance.py:3131} INFO - Exporting env vars: AIRFLOW_CTX_DAG_OWNER='***' AIRFLOW_CTX_DAG_ID='core_osm_table_generator' AIRFLOW_CTX_TASK_ID='process_hospitals' AIRFLOW_CTX_EXECUTION_DATE='2026-02-26T02:03:50.593363+00:00' AIRFLOW_CTX_TRY_NUMBER='2' AIRFLOW_CTX_DAG_RUN_ID='manual__2026-02-26T02:03:50.593363+00:00'
[2026-02-26T02:19:27.684+0000] {taskinstance.py:731} INFO - ::endgroup::
[2026-02-26T02:19:27.763+0000] {base.py:84} INFO - Retrieving connection 'neon_test'
[2026-02-26T02:19:28.853+0000] {core_osm_table_generator_dag.py:307} INFO - Processing table: hospitals
[2026-02-26T02:19:28.853+0000] {core_osm_table_generator_dag.py:81} INFO - Sending Overpass Query: 
    [out:json][timeout:180];
    (
      node["amenity"~"hospital|clinic"](52.3, 13.0, 52.7, 13.7);
      way["amenity"~"hospital|clinic"](52.3, 13.0, 52.7, 13.7);
      relation["amenity"~"hospital|clinic"](52.3, 13.0, 52.7, 13.7);
    );
    out center;
    
[2026-02-26T02:20:11.775+0000] {core_osm_table_generator_dag.py:329} INFO -  Finished processing hospitals: Fetched 276, Inserted 276
[2026-02-26T02:20:41.831+0000] {python.py:240} INFO - Done. Returned value was: None
[2026-02-26T02:20:41.862+0000] {taskinstance.py:340} INFO - ::group::Post task execution logs
[2026-02-26T02:20:41.863+0000] {taskinstance.py:352} INFO - Marking task as SUCCESS. dag_id=core_osm_table_generator, task_id=process_hospitals, run_id=manual__2026-02-26T02:03:50.593363+00:00, execution_date=20260226T020350, start_date=20260226T021927, end_date=20260226T022041
[2026-02-26T02:20:41.931+0000] {local_task_job_runner.py:266} INFO - Task exited with return code 0
[2026-02-26T02:20:41.961+0000] {taskinstance.py:3900} INFO - 1 downstream tasks scheduled from follow-on schedule check
[2026-02-26T02:20:41.962+0000] {local_task_job_runner.py:245} INFO - ::endgroup::
