[2026-02-24T21:46:35.776+0000] {local_task_job_runner.py:123} INFO - ::group::Pre task execution logs
[2026-02-24T21:46:35.782+0000] {taskinstance.py:2612} INFO - Dependencies all met for dep_context=non-requeueable deps ti=<TaskInstance: core_osm_table_generator.process_hotels manual__2026-02-24T21:20:43.903264+00:00 [queued]>
[2026-02-24T21:46:35.786+0000] {taskinstance.py:2612} INFO - Dependencies all met for dep_context=requeueable deps ti=<TaskInstance: core_osm_table_generator.process_hotels manual__2026-02-24T21:20:43.903264+00:00 [queued]>
[2026-02-24T21:46:35.786+0000] {taskinstance.py:2865} INFO - Starting attempt 1 of 6
[2026-02-24T21:46:35.792+0000] {taskinstance.py:2888} INFO - Executing <Task(PythonOperator): process_hotels> on 2026-02-24 21:20:43.903264+00:00
[2026-02-24T21:46:35.794+0000] {warnings.py:112} WARNING - /home/***/.local/lib/python3.12/site-packages/***/task/task_runner/standard_task_runner.py:70: DeprecationWarning: This process (pid=641) is multi-threaded, use of fork() may lead to deadlocks in the child.
  pid = os.fork()

[2026-02-24T21:46:35.795+0000] {standard_task_runner.py:72} INFO - Started process 642 to run task
[2026-02-24T21:46:35.796+0000] {standard_task_runner.py:104} INFO - Running: ['***', 'tasks', 'run', 'core_osm_table_generator', 'process_hotels', 'manual__2026-02-24T21:20:43.903264+00:00', '--job-id', '201', '--raw', '--subdir', 'DAGS_FOLDER/core_osm_table_generator_dag.py', '--cfg-path', '/tmp/tmp8x3aq497']
[2026-02-24T21:46:35.797+0000] {standard_task_runner.py:105} INFO - Job 201: Subtask process_hotels
[2026-02-24T21:46:35.818+0000] {task_command.py:467} INFO - Running <TaskInstance: core_osm_table_generator.process_hotels manual__2026-02-24T21:20:43.903264+00:00 [running]> on host 2b004ae002f2
[2026-02-24T21:46:35.853+0000] {taskinstance.py:3131} INFO - Exporting env vars: AIRFLOW_CTX_DAG_OWNER='***' AIRFLOW_CTX_DAG_ID='core_osm_table_generator' AIRFLOW_CTX_TASK_ID='process_hotels' AIRFLOW_CTX_EXECUTION_DATE='2026-02-24T21:20:43.903264+00:00' AIRFLOW_CTX_TRY_NUMBER='1' AIRFLOW_CTX_DAG_RUN_ID='manual__2026-02-24T21:20:43.903264+00:00'
[2026-02-24T21:46:35.854+0000] {taskinstance.py:731} INFO - ::endgroup::
[2026-02-24T21:46:35.960+0000] {base.py:84} INFO - Retrieving connection 'neon_test'
[2026-02-24T21:46:37.076+0000] {core_osm_table_generator_dag.py:264} INFO - Processing table: hotels
[2026-02-24T21:46:40.288+0000] {core_osm_table_generator_dag.py:286} INFO -  Finished processing hotels: Fetched 0, Inserted 0
[2026-02-24T21:47:10.328+0000] {python.py:240} INFO - Done. Returned value was: None
[2026-02-24T21:47:10.352+0000] {taskinstance.py:340} INFO - ::group::Post task execution logs
[2026-02-24T21:47:10.358+0000] {taskinstance.py:352} INFO - Marking task as SUCCESS. dag_id=core_osm_table_generator, task_id=process_hotels, run_id=manual__2026-02-24T21:20:43.903264+00:00, execution_date=20260224T212043, start_date=20260224T214635, end_date=20260224T214710
[2026-02-24T21:47:10.417+0000] {local_task_job_runner.py:266} INFO - Task exited with return code 0
[2026-02-24T21:47:10.435+0000] {taskinstance.py:3900} INFO - 1 downstream tasks scheduled from follow-on schedule check
[2026-02-24T21:47:10.436+0000] {local_task_job_runner.py:245} INFO - ::endgroup::
