[2026-02-26T00:49:25.424+0000] {local_task_job_runner.py:123} INFO - ::group::Pre task execution logs
[2026-02-26T00:49:25.432+0000] {taskinstance.py:2612} INFO - Dependencies all met for dep_context=non-requeueable deps ti=<TaskInstance: core_osm_table_generator.setup_db manual__2026-02-26T00:49:23.054747+00:00 [queued]>
[2026-02-26T00:49:25.435+0000] {taskinstance.py:2612} INFO - Dependencies all met for dep_context=requeueable deps ti=<TaskInstance: core_osm_table_generator.setup_db manual__2026-02-26T00:49:23.054747+00:00 [queued]>
[2026-02-26T00:49:25.435+0000] {taskinstance.py:2865} INFO - Starting attempt 1 of 1
[2026-02-26T00:49:25.440+0000] {taskinstance.py:2888} INFO - Executing <Task(_PythonDecoratedOperator): setup_db> on 2026-02-26 00:49:23.054747+00:00
[2026-02-26T00:49:25.446+0000] {warnings.py:112} WARNING - /home/***/.local/lib/python3.12/site-packages/***/task/task_runner/standard_task_runner.py:70: DeprecationWarning: This process (pid=75) is multi-threaded, use of fork() may lead to deadlocks in the child.
  pid = os.fork()

[2026-02-26T00:49:25.448+0000] {standard_task_runner.py:72} INFO - Started process 77 to run task
[2026-02-26T00:49:25.449+0000] {standard_task_runner.py:104} INFO - Running: ['***', 'tasks', 'run', 'core_osm_table_generator', 'setup_db', 'manual__2026-02-26T00:49:23.054747+00:00', '--job-id', '5', '--raw', '--subdir', 'DAGS_FOLDER/core_osm_table_generator_dag.py', '--cfg-path', '/tmp/tmpt4qnkhnd']
[2026-02-26T00:49:25.450+0000] {standard_task_runner.py:105} INFO - Job 5: Subtask setup_db
[2026-02-26T00:49:25.504+0000] {task_command.py:467} INFO - Running <TaskInstance: core_osm_table_generator.setup_db manual__2026-02-26T00:49:23.054747+00:00 [running]> on host a0ea9a98cfa1
[2026-02-26T00:49:25.569+0000] {taskinstance.py:3131} INFO - Exporting env vars: AIRFLOW_CTX_DAG_OWNER='***' AIRFLOW_CTX_DAG_ID='core_osm_table_generator' AIRFLOW_CTX_TASK_ID='setup_db' AIRFLOW_CTX_EXECUTION_DATE='2026-02-26T00:49:23.054747+00:00' AIRFLOW_CTX_TRY_NUMBER='1' AIRFLOW_CTX_DAG_RUN_ID='manual__2026-02-26T00:49:23.054747+00:00'
[2026-02-26T00:49:25.571+0000] {taskinstance.py:731} INFO - ::endgroup::
[2026-02-26T00:49:25.582+0000] {base.py:84} INFO - Retrieving connection 'neon_test'
[2026-02-26T00:49:27.449+0000] {python.py:240} INFO - Done. Returned value was: ok
[2026-02-26T00:49:27.488+0000] {taskinstance.py:340} INFO - ::group::Post task execution logs
[2026-02-26T00:49:27.488+0000] {taskinstance.py:352} INFO - Marking task as SUCCESS. dag_id=core_osm_table_generator, task_id=setup_db, run_id=manual__2026-02-26T00:49:23.054747+00:00, execution_date=20260226T004923, start_date=20260226T004925, end_date=20260226T004927
[2026-02-26T00:49:27.544+0000] {local_task_job_runner.py:266} INFO - Task exited with return code 0
[2026-02-26T00:49:27.619+0000] {taskinstance.py:3900} INFO - 6 downstream tasks scheduled from follow-on schedule check
[2026-02-26T00:49:27.620+0000] {local_task_job_runner.py:245} INFO - ::endgroup::
