[2026-02-26T13:06:19.104+0000] {local_task_job_runner.py:123} INFO - ::group::Pre task execution logs
[2026-02-26T13:06:19.123+0000] {taskinstance.py:2612} INFO - Dependencies all met for dep_context=non-requeueable deps ti=<TaskInstance: core_osm_table_generator.process_bakeries manual__2026-02-26T12:26:48.907800+00:00 [queued]>
[2026-02-26T13:06:19.130+0000] {taskinstance.py:2612} INFO - Dependencies all met for dep_context=requeueable deps ti=<TaskInstance: core_osm_table_generator.process_bakeries manual__2026-02-26T12:26:48.907800+00:00 [queued]>
[2026-02-26T13:06:19.131+0000] {taskinstance.py:2865} INFO - Starting attempt 11 of 11
[2026-02-26T13:06:19.143+0000] {taskinstance.py:2888} INFO - Executing <Task(PythonOperator): process_bakeries> on 2026-02-26 12:26:48.907800+00:00
[2026-02-26T13:06:19.154+0000] {warnings.py:112} WARNING - /home/***/.local/lib/python3.12/site-packages/***/task/task_runner/standard_task_runner.py:70: DeprecationWarning: This process (pid=418) is multi-threaded, use of fork() may lead to deadlocks in the child.
  pid = os.fork()

[2026-02-26T13:06:19.159+0000] {standard_task_runner.py:72} INFO - Started process 420 to run task
[2026-02-26T13:06:19.159+0000] {standard_task_runner.py:104} INFO - Running: ['***', 'tasks', 'run', 'core_osm_table_generator', 'process_bakeries', 'manual__2026-02-26T12:26:48.907800+00:00', '--job-id', '98', '--raw', '--subdir', 'DAGS_FOLDER/core_osm_table_generator_dag.py', '--cfg-path', '/tmp/tmp_qmuwnhu']
[2026-02-26T13:06:19.166+0000] {standard_task_runner.py:105} INFO - Job 98: Subtask process_bakeries
[2026-02-26T13:06:19.216+0000] {task_command.py:467} INFO - Running <TaskInstance: core_osm_table_generator.process_bakeries manual__2026-02-26T12:26:48.907800+00:00 [running]> on host a0ea9a98cfa1
[2026-02-26T13:06:19.285+0000] {taskinstance.py:3131} INFO - Exporting env vars: AIRFLOW_CTX_DAG_OWNER='***' AIRFLOW_CTX_DAG_ID='core_osm_table_generator' AIRFLOW_CTX_TASK_ID='process_bakeries' AIRFLOW_CTX_EXECUTION_DATE='2026-02-26T12:26:48.907800+00:00' AIRFLOW_CTX_TRY_NUMBER='11' AIRFLOW_CTX_DAG_RUN_ID='manual__2026-02-26T12:26:48.907800+00:00'
[2026-02-26T13:06:19.287+0000] {taskinstance.py:731} INFO - ::endgroup::
[2026-02-26T13:06:19.417+0000] {base.py:84} INFO - Retrieving connection 'neon_test'
[2026-02-26T13:06:20.481+0000] {core_osm_table_generator_dag.py:361} INFO - Processing table: bakeries
[2026-02-26T13:06:20.483+0000] {core_osm_table_generator_dag.py:91} INFO - Sending Overpass Query: 
    [out:json][timeout:600];
    (
      node["shop"~"bakery|pastry"](52.3, 13.0, 52.7, 13.7);
      way["shop"~"bakery|pastry"](52.3, 13.0, 52.7, 13.7);
      relation["shop"~"bakery|pastry"](52.3, 13.0, 52.7, 13.7);
    );
    out center;
    
[2026-02-26T13:06:28.306+0000] {core_osm_table_generator_dag.py:167} INFO - DEBUG: Joined columns are: ['type', 'id', 'lat', 'lon', 'tags', 'center', 'nodes', 'lat_val', 'lon_val', 'geometry', 'index_right', 'gml_id', 'spatial_name', 'spatial_alias', 'spatial_type', 'OTEIL', 'BEZIRK', 'FLAECHE_HA']
[2026-02-26T13:09:09.664+0000] {core_osm_table_generator_dag.py:383} INFO -  Finished processing bakeries: Fetched 1590, Inserted 1301
