[2026-02-20T20:54:50.341+0000] {local_task_job_runner.py:123} INFO - ::group::Pre task execution logs
[2026-02-20T20:54:50.356+0000] {taskinstance.py:2612} INFO - Dependencies all met for dep_context=non-requeueable deps ti=<TaskInstance: core_osm_table_generator.process_kindergartens manual__2026-02-20T15:03:06.128334+00:00 [queued]>
[2026-02-20T20:54:50.362+0000] {taskinstance.py:2612} INFO - Dependencies all met for dep_context=requeueable deps ti=<TaskInstance: core_osm_table_generator.process_kindergartens manual__2026-02-20T15:03:06.128334+00:00 [queued]>
[2026-02-20T20:54:50.363+0000] {taskinstance.py:2865} INFO - Starting attempt 11 of 14
[2026-02-20T20:54:50.372+0000] {taskinstance.py:2888} INFO - Executing <Task(PythonOperator): process_kindergartens> on 2026-02-20 15:03:06.128334+00:00
[2026-02-20T20:54:50.378+0000] {warnings.py:112} WARNING - /home/***/.local/lib/python3.12/site-packages/***/task/task_runner/standard_task_runner.py:70: DeprecationWarning: This process (pid=229) is multi-threaded, use of fork() may lead to deadlocks in the child.
  pid = os.fork()

[2026-02-20T20:54:50.379+0000] {standard_task_runner.py:72} INFO - Started process 236 to run task
[2026-02-20T20:54:50.379+0000] {standard_task_runner.py:104} INFO - Running: ['***', 'tasks', 'run', 'core_osm_table_generator', 'process_kindergartens', 'manual__2026-02-20T15:03:06.128334+00:00', '--job-id', '65', '--raw', '--subdir', 'DAGS_FOLDER/core_osm_table_generator_dag.py', '--cfg-path', '/tmp/tmp02l9pgzs']
[2026-02-20T20:54:50.381+0000] {standard_task_runner.py:105} INFO - Job 65: Subtask process_kindergartens
[2026-02-20T20:54:50.430+0000] {task_command.py:467} INFO - Running <TaskInstance: core_osm_table_generator.process_kindergartens manual__2026-02-20T15:03:06.128334+00:00 [running]> on host 2b004ae002f2
[2026-02-20T20:54:51.589+0000] {taskinstance.py:3131} INFO - Exporting env vars: AIRFLOW_CTX_DAG_OWNER='***' AIRFLOW_CTX_DAG_ID='core_osm_table_generator' AIRFLOW_CTX_TASK_ID='process_kindergartens' AIRFLOW_CTX_EXECUTION_DATE='2026-02-20T15:03:06.128334+00:00' AIRFLOW_CTX_TRY_NUMBER='11' AIRFLOW_CTX_DAG_RUN_ID='manual__2026-02-20T15:03:06.128334+00:00'
[2026-02-20T20:54:51.592+0000] {taskinstance.py:731} INFO - ::endgroup::
[2026-02-20T20:54:51.899+0000] {base.py:84} INFO - Retrieving connection 'neon_test'
[2026-02-20T20:54:53.042+0000] {core_osm_table_generator_dag.py:262} INFO - Processing table: kindergartens
[2026-02-20T20:55:07.853+0000] {core_osm_table_generator_dag.py:280} INFO -  Finished processing kindergartens: Fetched 2, Inserted 96
[2026-02-20T20:55:07.879+0000] {python.py:240} INFO - Done. Returned value was: None
[2026-02-20T20:55:07.895+0000] {taskinstance.py:340} INFO - ::group::Post task execution logs
[2026-02-20T20:55:07.896+0000] {taskinstance.py:352} INFO - Marking task as SUCCESS. dag_id=core_osm_table_generator, task_id=process_kindergartens, run_id=manual__2026-02-20T15:03:06.128334+00:00, execution_date=20260220T150306, start_date=20260220T205450, end_date=20260220T205507
[2026-02-20T20:55:07.960+0000] {local_task_job_runner.py:266} INFO - Task exited with return code 0
[2026-02-20T20:55:07.975+0000] {taskinstance.py:3900} INFO - 0 downstream tasks scheduled from follow-on schedule check
[2026-02-20T20:55:07.976+0000] {local_task_job_runner.py:245} INFO - ::endgroup::
