[2026-02-24T22:16:34.306+0000] {local_task_job_runner.py:123} INFO - ::group::Pre task execution logs
[2026-02-24T22:16:34.321+0000] {taskinstance.py:2612} INFO - Dependencies all met for dep_context=non-requeueable deps ti=<TaskInstance: core_osm_table_generator.process_kindergartens manual__2026-02-24T21:21:34.099321+00:00 [queued]>
[2026-02-24T22:16:34.327+0000] {taskinstance.py:2612} INFO - Dependencies all met for dep_context=requeueable deps ti=<TaskInstance: core_osm_table_generator.process_kindergartens manual__2026-02-24T21:21:34.099321+00:00 [queued]>
[2026-02-24T22:16:34.327+0000] {taskinstance.py:2865} INFO - Starting attempt 4 of 9
[2026-02-24T22:16:34.333+0000] {taskinstance.py:2888} INFO - Executing <Task(PythonOperator): process_kindergartens> on 2026-02-24 21:21:34.099321+00:00
[2026-02-24T22:16:34.337+0000] {warnings.py:112} WARNING - /home/***/.local/lib/python3.12/site-packages/***/task/task_runner/standard_task_runner.py:70: DeprecationWarning: This process (pid=671) is multi-threaded, use of fork() may lead to deadlocks in the child.
  pid = os.fork()

[2026-02-24T22:16:34.340+0000] {standard_task_runner.py:72} INFO - Started process 672 to run task
[2026-02-24T22:16:34.339+0000] {standard_task_runner.py:104} INFO - Running: ['***', 'tasks', 'run', 'core_osm_table_generator', 'process_kindergartens', 'manual__2026-02-24T21:21:34.099321+00:00', '--job-id', '211', '--raw', '--subdir', 'DAGS_FOLDER/core_osm_table_generator_dag.py', '--cfg-path', '/tmp/tmp_6yyom7j']
[2026-02-24T22:16:34.341+0000] {standard_task_runner.py:105} INFO - Job 211: Subtask process_kindergartens
[2026-02-24T22:16:34.372+0000] {task_command.py:467} INFO - Running <TaskInstance: core_osm_table_generator.process_kindergartens manual__2026-02-24T21:21:34.099321+00:00 [running]> on host 2b004ae002f2
[2026-02-24T22:16:34.417+0000] {taskinstance.py:3131} INFO - Exporting env vars: AIRFLOW_CTX_DAG_OWNER='***' AIRFLOW_CTX_DAG_ID='core_osm_table_generator' AIRFLOW_CTX_TASK_ID='process_kindergartens' AIRFLOW_CTX_EXECUTION_DATE='2026-02-24T21:21:34.099321+00:00' AIRFLOW_CTX_TRY_NUMBER='4' AIRFLOW_CTX_DAG_RUN_ID='manual__2026-02-24T21:21:34.099321+00:00'
[2026-02-24T22:16:34.418+0000] {taskinstance.py:731} INFO - ::endgroup::
[2026-02-24T22:16:34.517+0000] {base.py:84} INFO - Retrieving connection 'neon_test'
[2026-02-24T22:16:35.618+0000] {core_osm_table_generator_dag.py:273} INFO - Processing table: kindergartens
[2026-02-24T22:16:35.620+0000] {core_osm_table_generator_dag.py:81} INFO - Sending Overpass Query: 
    [out:json][timeout:180];
    (
      node["amenity"~"kindergarten"](52.3, 13.0, 52.7, 13.7);
      way["amenity"~"kindergarten"](52.3, 13.0, 52.7, 13.7);
      relation["amenity"~"kindergarten"](52.3, 13.0, 52.7, 13.7);
    );
    out center;
    
[2026-02-24T22:22:29.826+0000] {core_osm_table_generator_dag.py:295} INFO -  Finished processing kindergartens: Fetched 2715, Inserted 2715
[2026-02-24T22:22:59.925+0000] {python.py:240} INFO - Done. Returned value was: None
[2026-02-24T22:22:59.948+0000] {taskinstance.py:340} INFO - ::group::Post task execution logs
[2026-02-24T22:22:59.949+0000] {taskinstance.py:352} INFO - Marking task as SUCCESS. dag_id=core_osm_table_generator, task_id=process_kindergartens, run_id=manual__2026-02-24T21:21:34.099321+00:00, execution_date=20260224T212134, start_date=20260224T221634, end_date=20260224T222259
[2026-02-24T22:23:00.000+0000] {local_task_job_runner.py:266} INFO - Task exited with return code 0
[2026-02-24T22:23:00.036+0000] {taskinstance.py:3900} INFO - 1 downstream tasks scheduled from follow-on schedule check
[2026-02-24T22:23:00.036+0000] {local_task_job_runner.py:245} INFO - ::endgroup::
