[2026-02-23T23:48:14.227+0000] {local_task_job_runner.py:123} INFO - ::group::Pre task execution logs
[2026-02-23T23:48:14.237+0000] {taskinstance.py:2612} INFO - Dependencies all met for dep_context=non-requeueable deps ti=<TaskInstance: core_osm_table_generator.process_bakeries manual__2026-02-22T21:42:39.194172+00:00 [queued]>
[2026-02-23T23:48:14.241+0000] {taskinstance.py:2612} INFO - Dependencies all met for dep_context=requeueable deps ti=<TaskInstance: core_osm_table_generator.process_bakeries manual__2026-02-22T21:42:39.194172+00:00 [queued]>
[2026-02-23T23:48:14.241+0000] {taskinstance.py:2865} INFO - Starting attempt 3 of 6
[2026-02-23T23:48:14.247+0000] {taskinstance.py:2888} INFO - Executing <Task(PythonOperator): process_bakeries> on 2026-02-22 21:42:39.194172+00:00
[2026-02-23T23:48:14.249+0000] {warnings.py:112} WARNING - /home/***/.local/lib/python3.12/site-packages/***/task/task_runner/standard_task_runner.py:70: DeprecationWarning: This process (pid=412) is multi-threaded, use of fork() may lead to deadlocks in the child.
  pid = os.fork()

[2026-02-23T23:48:14.250+0000] {standard_task_runner.py:72} INFO - Started process 413 to run task
[2026-02-23T23:48:14.251+0000] {standard_task_runner.py:104} INFO - Running: ['***', 'tasks', 'run', 'core_osm_table_generator', 'process_bakeries', 'manual__2026-02-22T21:42:39.194172+00:00', '--job-id', '124', '--raw', '--subdir', 'DAGS_FOLDER/core_osm_table_generator_dag.py', '--cfg-path', '/tmp/tmpuchh0931']
[2026-02-23T23:48:14.252+0000] {standard_task_runner.py:105} INFO - Job 124: Subtask process_bakeries
[2026-02-23T23:48:14.275+0000] {task_command.py:467} INFO - Running <TaskInstance: core_osm_table_generator.process_bakeries manual__2026-02-22T21:42:39.194172+00:00 [running]> on host 2b004ae002f2
[2026-02-23T23:48:14.315+0000] {taskinstance.py:3131} INFO - Exporting env vars: AIRFLOW_CTX_DAG_OWNER='***' AIRFLOW_CTX_DAG_ID='core_osm_table_generator' AIRFLOW_CTX_TASK_ID='process_bakeries' AIRFLOW_CTX_EXECUTION_DATE='2026-02-22T21:42:39.194172+00:00' AIRFLOW_CTX_TRY_NUMBER='3' AIRFLOW_CTX_DAG_RUN_ID='manual__2026-02-22T21:42:39.194172+00:00'
[2026-02-23T23:48:14.315+0000] {taskinstance.py:731} INFO - ::endgroup::
[2026-02-23T23:48:14.403+0000] {base.py:84} INFO - Retrieving connection 'neon_test'
[2026-02-23T23:48:15.498+0000] {core_osm_table_generator_dag.py:253} INFO - Processing table: bakeries
[2026-02-23T23:48:18.038+0000] {core_osm_table_generator_dag.py:275} INFO -  Finished processing bakeries: Fetched 1, Inserted 1
[2026-02-23T23:48:48.088+0000] {python.py:240} INFO - Done. Returned value was: None
[2026-02-23T23:48:48.124+0000] {taskinstance.py:340} INFO - ::group::Post task execution logs
[2026-02-23T23:48:48.124+0000] {taskinstance.py:352} INFO - Marking task as SUCCESS. dag_id=core_osm_table_generator, task_id=process_bakeries, run_id=manual__2026-02-22T21:42:39.194172+00:00, execution_date=20260222T214239, start_date=20260223T234814, end_date=20260223T234848
[2026-02-23T23:48:48.179+0000] {local_task_job_runner.py:266} INFO - Task exited with return code 0
[2026-02-23T23:48:48.221+0000] {taskinstance.py:3900} INFO - 1 downstream tasks scheduled from follow-on schedule check
[2026-02-23T23:48:48.222+0000] {local_task_job_runner.py:245} INFO - ::endgroup::
