[2026-02-26T00:10:34.779+0000] {local_task_job_runner.py:123} INFO - ::group::Pre task execution logs
[2026-02-26T00:10:34.786+0000] {taskinstance.py:2612} INFO - Dependencies all met for dep_context=non-requeueable deps ti=<TaskInstance: osm_table_generator.process_bakeries manual__2026-02-26T00:05:30.094619+00:00 [queued]>
[2026-02-26T00:10:34.789+0000] {taskinstance.py:2612} INFO - Dependencies all met for dep_context=requeueable deps ti=<TaskInstance: osm_table_generator.process_bakeries manual__2026-02-26T00:05:30.094619+00:00 [queued]>
[2026-02-26T00:10:34.789+0000] {taskinstance.py:2865} INFO - Starting attempt 2 of 4
[2026-02-26T00:10:34.794+0000] {taskinstance.py:2888} INFO - Executing <Task(PythonOperator): process_bakeries> on 2026-02-26 00:05:30.094619+00:00
[2026-02-26T00:10:34.800+0000] {standard_task_runner.py:104} INFO - Running: ['***', 'tasks', 'run', 'osm_table_generator', 'process_bakeries', 'manual__2026-02-26T00:05:30.094619+00:00', '--job-id', '4', '--raw', '--subdir', 'DAGS_FOLDER/osm_table_generator_dag.py', '--cfg-path', '/tmp/tmpxwsmpk3e']
[2026-02-26T00:10:34.801+0000] {standard_task_runner.py:105} INFO - Job 4: Subtask process_bakeries
[2026-02-26T00:10:34.800+0000] {warnings.py:112} WARNING - /home/***/.local/lib/python3.12/site-packages/***/task/task_runner/standard_task_runner.py:70: DeprecationWarning: This process (pid=71) is multi-threaded, use of fork() may lead to deadlocks in the child.
  pid = os.fork()

[2026-02-26T00:10:34.802+0000] {standard_task_runner.py:72} INFO - Started process 73 to run task
[2026-02-26T00:10:34.825+0000] {task_command.py:467} INFO - Running <TaskInstance: osm_table_generator.process_bakeries manual__2026-02-26T00:05:30.094619+00:00 [running]> on host a0ea9a98cfa1
[2026-02-26T00:10:34.861+0000] {taskinstance.py:3131} INFO - Exporting env vars: AIRFLOW_CTX_DAG_OWNER='***' AIRFLOW_CTX_DAG_ID='osm_table_generator' AIRFLOW_CTX_TASK_ID='process_bakeries' AIRFLOW_CTX_EXECUTION_DATE='2026-02-26T00:05:30.094619+00:00' AIRFLOW_CTX_TRY_NUMBER='2' AIRFLOW_CTX_DAG_RUN_ID='manual__2026-02-26T00:05:30.094619+00:00'
[2026-02-26T00:10:34.862+0000] {taskinstance.py:731} INFO - ::endgroup::
[2026-02-26T00:10:34.978+0000] {base.py:84} INFO - Retrieving connection 'neon_test'
[2026-02-26T00:10:36.550+0000] {osm_table_generator_dag.py:334} INFO - Processing table: bakeries
[2026-02-26T00:10:36.551+0000] {osm_table_generator_dag.py:97} INFO - OSMnx fetching bakeries with filter: {'shop': ['bakery', 'pastry']}
[2026-02-26T00:10:36.728+0000] {warnings.py:112} WARNING - /home/***/.local/lib/python3.12/site-packages/osmnx/_overpass.py:271: UserWarning: This area is 6,190 times your configured Overpass max query area size. It will automatically be divided up into multiple sub-queries accordingly. This may take a long time.
  multi_poly_proj = utils_geo._consolidate_subdivide_geometry(poly_proj)

[2026-02-26T00:40:34.899+0000] {timeout.py:68} ERROR - Process timed out, PID: 73
[2026-02-26T00:40:35.023+0000] {taskinstance.py:3310} ERROR - Task failed with exception
Traceback (most recent call last):
  File "/home/airflow/.local/lib/python3.12/site-packages/airflow/models/taskinstance.py", line 762, in _execute_task
    result = _execute_callable(context=context, **execute_callable_kwargs)
             ^^^^^^^^^^^^^^^^^^^^^^^^^^^^^^^^^^^^^^^^^^^^^^^^^^^^^^^^^^^^^
  File "/home/airflow/.local/lib/python3.12/site-packages/airflow/models/taskinstance.py", line 733, in _execute_callable
    return ExecutionCallableRunner(
           ^^^^^^^^^^^^^^^^^^^^^^^^
  File "/home/airflow/.local/lib/python3.12/site-packages/airflow/utils/operator_helpers.py", line 252, in run
    return self.func(*args, **kwargs)
           ^^^^^^^^^^^^^^^^^^^^^^^^^^
  File "/home/airflow/.local/lib/python3.12/site-packages/airflow/models/baseoperator.py", line 406, in wrapper
    return func(self, *args, **kwargs)
           ^^^^^^^^^^^^^^^^^^^^^^^^^^^
  File "/home/airflow/.local/lib/python3.12/site-packages/airflow/operators/python.py", line 238, in execute
    return_value = self.execute_callable()
                   ^^^^^^^^^^^^^^^^^^^^^^^
  File "/home/airflow/.local/lib/python3.12/site-packages/airflow/operators/python.py", line 256, in execute_callable
    return runner.run(*self.op_args, **self.op_kwargs)
           ^^^^^^^^^^^^^^^^^^^^^^^^^^^^^^^^^^^^^^^^^^^
  File "/home/airflow/.local/lib/python3.12/site-packages/airflow/utils/operator_helpers.py", line 252, in run
    return self.func(*args, **kwargs)
           ^^^^^^^^^^^^^^^^^^^^^^^^^^
  File "/opt/airflow/dags/osm_table_generator_dag.py", line 340, in process_single_table
  File "/opt/airflow/dags/osm_table_generator_dag.py", line 104, in fetch_osm_data_osmnx
  File "/home/airflow/.local/lib/python3.12/site-packages/osmnx/features.py", line 130, in features_from_bbox
    return features_from_polygon(polygon, tags)
           ^^^^^^^^^^^^^^^^^^^^^^^^^^^^^^^^^^^^
  File "/home/airflow/.local/lib/python3.12/site-packages/osmnx/features.py", line 332, in features_from_polygon
    return _create_gdf(response_jsons, polygon, tags)
           ^^^^^^^^^^^^^^^^^^^^^^^^^^^^^^^^^^^^^^^^^^
  File "/home/airflow/.local/lib/python3.12/site-packages/osmnx/features.py", line 406, in _create_gdf
    for response_json in response_jsons:
                         ^^^^^^^^^^^^^^
  File "/home/airflow/.local/lib/python3.12/site-packages/osmnx/_overpass.py", line 432, in _download_overpass_features
    yield _overpass_request(OrderedDict(data=query_str))
          ^^^^^^^^^^^^^^^^^^^^^^^^^^^^^^^^^^^^^^^^^^^^^^
  File "/home/airflow/.local/lib/python3.12/site-packages/osmnx/_overpass.py", line 464, in _overpass_request
    time.sleep(pause)
  File "/home/airflow/.local/lib/python3.12/site-packages/airflow/utils/timeout.py", line 69, in handle_timeout
    raise AirflowTaskTimeout(self.error_message)
airflow.exceptions.AirflowTaskTimeout: Timeout, PID: 73
[2026-02-26T00:40:35.056+0000] {taskinstance.py:1225} INFO - Marking task as UP_FOR_RETRY. dag_id=osm_table_generator, task_id=process_bakeries, run_id=manual__2026-02-26T00:05:30.094619+00:00, execution_date=20260226T000530, start_date=20260226T001034, end_date=20260226T004035
[2026-02-26T00:40:35.089+0000] {taskinstance.py:340} INFO - ::group::Post task execution logs
[2026-02-26T00:40:35.182+0000] {local_task_job_runner.py:266} INFO - Task exited with return code 2
[2026-02-26T00:40:35.262+0000] {taskinstance.py:3900} INFO - 0 downstream tasks scheduled from follow-on schedule check
[2026-02-26T00:40:35.265+0000] {local_task_job_runner.py:245} INFO - ::endgroup::
