[2026-02-26T01:01:32.500+0000] {local_task_job_runner.py:123} INFO - ::group::Pre task execution logs
[2026-02-26T01:01:32.507+0000] {taskinstance.py:2612} INFO - Dependencies all met for dep_context=non-requeueable deps ti=<TaskInstance: core_osm_table_generator.process_table manual__2026-02-26T01:01:26.584159+00:00 map_index=0 [queued]>
[2026-02-26T01:01:32.510+0000] {taskinstance.py:2612} INFO - Dependencies all met for dep_context=requeueable deps ti=<TaskInstance: core_osm_table_generator.process_table manual__2026-02-26T01:01:26.584159+00:00 map_index=0 [queued]>
[2026-02-26T01:01:32.511+0000] {taskinstance.py:2865} INFO - Starting attempt 1 of 1
[2026-02-26T01:01:32.515+0000] {taskinstance.py:2888} INFO - Executing <Mapped(_PythonDecoratedOperator): process_table> on 2026-02-26 01:01:26.584159+00:00
[2026-02-26T01:01:32.519+0000] {warnings.py:112} WARNING - /home/***/.local/lib/python3.12/site-packages/***/task/task_runner/standard_task_runner.py:70: DeprecationWarning: This process (pid=135) is multi-threaded, use of fork() may lead to deadlocks in the child.
  pid = os.fork()

[2026-02-26T01:01:32.520+0000] {standard_task_runner.py:72} INFO - Started process 137 to run task
[2026-02-26T01:01:32.521+0000] {standard_task_runner.py:104} INFO - Running: ['***', 'tasks', 'run', 'core_osm_table_generator', 'process_table', 'manual__2026-02-26T01:01:26.584159+00:00', '--job-id', '20', '--raw', '--subdir', 'DAGS_FOLDER/core_osm_table_generator_dag.py', '--cfg-path', '/tmp/tmpfw0h21xv', '--map-index', '0']
[2026-02-26T01:01:32.521+0000] {standard_task_runner.py:105} INFO - Job 20: Subtask process_table
[2026-02-26T01:01:32.546+0000] {task_command.py:467} INFO - Running <TaskInstance: core_osm_table_generator.process_table manual__2026-02-26T01:01:26.584159+00:00 map_index=0 [running]> on host a0ea9a98cfa1
[2026-02-26T01:01:32.587+0000] {taskinstance.py:3131} INFO - Exporting env vars: AIRFLOW_CTX_DAG_OWNER='***' AIRFLOW_CTX_DAG_ID='core_osm_table_generator' AIRFLOW_CTX_TASK_ID='process_table' AIRFLOW_CTX_EXECUTION_DATE='2026-02-26T01:01:26.584159+00:00' AIRFLOW_CTX_TRY_NUMBER='1' AIRFLOW_CTX_DAG_RUN_ID='manual__2026-02-26T01:01:26.584159+00:00'
[2026-02-26T01:01:32.587+0000] {taskinstance.py:731} INFO - ::endgroup::
[2026-02-26T01:01:32.593+0000] {base.py:84} INFO - Retrieving connection 'neon_test'
[2026-02-26T01:01:33.324+0000] {core_osm_table_generator_dag.py:519} INFO - START: bakeries run_ts=2026-02-26 01:01:26.584159+00:00
[2026-02-26T01:01:33.691+0000] {core_osm_table_generator_dag.py:685} ERROR - FAILED: bakeries
Traceback (most recent call last):
  File "/opt/airflow/dags/core_osm_table_generator_dag.py", line 525, in process_one_table
    {build_columns_sql(unique_columns)}
     ^^^^^^^^^^^^^^^^^^^^^^^^^^^^^^^^^
  File "/opt/airflow/dags/core_osm_table_generator_dag.py", line 66, in build_columns_sql
    core_names = set(CORE_AND_COMMON)
                     ^^^^^^^^^^^^^^^
NameError: name 'CORE_AND_COMMON' is not defined
[2026-02-26T01:01:33.695+0000] {core_osm_table_generator_dag.py:687} INFO - END: bakeries status=failed fetched=0 inserted=0 elapsed_s=0.37
[2026-02-26T01:01:33.695+0000] {python.py:240} INFO - Done. Returned value was: {'table_name': 'bakeries', 'tag_key': 'shop', 'tag_value': '{"shop": "bakery"}', 'records_fetched': 0, 'records_inserted': 0, 'status': 'failed', 'error': "name 'CORE_AND_COMMON' is not defined"}
[2026-02-26T01:01:33.726+0000] {taskinstance.py:340} INFO - ::group::Post task execution logs
[2026-02-26T01:01:33.726+0000] {taskinstance.py:352} INFO - Marking task as SUCCESS. dag_id=core_osm_table_generator, task_id=process_table, run_id=manual__2026-02-26T01:01:26.584159+00:00, map_index=0, execution_date=20260226T010126, start_date=20260226T010132, end_date=20260226T010133
[2026-02-26T01:01:33.772+0000] {local_task_job_runner.py:266} INFO - Task exited with return code 0
[2026-02-26T01:01:33.782+0000] {taskinstance.py:3900} INFO - 0 downstream tasks scheduled from follow-on schedule check
[2026-02-26T01:01:33.783+0000] {local_task_job_runner.py:245} INFO - ::endgroup::
