[2026-02-20T20:32:48.134+0000] {local_task_job_runner.py:123} INFO - ::group::Pre task execution logs
[2026-02-20T20:32:48.142+0000] {taskinstance.py:2612} INFO - Dependencies all met for dep_context=non-requeueable deps ti=<TaskInstance: core_osm_table_generator.process_bakeries manual__2026-02-20T15:03:06.128334+00:00 [queued]>
[2026-02-20T20:32:48.145+0000] {taskinstance.py:2612} INFO - Dependencies all met for dep_context=requeueable deps ti=<TaskInstance: core_osm_table_generator.process_bakeries manual__2026-02-20T15:03:06.128334+00:00 [queued]>
[2026-02-20T20:32:48.146+0000] {taskinstance.py:2865} INFO - Starting attempt 7 of 9
[2026-02-20T20:32:48.152+0000] {taskinstance.py:2888} INFO - Executing <Task(PythonOperator): process_bakeries> on 2026-02-20 15:03:06.128334+00:00
[2026-02-20T20:32:48.156+0000] {standard_task_runner.py:104} INFO - Running: ['***', 'tasks', 'run', 'core_osm_table_generator', 'process_bakeries', 'manual__2026-02-20T15:03:06.128334+00:00', '--job-id', '42', '--raw', '--subdir', 'DAGS_FOLDER/core_osm_table_generator_dag.py', '--cfg-path', '/tmp/tmp22llndat']
[2026-02-20T20:32:48.158+0000] {standard_task_runner.py:105} INFO - Job 42: Subtask process_bakeries
[2026-02-20T20:32:48.155+0000] {warnings.py:112} WARNING - /home/***/.local/lib/python3.12/site-packages/***/task/task_runner/standard_task_runner.py:70: DeprecationWarning: This process (pid=162) is multi-threaded, use of fork() may lead to deadlocks in the child.
  pid = os.fork()

[2026-02-20T20:32:48.158+0000] {standard_task_runner.py:72} INFO - Started process 165 to run task
[2026-02-20T20:32:48.180+0000] {task_command.py:467} INFO - Running <TaskInstance: core_osm_table_generator.process_bakeries manual__2026-02-20T15:03:06.128334+00:00 [running]> on host 2b004ae002f2
[2026-02-20T20:32:49.032+0000] {taskinstance.py:3131} INFO - Exporting env vars: AIRFLOW_CTX_DAG_OWNER='***' AIRFLOW_CTX_DAG_ID='core_osm_table_generator' AIRFLOW_CTX_TASK_ID='process_bakeries' AIRFLOW_CTX_EXECUTION_DATE='2026-02-20T15:03:06.128334+00:00' AIRFLOW_CTX_TRY_NUMBER='7' AIRFLOW_CTX_DAG_RUN_ID='manual__2026-02-20T15:03:06.128334+00:00'
[2026-02-20T20:32:49.033+0000] {taskinstance.py:731} INFO - ::endgroup::
[2026-02-20T20:32:49.304+0000] {base.py:84} INFO - Retrieving connection 'neon_test'
[2026-02-20T20:32:50.436+0000] {core_osm_table_generator_dag.py:237} INFO - Processing table: bakeries
[2026-02-20T20:32:53.389+0000] {core_osm_table_generator_dag.py:255} INFO -  Finished processing bakeries: Fetched 0, Inserted 0
[2026-02-20T20:32:53.415+0000] {python.py:240} INFO - Done. Returned value was: None
[2026-02-20T20:32:53.449+0000] {taskinstance.py:340} INFO - ::group::Post task execution logs
[2026-02-20T20:32:53.450+0000] {taskinstance.py:352} INFO - Marking task as SUCCESS. dag_id=core_osm_table_generator, task_id=process_bakeries, run_id=manual__2026-02-20T15:03:06.128334+00:00, execution_date=20260220T150306, start_date=20260220T203248, end_date=20260220T203253
[2026-02-20T20:32:53.500+0000] {local_task_job_runner.py:266} INFO - Task exited with return code 0
[2026-02-20T20:32:53.510+0000] {taskinstance.py:3900} INFO - 0 downstream tasks scheduled from follow-on schedule check
[2026-02-20T20:32:53.511+0000] {local_task_job_runner.py:245} INFO - ::endgroup::
