[2026-02-24T22:23:58.259+0000] {local_task_job_runner.py:123} INFO - ::group::Pre task execution logs
[2026-02-24T22:23:58.265+0000] {taskinstance.py:2612} INFO - Dependencies all met for dep_context=non-requeueable deps ti=<TaskInstance: core_osm_table_generator.process_museums manual__2026-02-24T21:21:34.099321+00:00 [queued]>
[2026-02-24T22:23:58.268+0000] {taskinstance.py:2612} INFO - Dependencies all met for dep_context=requeueable deps ti=<TaskInstance: core_osm_table_generator.process_museums manual__2026-02-24T21:21:34.099321+00:00 [queued]>
[2026-02-24T22:23:58.268+0000] {taskinstance.py:2865} INFO - Starting attempt 1 of 6
[2026-02-24T22:23:58.274+0000] {taskinstance.py:2888} INFO - Executing <Task(PythonOperator): process_museums> on 2026-02-24 21:21:34.099321+00:00
[2026-02-24T22:23:58.276+0000] {warnings.py:112} WARNING - /home/***/.local/lib/python3.12/site-packages/***/task/task_runner/standard_task_runner.py:70: DeprecationWarning: This process (pid=677) is multi-threaded, use of fork() may lead to deadlocks in the child.
  pid = os.fork()

[2026-02-24T22:23:58.278+0000] {standard_task_runner.py:104} INFO - Running: ['***', 'tasks', 'run', 'core_osm_table_generator', 'process_museums', 'manual__2026-02-24T21:21:34.099321+00:00', '--job-id', '213', '--raw', '--subdir', 'DAGS_FOLDER/core_osm_table_generator_dag.py', '--cfg-path', '/tmp/tmprrk5l2lj']
[2026-02-24T22:23:58.279+0000] {standard_task_runner.py:105} INFO - Job 213: Subtask process_museums
[2026-02-24T22:23:58.279+0000] {standard_task_runner.py:72} INFO - Started process 678 to run task
[2026-02-24T22:23:58.310+0000] {task_command.py:467} INFO - Running <TaskInstance: core_osm_table_generator.process_museums manual__2026-02-24T21:21:34.099321+00:00 [running]> on host 2b004ae002f2
[2026-02-24T22:23:58.342+0000] {taskinstance.py:3131} INFO - Exporting env vars: AIRFLOW_CTX_DAG_OWNER='***' AIRFLOW_CTX_DAG_ID='core_osm_table_generator' AIRFLOW_CTX_TASK_ID='process_museums' AIRFLOW_CTX_EXECUTION_DATE='2026-02-24T21:21:34.099321+00:00' AIRFLOW_CTX_TRY_NUMBER='1' AIRFLOW_CTX_DAG_RUN_ID='manual__2026-02-24T21:21:34.099321+00:00'
[2026-02-24T22:23:58.343+0000] {taskinstance.py:731} INFO - ::endgroup::
[2026-02-24T22:23:58.434+0000] {base.py:84} INFO - Retrieving connection 'neon_test'
[2026-02-24T22:23:59.644+0000] {core_osm_table_generator_dag.py:273} INFO - Processing table: museums
[2026-02-24T22:23:59.646+0000] {core_osm_table_generator_dag.py:81} INFO - Sending Overpass Query: 
    [out:json][timeout:180];
    (
      node["tourism"~"museum"](52.3, 13.0, 52.7, 13.7);
      way["tourism"~"museum"](52.3, 13.0, 52.7, 13.7);
      relation["tourism"~"museum"](52.3, 13.0, 52.7, 13.7);
    );
    out center;
    
[2026-02-24T22:24:44.555+0000] {core_osm_table_generator_dag.py:295} INFO -  Finished processing museums: Fetched 298, Inserted 298
[2026-02-24T22:25:14.616+0000] {python.py:240} INFO - Done. Returned value was: None
[2026-02-24T22:25:14.662+0000] {taskinstance.py:340} INFO - ::group::Post task execution logs
[2026-02-24T22:25:14.663+0000] {taskinstance.py:352} INFO - Marking task as SUCCESS. dag_id=core_osm_table_generator, task_id=process_museums, run_id=manual__2026-02-24T21:21:34.099321+00:00, execution_date=20260224T212134, start_date=20260224T222358, end_date=20260224T222514
[2026-02-24T22:25:14.699+0000] {local_task_job_runner.py:266} INFO - Task exited with return code 0
[2026-02-24T22:25:14.713+0000] {taskinstance.py:3900} INFO - 0 downstream tasks scheduled from follow-on schedule check
[2026-02-24T22:25:14.713+0000] {local_task_job_runner.py:245} INFO - ::endgroup::
