[2026-02-26T00:49:34.353+0000] {local_task_job_runner.py:123} INFO - ::group::Pre task execution logs
[2026-02-26T00:49:34.367+0000] {taskinstance.py:2612} INFO - Dependencies all met for dep_context=non-requeueable deps ti=<TaskInstance: core_osm_table_generator.process_table manual__2026-02-26T00:49:23.054747+00:00 map_index=1 [queued]>
[2026-02-26T00:49:34.573+0000] {taskinstance.py:2612} INFO - Dependencies all met for dep_context=requeueable deps ti=<TaskInstance: core_osm_table_generator.process_table manual__2026-02-26T00:49:23.054747+00:00 map_index=1 [queued]>
[2026-02-26T00:49:34.574+0000] {taskinstance.py:2865} INFO - Starting attempt 1 of 1
[2026-02-26T00:49:34.584+0000] {taskinstance.py:2888} INFO - Executing <Mapped(_PythonDecoratedOperator): process_table> on 2026-02-26 00:49:23.054747+00:00
[2026-02-26T00:49:34.594+0000] {warnings.py:112} WARNING - /home/***/.local/lib/python3.12/site-packages/***/task/task_runner/standard_task_runner.py:70: DeprecationWarning: This process (pid=86) is multi-threaded, use of fork() may lead to deadlocks in the child.
  pid = os.fork()

[2026-02-26T00:49:34.595+0000] {standard_task_runner.py:72} INFO - Started process 101 to run task
[2026-02-26T00:49:34.596+0000] {standard_task_runner.py:104} INFO - Running: ['***', 'tasks', 'run', 'core_osm_table_generator', 'process_table', 'manual__2026-02-26T00:49:23.054747+00:00', '--job-id', '11', '--raw', '--subdir', 'DAGS_FOLDER/core_osm_table_generator_dag.py', '--cfg-path', '/tmp/tmpj485gzlf', '--map-index', '1']
[2026-02-26T00:49:34.597+0000] {standard_task_runner.py:105} INFO - Job 11: Subtask process_table
[2026-02-26T00:49:34.659+0000] {task_command.py:467} INFO - Running <TaskInstance: core_osm_table_generator.process_table manual__2026-02-26T00:49:23.054747+00:00 map_index=1 [running]> on host a0ea9a98cfa1
[2026-02-26T00:49:34.704+0000] {taskinstance.py:3131} INFO - Exporting env vars: AIRFLOW_CTX_DAG_OWNER='***' AIRFLOW_CTX_DAG_ID='core_osm_table_generator' AIRFLOW_CTX_TASK_ID='process_table' AIRFLOW_CTX_EXECUTION_DATE='2026-02-26T00:49:23.054747+00:00' AIRFLOW_CTX_TRY_NUMBER='1' AIRFLOW_CTX_DAG_RUN_ID='manual__2026-02-26T00:49:23.054747+00:00'
[2026-02-26T00:49:34.704+0000] {taskinstance.py:731} INFO - ::endgroup::
[2026-02-26T00:49:34.709+0000] {base.py:84} INFO - Retrieving connection 'neon_test'
[2026-02-26T00:49:35.424+0000] {core_osm_table_generator_dag.py:513} INFO - START: hospitals run_ts=2026-02-26 00:49:23.054747+00:00
[2026-02-26T00:49:35.781+0000] {core_osm_table_generator_dag.py:679} ERROR - FAILED: hospitals
Traceback (most recent call last):
  File "/opt/airflow/dags/core_osm_table_generator_dag.py", line 519, in process_one_table
    {build_columns_sql(unique_columns)}
     ^^^^^^^^^^^^^^^^^^^^^^^^^^^^^^^^^
  File "/opt/airflow/dags/core_osm_table_generator_dag.py", line 60, in build_columns_sql
    core_names = set(CORE_AND_COMMON)
                     ^^^^^^^^^^^^^^^
NameError: name 'CORE_AND_COMMON' is not defined
[2026-02-26T00:49:35.847+0000] {core_osm_table_generator_dag.py:681} INFO - END: hospitals status=failed fetched=0 inserted=0 elapsed_s=0.42
[2026-02-26T00:49:35.850+0000] {python.py:240} INFO - Done. Returned value was: {'table_name': 'hospitals', 'tag_key': 'amenity,healthcare', 'tag_value': '{"amenity": ["hospital", "clinic"], "healthcare": ["hospital", "clinic"]}', 'records_fetched': 0, 'records_inserted': 0, 'status': 'failed', 'error': "name 'CORE_AND_COMMON' is not defined"}
[2026-02-26T00:49:35.971+0000] {taskinstance.py:340} INFO - ::group::Post task execution logs
[2026-02-26T00:49:35.972+0000] {taskinstance.py:352} INFO - Marking task as SUCCESS. dag_id=core_osm_table_generator, task_id=process_table, run_id=manual__2026-02-26T00:49:23.054747+00:00, map_index=1, execution_date=20260226T004923, start_date=20260226T004934, end_date=20260226T004935
[2026-02-26T00:49:36.024+0000] {local_task_job_runner.py:266} INFO - Task exited with return code 0
[2026-02-26T00:49:36.057+0000] {taskinstance.py:3900} INFO - 0 downstream tasks scheduled from follow-on schedule check
[2026-02-26T00:49:36.059+0000] {local_task_job_runner.py:245} INFO - ::endgroup::
