[2026-02-26T01:01:28.886+0000] {local_task_job_runner.py:123} INFO - ::group::Pre task execution logs
[2026-02-26T01:01:28.893+0000] {taskinstance.py:2612} INFO - Dependencies all met for dep_context=non-requeueable deps ti=<TaskInstance: core_osm_table_generator.setup_db manual__2026-02-26T01:01:26.584159+00:00 [queued]>
[2026-02-26T01:01:28.896+0000] {taskinstance.py:2612} INFO - Dependencies all met for dep_context=requeueable deps ti=<TaskInstance: core_osm_table_generator.setup_db manual__2026-02-26T01:01:26.584159+00:00 [queued]>
[2026-02-26T01:01:28.897+0000] {taskinstance.py:2865} INFO - Starting attempt 1 of 1
[2026-02-26T01:01:28.902+0000] {taskinstance.py:2888} INFO - Executing <Task(_PythonDecoratedOperator): setup_db> on 2026-02-26 01:01:26.584159+00:00
[2026-02-26T01:01:28.907+0000] {warnings.py:112} WARNING - /home/***/.local/lib/python3.12/site-packages/***/task/task_runner/standard_task_runner.py:70: DeprecationWarning: This process (pid=131) is multi-threaded, use of fork() may lead to deadlocks in the child.
  pid = os.fork()

[2026-02-26T01:01:28.909+0000] {standard_task_runner.py:72} INFO - Started process 133 to run task
[2026-02-26T01:01:28.909+0000] {standard_task_runner.py:104} INFO - Running: ['***', 'tasks', 'run', 'core_osm_table_generator', 'setup_db', 'manual__2026-02-26T01:01:26.584159+00:00', '--job-id', '19', '--raw', '--subdir', 'DAGS_FOLDER/core_osm_table_generator_dag.py', '--cfg-path', '/tmp/tmpq5x988v4']
[2026-02-26T01:01:28.910+0000] {standard_task_runner.py:105} INFO - Job 19: Subtask setup_db
[2026-02-26T01:01:28.954+0000] {task_command.py:467} INFO - Running <TaskInstance: core_osm_table_generator.setup_db manual__2026-02-26T01:01:26.584159+00:00 [running]> on host a0ea9a98cfa1
[2026-02-26T01:01:28.998+0000] {taskinstance.py:3131} INFO - Exporting env vars: AIRFLOW_CTX_DAG_OWNER='***' AIRFLOW_CTX_DAG_ID='core_osm_table_generator' AIRFLOW_CTX_TASK_ID='setup_db' AIRFLOW_CTX_EXECUTION_DATE='2026-02-26T01:01:26.584159+00:00' AIRFLOW_CTX_TRY_NUMBER='1' AIRFLOW_CTX_DAG_RUN_ID='manual__2026-02-26T01:01:26.584159+00:00'
[2026-02-26T01:01:28.999+0000] {taskinstance.py:731} INFO - ::endgroup::
[2026-02-26T01:01:29.005+0000] {base.py:84} INFO - Retrieving connection 'neon_test'
[2026-02-26T01:01:30.906+0000] {python.py:240} INFO - Done. Returned value was: ok
[2026-02-26T01:01:30.969+0000] {taskinstance.py:340} INFO - ::group::Post task execution logs
[2026-02-26T01:01:30.970+0000] {taskinstance.py:352} INFO - Marking task as SUCCESS. dag_id=core_osm_table_generator, task_id=setup_db, run_id=manual__2026-02-26T01:01:26.584159+00:00, execution_date=20260226T010126, start_date=20260226T010128, end_date=20260226T010130
[2026-02-26T01:01:31.030+0000] {local_task_job_runner.py:266} INFO - Task exited with return code 0
[2026-02-26T01:01:31.056+0000] {taskinstance.py:3900} INFO - 1 downstream tasks scheduled from follow-on schedule check
[2026-02-26T01:01:31.058+0000] {local_task_job_runner.py:245} INFO - ::endgroup::
