[2026-02-26T00:49:34.226+0000] {local_task_job_runner.py:123} INFO - ::group::Pre task execution logs
[2026-02-26T00:49:34.239+0000] {taskinstance.py:2612} INFO - Dependencies all met for dep_context=non-requeueable deps ti=<TaskInstance: core_osm_table_generator.process_table manual__2026-02-26T00:49:23.054747+00:00 map_index=4 [queued]>
[2026-02-26T00:49:34.245+0000] {taskinstance.py:2612} INFO - Dependencies all met for dep_context=requeueable deps ti=<TaskInstance: core_osm_table_generator.process_table manual__2026-02-26T00:49:23.054747+00:00 map_index=4 [queued]>
[2026-02-26T00:49:34.245+0000] {taskinstance.py:2865} INFO - Starting attempt 1 of 1
[2026-02-26T00:49:34.254+0000] {taskinstance.py:2888} INFO - Executing <Mapped(_PythonDecoratedOperator): process_table> on 2026-02-26 00:49:23.054747+00:00
[2026-02-26T00:49:34.263+0000] {warnings.py:112} WARNING - /home/***/.local/lib/python3.12/site-packages/***/task/task_runner/standard_task_runner.py:70: DeprecationWarning: This process (pid=83) is multi-threaded, use of fork() may lead to deadlocks in the child.
  pid = os.fork()

[2026-02-26T00:49:34.266+0000] {standard_task_runner.py:72} INFO - Started process 98 to run task
[2026-02-26T00:49:34.268+0000] {standard_task_runner.py:104} INFO - Running: ['***', 'tasks', 'run', 'core_osm_table_generator', 'process_table', 'manual__2026-02-26T00:49:23.054747+00:00', '--job-id', '10', '--raw', '--subdir', 'DAGS_FOLDER/core_osm_table_generator_dag.py', '--cfg-path', '/tmp/tmplg367nen', '--map-index', '4']
[2026-02-26T00:49:34.269+0000] {standard_task_runner.py:105} INFO - Job 10: Subtask process_table
[2026-02-26T00:49:34.327+0000] {task_command.py:467} INFO - Running <TaskInstance: core_osm_table_generator.process_table manual__2026-02-26T00:49:23.054747+00:00 map_index=4 [running]> on host a0ea9a98cfa1
[2026-02-26T00:49:34.565+0000] {taskinstance.py:3131} INFO - Exporting env vars: AIRFLOW_CTX_DAG_OWNER='***' AIRFLOW_CTX_DAG_ID='core_osm_table_generator' AIRFLOW_CTX_TASK_ID='process_table' AIRFLOW_CTX_EXECUTION_DATE='2026-02-26T00:49:23.054747+00:00' AIRFLOW_CTX_TRY_NUMBER='1' AIRFLOW_CTX_DAG_RUN_ID='manual__2026-02-26T00:49:23.054747+00:00'
[2026-02-26T00:49:34.567+0000] {taskinstance.py:731} INFO - ::endgroup::
[2026-02-26T00:49:34.577+0000] {base.py:84} INFO - Retrieving connection 'neon_test'
[2026-02-26T00:49:35.286+0000] {core_osm_table_generator_dag.py:513} INFO - START: malls run_ts=2026-02-26 00:49:23.054747+00:00
[2026-02-26T00:49:35.642+0000] {core_osm_table_generator_dag.py:679} ERROR - FAILED: malls
Traceback (most recent call last):
  File "/opt/airflow/dags/core_osm_table_generator_dag.py", line 519, in process_one_table
    {build_columns_sql(unique_columns)}
     ^^^^^^^^^^^^^^^^^^^^^^^^^^^^^^^^^
  File "/opt/airflow/dags/core_osm_table_generator_dag.py", line 60, in build_columns_sql
    core_names = set(CORE_AND_COMMON)
                     ^^^^^^^^^^^^^^^
NameError: name 'CORE_AND_COMMON' is not defined
[2026-02-26T00:49:35.651+0000] {core_osm_table_generator_dag.py:681} INFO - END: malls status=failed fetched=0 inserted=0 elapsed_s=0.37
[2026-02-26T00:49:35.653+0000] {python.py:240} INFO - Done. Returned value was: {'table_name': 'malls', 'tag_key': 'shop', 'tag_value': '{"shop": "mall"}', 'records_fetched': 0, 'records_inserted': 0, 'status': 'failed', 'error': "name 'CORE_AND_COMMON' is not defined"}
[2026-02-26T00:49:35.689+0000] {taskinstance.py:340} INFO - ::group::Post task execution logs
[2026-02-26T00:49:35.690+0000] {taskinstance.py:352} INFO - Marking task as SUCCESS. dag_id=core_osm_table_generator, task_id=process_table, run_id=manual__2026-02-26T00:49:23.054747+00:00, map_index=4, execution_date=20260226T004923, start_date=20260226T004934, end_date=20260226T004935
[2026-02-26T00:49:35.708+0000] {local_task_job_runner.py:266} INFO - Task exited with return code 0
[2026-02-26T00:49:35.717+0000] {taskinstance.py:3900} INFO - 0 downstream tasks scheduled from follow-on schedule check
[2026-02-26T00:49:35.718+0000] {local_task_job_runner.py:245} INFO - ::endgroup::
