[2026-02-26T11:12:16.635+0000] {local_task_job_runner.py:123} INFO - ::group::Pre task execution logs
[2026-02-26T11:12:16.644+0000] {taskinstance.py:2612} INFO - Dependencies all met for dep_context=non-requeueable deps ti=<TaskInstance: core_osm_table_generator.process_bakeries manual__2026-02-26T02:03:50.593363+00:00 [queued]>
[2026-02-26T11:12:16.647+0000] {taskinstance.py:2612} INFO - Dependencies all met for dep_context=requeueable deps ti=<TaskInstance: core_osm_table_generator.process_bakeries manual__2026-02-26T02:03:50.593363+00:00 [queued]>
[2026-02-26T11:12:16.647+0000] {taskinstance.py:2865} INFO - Starting attempt 6 of 11
[2026-02-26T11:12:16.652+0000] {taskinstance.py:2888} INFO - Executing <Task(PythonOperator): process_bakeries> on 2026-02-26 02:03:50.593363+00:00
[2026-02-26T11:12:16.656+0000] {warnings.py:112} WARNING - /home/***/.local/lib/python3.12/site-packages/***/task/task_runner/standard_task_runner.py:70: DeprecationWarning: This process (pid=246) is multi-threaded, use of fork() may lead to deadlocks in the child.
  pid = os.fork()

[2026-02-26T11:12:16.657+0000] {standard_task_runner.py:72} INFO - Started process 248 to run task
[2026-02-26T11:12:16.657+0000] {standard_task_runner.py:104} INFO - Running: ['***', 'tasks', 'run', 'core_osm_table_generator', 'process_bakeries', 'manual__2026-02-26T02:03:50.593363+00:00', '--job-id', '55', '--raw', '--subdir', 'DAGS_FOLDER/core_osm_table_generator_dag.py', '--cfg-path', '/tmp/tmp88yiw4so']
[2026-02-26T11:12:16.658+0000] {standard_task_runner.py:105} INFO - Job 55: Subtask process_bakeries
[2026-02-26T11:12:16.681+0000] {task_command.py:467} INFO - Running <TaskInstance: core_osm_table_generator.process_bakeries manual__2026-02-26T02:03:50.593363+00:00 [running]> on host a0ea9a98cfa1
[2026-02-26T11:12:16.715+0000] {taskinstance.py:3131} INFO - Exporting env vars: AIRFLOW_CTX_DAG_OWNER='***' AIRFLOW_CTX_DAG_ID='core_osm_table_generator' AIRFLOW_CTX_TASK_ID='process_bakeries' AIRFLOW_CTX_EXECUTION_DATE='2026-02-26T02:03:50.593363+00:00' AIRFLOW_CTX_TRY_NUMBER='6' AIRFLOW_CTX_DAG_RUN_ID='manual__2026-02-26T02:03:50.593363+00:00'
[2026-02-26T11:12:16.716+0000] {taskinstance.py:731} INFO - ::endgroup::
[2026-02-26T11:12:16.792+0000] {base.py:84} INFO - Retrieving connection 'neon_test'
[2026-02-26T11:12:17.957+0000] {core_osm_table_generator_dag.py:314} INFO - Processing table: bakeries
[2026-02-26T11:12:17.959+0000] {core_osm_table_generator_dag.py:84} INFO - Sending Overpass Query: 
    [out:json][timeout:600];
    (
      node["shop"~"bakery|pastry"](52.3, 13.0, 52.7, 13.7);
      way["shop"~"bakery|pastry"](52.3, 13.0, 52.7, 13.7);
      relation["shop"~"bakery|pastry"](52.3, 13.0, 52.7, 13.7);
    );
    out center;
    
[2026-02-26T11:16:04.180+0000] {core_osm_table_generator_dag.py:336} INFO -  Finished processing bakeries: Fetched 1590, Inserted 1590
[2026-02-26T11:16:34.226+0000] {python.py:240} INFO - Done. Returned value was: None
[2026-02-26T11:16:34.285+0000] {taskinstance.py:340} INFO - ::group::Post task execution logs
[2026-02-26T11:16:34.286+0000] {taskinstance.py:352} INFO - Marking task as SUCCESS. dag_id=core_osm_table_generator, task_id=process_bakeries, run_id=manual__2026-02-26T02:03:50.593363+00:00, execution_date=20260226T020350, start_date=20260226T111216, end_date=20260226T111634
[2026-02-26T11:16:34.322+0000] {local_task_job_runner.py:266} INFO - Task exited with return code 0
[2026-02-26T11:16:34.338+0000] {taskinstance.py:3900} INFO - 0 downstream tasks scheduled from follow-on schedule check
[2026-02-26T11:16:34.339+0000] {local_task_job_runner.py:245} INFO - ::endgroup::
