[2026-02-26T02:15:29.223+0000] {local_task_job_runner.py:123} INFO - ::group::Pre task execution logs
[2026-02-26T02:15:29.238+0000] {taskinstance.py:2612} INFO - Dependencies all met for dep_context=non-requeueable deps ti=<TaskInstance: core_osm_table_generator.process_bakeries manual__2026-02-26T02:03:50.593363+00:00 [queued]>
[2026-02-26T02:15:29.245+0000] {taskinstance.py:2612} INFO - Dependencies all met for dep_context=requeueable deps ti=<TaskInstance: core_osm_table_generator.process_bakeries manual__2026-02-26T02:03:50.593363+00:00 [queued]>
[2026-02-26T02:15:29.245+0000] {taskinstance.py:2865} INFO - Starting attempt 2 of 7
[2026-02-26T02:15:29.254+0000] {taskinstance.py:2888} INFO - Executing <Task(PythonOperator): process_bakeries> on 2026-02-26 02:03:50.593363+00:00
[2026-02-26T02:15:29.259+0000] {warnings.py:112} WARNING - /home/***/.local/lib/python3.12/site-packages/***/task/task_runner/standard_task_runner.py:70: DeprecationWarning: This process (pid=216) is multi-threaded, use of fork() may lead to deadlocks in the child.
  pid = os.fork()

[2026-02-26T02:15:29.261+0000] {standard_task_runner.py:104} INFO - Running: ['***', 'tasks', 'run', 'core_osm_table_generator', 'process_bakeries', 'manual__2026-02-26T02:03:50.593363+00:00', '--job-id', '46', '--raw', '--subdir', 'DAGS_FOLDER/core_osm_table_generator_dag.py', '--cfg-path', '/tmp/tmppgtvcdkb']
[2026-02-26T02:15:29.262+0000] {standard_task_runner.py:72} INFO - Started process 217 to run task
[2026-02-26T02:15:29.262+0000] {standard_task_runner.py:105} INFO - Job 46: Subtask process_bakeries
[2026-02-26T02:15:29.307+0000] {task_command.py:467} INFO - Running <TaskInstance: core_osm_table_generator.process_bakeries manual__2026-02-26T02:03:50.593363+00:00 [running]> on host a0ea9a98cfa1
[2026-02-26T02:15:29.356+0000] {taskinstance.py:3131} INFO - Exporting env vars: AIRFLOW_CTX_DAG_OWNER='***' AIRFLOW_CTX_DAG_ID='core_osm_table_generator' AIRFLOW_CTX_TASK_ID='process_bakeries' AIRFLOW_CTX_EXECUTION_DATE='2026-02-26T02:03:50.593363+00:00' AIRFLOW_CTX_TRY_NUMBER='2' AIRFLOW_CTX_DAG_RUN_ID='manual__2026-02-26T02:03:50.593363+00:00'
[2026-02-26T02:15:29.356+0000] {taskinstance.py:731} INFO - ::endgroup::
[2026-02-26T02:15:29.473+0000] {base.py:84} INFO - Retrieving connection 'neon_test'
[2026-02-26T02:15:30.565+0000] {core_osm_table_generator_dag.py:307} INFO - Processing table: bakeries
[2026-02-26T02:15:30.566+0000] {core_osm_table_generator_dag.py:81} INFO - Sending Overpass Query: 
    [out:json][timeout:180];
    (
      node["shop"~"bakery|pastry"](52.3, 13.0, 52.7, 13.7);
      way["shop"~"bakery|pastry"](52.3, 13.0, 52.7, 13.7);
      relation["shop"~"bakery|pastry"](52.3, 13.0, 52.7, 13.7);
    );
    out center;
    
[2026-02-26T02:18:56.342+0000] {core_osm_table_generator_dag.py:329} INFO -  Finished processing bakeries: Fetched 1590, Inserted 1590
[2026-02-26T02:19:26.436+0000] {python.py:240} INFO - Done. Returned value was: None
[2026-02-26T02:19:26.452+0000] {taskinstance.py:340} INFO - ::group::Post task execution logs
[2026-02-26T02:19:26.453+0000] {taskinstance.py:352} INFO - Marking task as SUCCESS. dag_id=core_osm_table_generator, task_id=process_bakeries, run_id=manual__2026-02-26T02:03:50.593363+00:00, execution_date=20260226T020350, start_date=20260226T021529, end_date=20260226T021926
[2026-02-26T02:19:26.501+0000] {local_task_job_runner.py:266} INFO - Task exited with return code 0
[2026-02-26T02:19:26.524+0000] {taskinstance.py:3900} INFO - 1 downstream tasks scheduled from follow-on schedule check
[2026-02-26T02:19:26.525+0000] {local_task_job_runner.py:245} INFO - ::endgroup::
