[2026-02-26T02:23:38.320+0000] {local_task_job_runner.py:123} INFO - ::group::Pre task execution logs
[2026-02-26T02:23:38.330+0000] {taskinstance.py:2612} INFO - Dependencies all met for dep_context=non-requeueable deps ti=<TaskInstance: core_osm_table_generator.process_kindergartens manual__2026-02-26T02:03:50.593363+00:00 [queued]>
[2026-02-26T02:23:38.334+0000] {taskinstance.py:2612} INFO - Dependencies all met for dep_context=requeueable deps ti=<TaskInstance: core_osm_table_generator.process_kindergartens manual__2026-02-26T02:03:50.593363+00:00 [queued]>
[2026-02-26T02:23:38.334+0000] {taskinstance.py:2865} INFO - Starting attempt 2 of 6
[2026-02-26T02:23:38.340+0000] {taskinstance.py:2888} INFO - Executing <Task(PythonOperator): process_kindergartens> on 2026-02-26 02:03:50.593363+00:00
[2026-02-26T02:23:38.344+0000] {warnings.py:112} WARNING - /home/***/.local/lib/python3.12/site-packages/***/task/task_runner/standard_task_runner.py:70: DeprecationWarning: This process (pid=225) is multi-threaded, use of fork() may lead to deadlocks in the child.
  pid = os.fork()

[2026-02-26T02:23:38.345+0000] {standard_task_runner.py:104} INFO - Running: ['***', 'tasks', 'run', 'core_osm_table_generator', 'process_kindergartens', 'manual__2026-02-26T02:03:50.593363+00:00', '--job-id', '49', '--raw', '--subdir', 'DAGS_FOLDER/core_osm_table_generator_dag.py', '--cfg-path', '/tmp/tmpmtlxfb01']
[2026-02-26T02:23:38.346+0000] {standard_task_runner.py:105} INFO - Job 49: Subtask process_kindergartens
[2026-02-26T02:23:38.346+0000] {standard_task_runner.py:72} INFO - Started process 226 to run task
[2026-02-26T02:23:38.374+0000] {task_command.py:467} INFO - Running <TaskInstance: core_osm_table_generator.process_kindergartens manual__2026-02-26T02:03:50.593363+00:00 [running]> on host a0ea9a98cfa1
[2026-02-26T02:23:38.409+0000] {taskinstance.py:3131} INFO - Exporting env vars: AIRFLOW_CTX_DAG_OWNER='***' AIRFLOW_CTX_DAG_ID='core_osm_table_generator' AIRFLOW_CTX_TASK_ID='process_kindergartens' AIRFLOW_CTX_EXECUTION_DATE='2026-02-26T02:03:50.593363+00:00' AIRFLOW_CTX_TRY_NUMBER='2' AIRFLOW_CTX_DAG_RUN_ID='manual__2026-02-26T02:03:50.593363+00:00'
[2026-02-26T02:23:38.410+0000] {taskinstance.py:731} INFO - ::endgroup::
[2026-02-26T02:23:38.491+0000] {base.py:84} INFO - Retrieving connection 'neon_test'
[2026-02-26T02:23:39.664+0000] {core_osm_table_generator_dag.py:307} INFO - Processing table: kindergartens
[2026-02-26T02:23:39.667+0000] {core_osm_table_generator_dag.py:81} INFO - Sending Overpass Query: 
    [out:json][timeout:180];
    (
      node["amenity"~"kindergarten"](52.3, 13.0, 52.7, 13.7);
      way["amenity"~"kindergarten"](52.3, 13.0, 52.7, 13.7);
      relation["amenity"~"kindergarten"](52.3, 13.0, 52.7, 13.7);
    );
    out center;
    
[2026-02-26T02:29:23.683+0000] {core_osm_table_generator_dag.py:329} INFO -  Finished processing kindergartens: Fetched 2716, Inserted 2716
[2026-02-26T02:29:53.783+0000] {python.py:240} INFO - Done. Returned value was: None
[2026-02-26T02:29:53.807+0000] {taskinstance.py:340} INFO - ::group::Post task execution logs
[2026-02-26T02:29:53.808+0000] {taskinstance.py:352} INFO - Marking task as SUCCESS. dag_id=core_osm_table_generator, task_id=process_kindergartens, run_id=manual__2026-02-26T02:03:50.593363+00:00, execution_date=20260226T020350, start_date=20260226T022338, end_date=20260226T022953
[2026-02-26T02:29:53.899+0000] {local_task_job_runner.py:266} INFO - Task exited with return code 0
[2026-02-26T02:29:53.922+0000] {taskinstance.py:3900} INFO - 1 downstream tasks scheduled from follow-on schedule check
[2026-02-26T02:29:53.922+0000] {local_task_job_runner.py:245} INFO - ::endgroup::
