[2026-02-26T02:30:48.737+0000] {local_task_job_runner.py:123} INFO - ::group::Pre task execution logs
[2026-02-26T02:30:48.744+0000] {taskinstance.py:2612} INFO - Dependencies all met for dep_context=non-requeueable deps ti=<TaskInstance: core_osm_table_generator.process_museums manual__2026-02-26T02:03:50.593363+00:00 [queued]>
[2026-02-26T02:30:48.747+0000] {taskinstance.py:2612} INFO - Dependencies all met for dep_context=requeueable deps ti=<TaskInstance: core_osm_table_generator.process_museums manual__2026-02-26T02:03:50.593363+00:00 [queued]>
[2026-02-26T02:30:48.747+0000] {taskinstance.py:2865} INFO - Starting attempt 1 of 6
[2026-02-26T02:30:48.752+0000] {taskinstance.py:2888} INFO - Executing <Task(PythonOperator): process_museums> on 2026-02-26 02:03:50.593363+00:00
[2026-02-26T02:30:48.755+0000] {warnings.py:112} WARNING - /home/***/.local/lib/python3.12/site-packages/***/task/task_runner/standard_task_runner.py:70: DeprecationWarning: This process (pid=231) is multi-threaded, use of fork() may lead to deadlocks in the child.
  pid = os.fork()

[2026-02-26T02:30:48.757+0000] {standard_task_runner.py:72} INFO - Started process 232 to run task
[2026-02-26T02:30:48.757+0000] {standard_task_runner.py:104} INFO - Running: ['***', 'tasks', 'run', 'core_osm_table_generator', 'process_museums', 'manual__2026-02-26T02:03:50.593363+00:00', '--job-id', '51', '--raw', '--subdir', 'DAGS_FOLDER/core_osm_table_generator_dag.py', '--cfg-path', '/tmp/tmp2gylvzq6']
[2026-02-26T02:30:48.758+0000] {standard_task_runner.py:105} INFO - Job 51: Subtask process_museums
[2026-02-26T02:30:48.783+0000] {task_command.py:467} INFO - Running <TaskInstance: core_osm_table_generator.process_museums manual__2026-02-26T02:03:50.593363+00:00 [running]> on host a0ea9a98cfa1
[2026-02-26T02:30:48.818+0000] {taskinstance.py:3131} INFO - Exporting env vars: AIRFLOW_CTX_DAG_OWNER='***' AIRFLOW_CTX_DAG_ID='core_osm_table_generator' AIRFLOW_CTX_TASK_ID='process_museums' AIRFLOW_CTX_EXECUTION_DATE='2026-02-26T02:03:50.593363+00:00' AIRFLOW_CTX_TRY_NUMBER='1' AIRFLOW_CTX_DAG_RUN_ID='manual__2026-02-26T02:03:50.593363+00:00'
[2026-02-26T02:30:48.818+0000] {taskinstance.py:731} INFO - ::endgroup::
[2026-02-26T02:30:48.901+0000] {base.py:84} INFO - Retrieving connection 'neon_test'
[2026-02-26T02:30:50.012+0000] {core_osm_table_generator_dag.py:307} INFO - Processing table: museums
[2026-02-26T02:30:50.013+0000] {core_osm_table_generator_dag.py:81} INFO - Sending Overpass Query: 
    [out:json][timeout:180];
    (
      node["tourism"~"museum"](52.3, 13.0, 52.7, 13.7);
      way["tourism"~"museum"](52.3, 13.0, 52.7, 13.7);
      relation["tourism"~"museum"](52.3, 13.0, 52.7, 13.7);
    );
    out center;
    
[2026-02-26T02:31:33.674+0000] {core_osm_table_generator_dag.py:329} INFO -  Finished processing museums: Fetched 298, Inserted 298
[2026-02-26T02:32:03.767+0000] {python.py:240} INFO - Done. Returned value was: None
[2026-02-26T02:32:03.789+0000] {taskinstance.py:340} INFO - ::group::Post task execution logs
[2026-02-26T02:32:03.789+0000] {taskinstance.py:352} INFO - Marking task as SUCCESS. dag_id=core_osm_table_generator, task_id=process_museums, run_id=manual__2026-02-26T02:03:50.593363+00:00, execution_date=20260226T020350, start_date=20260226T023048, end_date=20260226T023203
[2026-02-26T02:32:03.853+0000] {local_task_job_runner.py:266} INFO - Task exited with return code 0
[2026-02-26T02:32:03.866+0000] {taskinstance.py:3900} INFO - 0 downstream tasks scheduled from follow-on schedule check
[2026-02-26T02:32:03.866+0000] {local_task_job_runner.py:245} INFO - ::endgroup::
