[2026-02-24T22:25:15.799+0000] {local_task_job_runner.py:123} INFO - ::group::Pre task execution logs
[2026-02-24T22:25:15.807+0000] {taskinstance.py:2612} INFO - Dependencies all met for dep_context=non-requeueable deps ti=<TaskInstance: core_osm_table_generator.process_bakeries manual__2026-02-24T21:29:14.732037+00:00 [queued]>
[2026-02-24T22:25:15.810+0000] {taskinstance.py:2612} INFO - Dependencies all met for dep_context=requeueable deps ti=<TaskInstance: core_osm_table_generator.process_bakeries manual__2026-02-24T21:29:14.732037+00:00 [queued]>
[2026-02-24T22:25:15.811+0000] {taskinstance.py:2865} INFO - Starting attempt 1 of 6
[2026-02-24T22:25:15.816+0000] {taskinstance.py:2888} INFO - Executing <Task(PythonOperator): process_bakeries> on 2026-02-24 21:29:14.732037+00:00
[2026-02-24T22:25:15.820+0000] {warnings.py:112} WARNING - /home/***/.local/lib/python3.12/site-packages/***/task/task_runner/standard_task_runner.py:70: DeprecationWarning: This process (pid=680) is multi-threaded, use of fork() may lead to deadlocks in the child.
  pid = os.fork()

[2026-02-24T22:25:15.822+0000] {standard_task_runner.py:72} INFO - Started process 681 to run task
[2026-02-24T22:25:15.821+0000] {standard_task_runner.py:104} INFO - Running: ['***', 'tasks', 'run', 'core_osm_table_generator', 'process_bakeries', 'manual__2026-02-24T21:29:14.732037+00:00', '--job-id', '214', '--raw', '--subdir', 'DAGS_FOLDER/core_osm_table_generator_dag.py', '--cfg-path', '/tmp/tmp68mwbkhg']
[2026-02-24T22:25:15.823+0000] {standard_task_runner.py:105} INFO - Job 214: Subtask process_bakeries
[2026-02-24T22:25:15.846+0000] {task_command.py:467} INFO - Running <TaskInstance: core_osm_table_generator.process_bakeries manual__2026-02-24T21:29:14.732037+00:00 [running]> on host 2b004ae002f2
[2026-02-24T22:25:15.882+0000] {taskinstance.py:3131} INFO - Exporting env vars: AIRFLOW_CTX_DAG_OWNER='***' AIRFLOW_CTX_DAG_ID='core_osm_table_generator' AIRFLOW_CTX_TASK_ID='process_bakeries' AIRFLOW_CTX_EXECUTION_DATE='2026-02-24T21:29:14.732037+00:00' AIRFLOW_CTX_TRY_NUMBER='1' AIRFLOW_CTX_DAG_RUN_ID='manual__2026-02-24T21:29:14.732037+00:00'
[2026-02-24T22:25:15.882+0000] {taskinstance.py:731} INFO - ::endgroup::
[2026-02-24T22:25:15.954+0000] {base.py:84} INFO - Retrieving connection 'neon_test'
[2026-02-24T22:25:17.056+0000] {core_osm_table_generator_dag.py:273} INFO - Processing table: bakeries
[2026-02-24T22:25:17.057+0000] {core_osm_table_generator_dag.py:81} INFO - Sending Overpass Query: 
    [out:json][timeout:180];
    (
      node["shop"~"bakery|pastry"](52.3, 13.0, 52.7, 13.7);
      way["shop"~"bakery|pastry"](52.3, 13.0, 52.7, 13.7);
      relation["shop"~"bakery|pastry"](52.3, 13.0, 52.7, 13.7);
    );
    out center;
    
[2026-02-24T22:28:53.516+0000] {core_osm_table_generator_dag.py:295} INFO -  Finished processing bakeries: Fetched 1590, Inserted 1590
[2026-02-24T22:29:23.658+0000] {python.py:240} INFO - Done. Returned value was: None
[2026-02-24T22:29:23.700+0000] {taskinstance.py:340} INFO - ::group::Post task execution logs
[2026-02-24T22:29:23.702+0000] {taskinstance.py:352} INFO - Marking task as SUCCESS. dag_id=core_osm_table_generator, task_id=process_bakeries, run_id=manual__2026-02-24T21:29:14.732037+00:00, execution_date=20260224T212914, start_date=20260224T222515, end_date=20260224T222923
[2026-02-24T22:29:23.772+0000] {local_task_job_runner.py:266} INFO - Task exited with return code 0
[2026-02-24T22:29:23.795+0000] {taskinstance.py:3900} INFO - 1 downstream tasks scheduled from follow-on schedule check
[2026-02-24T22:29:23.796+0000] {local_task_job_runner.py:245} INFO - ::endgroup::
