[2026-02-24T06:35:04.111+0000] {local_task_job_runner.py:123} INFO - ::group::Pre task execution logs
[2026-02-24T06:35:04.117+0000] {taskinstance.py:2612} INFO - Dependencies all met for dep_context=non-requeueable deps ti=<TaskInstance: core_osm_table_generator.process_bakeries manual__2026-02-23T22:58:31.017123+00:00 [queued]>
[2026-02-24T06:35:04.120+0000] {taskinstance.py:2612} INFO - Dependencies all met for dep_context=requeueable deps ti=<TaskInstance: core_osm_table_generator.process_bakeries manual__2026-02-23T22:58:31.017123+00:00 [queued]>
[2026-02-24T06:35:04.120+0000] {taskinstance.py:2865} INFO - Starting attempt 1 of 6
[2026-02-24T06:35:04.125+0000] {taskinstance.py:2888} INFO - Executing <Task(PythonOperator): process_bakeries> on 2026-02-23 22:58:31.017123+00:00
[2026-02-24T06:35:04.128+0000] {warnings.py:112} WARNING - /home/***/.local/lib/python3.12/site-packages/***/task/task_runner/standard_task_runner.py:70: DeprecationWarning: This process (pid=484) is multi-threaded, use of fork() may lead to deadlocks in the child.
  pid = os.fork()

[2026-02-24T06:35:04.129+0000] {standard_task_runner.py:72} INFO - Started process 485 to run task
[2026-02-24T06:35:04.129+0000] {standard_task_runner.py:104} INFO - Running: ['***', 'tasks', 'run', 'core_osm_table_generator', 'process_bakeries', 'manual__2026-02-23T22:58:31.017123+00:00', '--job-id', '148', '--raw', '--subdir', 'DAGS_FOLDER/core_osm_table_generator_dag.py', '--cfg-path', '/tmp/tmpne38rhi1']
[2026-02-24T06:35:04.130+0000] {standard_task_runner.py:105} INFO - Job 148: Subtask process_bakeries
[2026-02-24T06:35:04.153+0000] {task_command.py:467} INFO - Running <TaskInstance: core_osm_table_generator.process_bakeries manual__2026-02-23T22:58:31.017123+00:00 [running]> on host 2b004ae002f2
[2026-02-24T06:35:04.191+0000] {taskinstance.py:3131} INFO - Exporting env vars: AIRFLOW_CTX_DAG_OWNER='***' AIRFLOW_CTX_DAG_ID='core_osm_table_generator' AIRFLOW_CTX_TASK_ID='process_bakeries' AIRFLOW_CTX_EXECUTION_DATE='2026-02-23T22:58:31.017123+00:00' AIRFLOW_CTX_TRY_NUMBER='1' AIRFLOW_CTX_DAG_RUN_ID='manual__2026-02-23T22:58:31.017123+00:00'
[2026-02-24T06:35:04.191+0000] {taskinstance.py:731} INFO - ::endgroup::
[2026-02-24T06:35:04.279+0000] {base.py:84} INFO - Retrieving connection 'neon_test'
[2026-02-24T06:35:05.614+0000] {core_osm_table_generator_dag.py:253} INFO - Processing table: bakeries
[2026-02-24T06:35:07.736+0000] {core_osm_table_generator_dag.py:275} INFO -  Finished processing bakeries: Fetched 1, Inserted 1
[2026-02-24T06:51:14.759+0000] {job.py:229} INFO - Heartbeat recovered after 954.16 seconds
[2026-02-24T06:51:26.364+0000] {python.py:240} INFO - Done. Returned value was: None
[2026-02-24T06:51:26.410+0000] {taskinstance.py:340} INFO - ::group::Post task execution logs
[2026-02-24T06:51:26.410+0000] {taskinstance.py:352} INFO - Marking task as SUCCESS. dag_id=core_osm_table_generator, task_id=process_bakeries, run_id=manual__2026-02-23T22:58:31.017123+00:00, execution_date=20260223T225831, start_date=20260224T063504, end_date=20260224T065126
[2026-02-24T06:51:26.472+0000] {local_task_job_runner.py:266} INFO - Task exited with return code 0
[2026-02-24T06:51:26.494+0000] {taskinstance.py:3900} INFO - 1 downstream tasks scheduled from follow-on schedule check
[2026-02-24T06:51:26.495+0000] {local_task_job_runner.py:245} INFO - ::endgroup::
