[2026-02-26T00:55:01.538+0000] {local_task_job_runner.py:123} INFO - ::group::Pre task execution logs
[2026-02-26T00:55:01.713+0000] {taskinstance.py:2612} INFO - Dependencies all met for dep_context=non-requeueable deps ti=<TaskInstance: core_osm_table_generator.process_table manual__2026-02-26T00:54:54.913149+00:00 map_index=5 [queued]>
[2026-02-26T00:55:01.774+0000] {taskinstance.py:2612} INFO - Dependencies all met for dep_context=requeueable deps ti=<TaskInstance: core_osm_table_generator.process_table manual__2026-02-26T00:54:54.913149+00:00 map_index=5 [queued]>
[2026-02-26T00:55:01.776+0000] {taskinstance.py:2865} INFO - Starting attempt 1 of 1
[2026-02-26T00:55:01.811+0000] {taskinstance.py:2888} INFO - Executing <Mapped(_PythonDecoratedOperator): process_table> on 2026-02-26 00:54:54.913149+00:00
[2026-02-26T00:55:01.838+0000] {warnings.py:112} WARNING - /home/***/.local/lib/python3.12/site-packages/***/task/task_runner/standard_task_runner.py:70: DeprecationWarning: This process (pid=112) is multi-threaded, use of fork() may lead to deadlocks in the child.
  pid = os.fork()

[2026-02-26T00:55:01.857+0000] {standard_task_runner.py:72} INFO - Started process 128 to run task
[2026-02-26T00:55:01.900+0000] {standard_task_runner.py:104} INFO - Running: ['***', 'tasks', 'run', 'core_osm_table_generator', 'process_table', 'manual__2026-02-26T00:54:54.913149+00:00', '--job-id', '18', '--raw', '--subdir', 'DAGS_FOLDER/core_osm_table_generator_dag.py', '--cfg-path', '/tmp/tmpoylzpzm5', '--map-index', '5']
[2026-02-26T00:55:01.903+0000] {standard_task_runner.py:105} INFO - Job 18: Subtask process_table
[2026-02-26T00:55:02.201+0000] {task_command.py:467} INFO - Running <TaskInstance: core_osm_table_generator.process_table manual__2026-02-26T00:54:54.913149+00:00 map_index=5 [running]> on host a0ea9a98cfa1
[2026-02-26T00:55:02.366+0000] {taskinstance.py:3131} INFO - Exporting env vars: AIRFLOW_CTX_DAG_OWNER='***' AIRFLOW_CTX_DAG_ID='core_osm_table_generator' AIRFLOW_CTX_TASK_ID='process_table' AIRFLOW_CTX_EXECUTION_DATE='2026-02-26T00:54:54.913149+00:00' AIRFLOW_CTX_TRY_NUMBER='1' AIRFLOW_CTX_DAG_RUN_ID='manual__2026-02-26T00:54:54.913149+00:00'
[2026-02-26T00:55:02.367+0000] {taskinstance.py:731} INFO - ::endgroup::
[2026-02-26T00:55:02.382+0000] {base.py:84} INFO - Retrieving connection 'neon_test'
[2026-02-26T00:55:03.143+0000] {core_osm_table_generator_dag.py:513} INFO - START: museums run_ts=2026-02-26 00:54:54.913149+00:00
[2026-02-26T00:55:03.510+0000] {core_osm_table_generator_dag.py:679} ERROR - FAILED: museums
Traceback (most recent call last):
  File "/opt/airflow/dags/core_osm_table_generator_dag.py", line 519, in process_one_table
    {build_columns_sql(unique_columns)}
     ^^^^^^^^^^^^^^^^^^^^^^^^^^^^^^^^^
  File "/opt/airflow/dags/core_osm_table_generator_dag.py", line 60, in build_columns_sql
    core_names = set(CORE_AND_COMMON)
                     ^^^^^^^^^^^^^^^
NameError: name 'CORE_AND_COMMON' is not defined
[2026-02-26T00:55:03.522+0000] {core_osm_table_generator_dag.py:681} INFO - END: museums status=failed fetched=0 inserted=0 elapsed_s=0.38
[2026-02-26T00:55:03.526+0000] {python.py:240} INFO - Done. Returned value was: {'table_name': 'museums', 'tag_key': 'tourism', 'tag_value': '{"tourism": "museum"}', 'records_fetched': 0, 'records_inserted': 0, 'status': 'failed', 'error': "name 'CORE_AND_COMMON' is not defined"}
[2026-02-26T00:55:03.579+0000] {taskinstance.py:340} INFO - ::group::Post task execution logs
[2026-02-26T00:55:03.581+0000] {taskinstance.py:352} INFO - Marking task as SUCCESS. dag_id=core_osm_table_generator, task_id=process_table, run_id=manual__2026-02-26T00:54:54.913149+00:00, map_index=5, execution_date=20260226T005454, start_date=20260226T005501, end_date=20260226T005503
[2026-02-26T00:55:03.604+0000] {local_task_job_runner.py:266} INFO - Task exited with return code 0
[2026-02-26T00:55:03.632+0000] {local_task_job_runner.py:245} INFO - ::endgroup::
