[2026-02-24T21:37:00.700+0000] {local_task_job_runner.py:123} INFO - ::group::Pre task execution logs
[2026-02-24T21:37:00.708+0000] {taskinstance.py:2612} INFO - Dependencies all met for dep_context=non-requeueable deps ti=<TaskInstance: core_osm_table_generator.process_kindergartens manual__2026-02-24T20:59:22.046009+00:00 [queued]>
[2026-02-24T21:37:00.712+0000] {taskinstance.py:2612} INFO - Dependencies all met for dep_context=requeueable deps ti=<TaskInstance: core_osm_table_generator.process_kindergartens manual__2026-02-24T20:59:22.046009+00:00 [queued]>
[2026-02-24T21:37:00.712+0000] {taskinstance.py:2865} INFO - Starting attempt 6 of 11
[2026-02-24T21:37:00.717+0000] {taskinstance.py:2888} INFO - Executing <Task(PythonOperator): process_kindergartens> on 2026-02-24 20:59:22.046009+00:00
[2026-02-24T21:37:00.720+0000] {warnings.py:112} WARNING - /home/***/.local/lib/python3.12/site-packages/***/task/task_runner/standard_task_runner.py:70: DeprecationWarning: This process (pid=626) is multi-threaded, use of fork() may lead to deadlocks in the child.
  pid = os.fork()

[2026-02-24T21:37:00.721+0000] {standard_task_runner.py:72} INFO - Started process 627 to run task
[2026-02-24T21:37:00.722+0000] {standard_task_runner.py:104} INFO - Running: ['***', 'tasks', 'run', 'core_osm_table_generator', 'process_kindergartens', 'manual__2026-02-24T20:59:22.046009+00:00', '--job-id', '196', '--raw', '--subdir', 'DAGS_FOLDER/core_osm_table_generator_dag.py', '--cfg-path', '/tmp/tmprvvealx1']
[2026-02-24T21:37:00.723+0000] {standard_task_runner.py:105} INFO - Job 196: Subtask process_kindergartens
[2026-02-24T21:37:00.746+0000] {task_command.py:467} INFO - Running <TaskInstance: core_osm_table_generator.process_kindergartens manual__2026-02-24T20:59:22.046009+00:00 [running]> on host 2b004ae002f2
[2026-02-24T21:37:00.779+0000] {taskinstance.py:3131} INFO - Exporting env vars: AIRFLOW_CTX_DAG_OWNER='***' AIRFLOW_CTX_DAG_ID='core_osm_table_generator' AIRFLOW_CTX_TASK_ID='process_kindergartens' AIRFLOW_CTX_EXECUTION_DATE='2026-02-24T20:59:22.046009+00:00' AIRFLOW_CTX_TRY_NUMBER='6' AIRFLOW_CTX_DAG_RUN_ID='manual__2026-02-24T20:59:22.046009+00:00'
[2026-02-24T21:37:00.780+0000] {taskinstance.py:731} INFO - ::endgroup::
[2026-02-24T21:37:00.848+0000] {base.py:84} INFO - Retrieving connection 'neon_test'
[2026-02-24T21:37:01.934+0000] {core_osm_table_generator_dag.py:264} INFO - Processing table: kindergartens
[2026-02-24T21:42:51.437+0000] {core_osm_table_generator_dag.py:286} INFO -  Finished processing kindergartens: Fetched 2705, Inserted 2705
[2026-02-24T21:43:21.481+0000] {python.py:240} INFO - Done. Returned value was: None
[2026-02-24T21:43:21.505+0000] {taskinstance.py:340} INFO - ::group::Post task execution logs
[2026-02-24T21:43:21.507+0000] {taskinstance.py:352} INFO - Marking task as SUCCESS. dag_id=core_osm_table_generator, task_id=process_kindergartens, run_id=manual__2026-02-24T20:59:22.046009+00:00, execution_date=20260224T205922, start_date=20260224T213700, end_date=20260224T214321
[2026-02-24T21:43:21.563+0000] {local_task_job_runner.py:266} INFO - Task exited with return code 0
[2026-02-24T21:43:21.587+0000] {taskinstance.py:3900} INFO - 1 downstream tasks scheduled from follow-on schedule check
[2026-02-24T21:43:21.587+0000] {local_task_job_runner.py:245} INFO - ::endgroup::
