[2026-02-26T01:44:27.481+0000] {local_task_job_runner.py:123} INFO - ::group::Pre task execution logs
[2026-02-26T01:44:27.490+0000] {taskinstance.py:2612} INFO - Dependencies all met for dep_context=non-requeueable deps ti=<TaskInstance: core_osm_table_generator.process_bakeries manual__2026-02-26T01:24:26.305185+00:00 [queued]>
[2026-02-26T01:44:27.493+0000] {taskinstance.py:2612} INFO - Dependencies all met for dep_context=requeueable deps ti=<TaskInstance: core_osm_table_generator.process_bakeries manual__2026-02-26T01:24:26.305185+00:00 [queued]>
[2026-02-26T01:44:27.493+0000] {taskinstance.py:2865} INFO - Starting attempt 1 of 6
[2026-02-26T01:44:27.499+0000] {taskinstance.py:2888} INFO - Executing <Task(PythonOperator): process_bakeries> on 2026-02-26 01:24:26.305185+00:00
[2026-02-26T01:44:27.503+0000] {warnings.py:112} WARNING - /home/***/.local/lib/python3.12/site-packages/***/task/task_runner/standard_task_runner.py:70: DeprecationWarning: This process (pid=183) is multi-threaded, use of fork() may lead to deadlocks in the child.
  pid = os.fork()

[2026-02-26T01:44:27.505+0000] {standard_task_runner.py:72} INFO - Started process 184 to run task
[2026-02-26T01:44:27.504+0000] {standard_task_runner.py:104} INFO - Running: ['***', 'tasks', 'run', 'core_osm_table_generator', 'process_bakeries', 'manual__2026-02-26T01:24:26.305185+00:00', '--job-id', '35', '--raw', '--subdir', 'DAGS_FOLDER/core_osm_table_generator_dag.py', '--cfg-path', '/tmp/tmpy8_v8fh6']
[2026-02-26T01:44:27.506+0000] {standard_task_runner.py:105} INFO - Job 35: Subtask process_bakeries
[2026-02-26T01:44:27.602+0000] {task_command.py:467} INFO - Running <TaskInstance: core_osm_table_generator.process_bakeries manual__2026-02-26T01:24:26.305185+00:00 [running]> on host a0ea9a98cfa1
[2026-02-26T01:44:27.681+0000] {taskinstance.py:3131} INFO - Exporting env vars: AIRFLOW_CTX_DAG_OWNER='***' AIRFLOW_CTX_DAG_ID='core_osm_table_generator' AIRFLOW_CTX_TASK_ID='process_bakeries' AIRFLOW_CTX_EXECUTION_DATE='2026-02-26T01:24:26.305185+00:00' AIRFLOW_CTX_TRY_NUMBER='1' AIRFLOW_CTX_DAG_RUN_ID='manual__2026-02-26T01:24:26.305185+00:00'
[2026-02-26T01:44:27.681+0000] {taskinstance.py:731} INFO - ::endgroup::
[2026-02-26T01:44:27.774+0000] {base.py:84} INFO - Retrieving connection 'neon_test'
[2026-02-26T01:44:28.863+0000] {core_osm_table_generator_dag.py:286} INFO - Processing table: bakeries
[2026-02-26T01:44:28.865+0000] {core_osm_table_generator_dag.py:81} INFO - Sending Overpass Query: 
    [out:json][timeout:180];
    (
      node["shop"~"bakery|pastry"](52.3, 13.0, 52.7, 13.7);
      way["shop"~"bakery|pastry"](52.3, 13.0, 52.7, 13.7);
      relation["shop"~"bakery|pastry"](52.3, 13.0, 52.7, 13.7);
    );
    out center;
    
[2026-02-26T01:47:59.890+0000] {core_osm_table_generator_dag.py:308} INFO -  Finished processing bakeries: Fetched 1590, Inserted 1590
[2026-02-26T01:48:29.994+0000] {python.py:240} INFO - Done. Returned value was: None
[2026-02-26T01:48:30.015+0000] {taskinstance.py:340} INFO - ::group::Post task execution logs
[2026-02-26T01:48:30.016+0000] {taskinstance.py:352} INFO - Marking task as SUCCESS. dag_id=core_osm_table_generator, task_id=process_bakeries, run_id=manual__2026-02-26T01:24:26.305185+00:00, execution_date=20260226T012426, start_date=20260226T014427, end_date=20260226T014830
[2026-02-26T01:48:30.070+0000] {local_task_job_runner.py:266} INFO - Task exited with return code 0
[2026-02-26T01:48:30.091+0000] {taskinstance.py:3900} INFO - 1 downstream tasks scheduled from follow-on schedule check
[2026-02-26T01:48:30.092+0000] {local_task_job_runner.py:245} INFO - ::endgroup::
