[2026-02-26T01:59:12.170+0000] {local_task_job_runner.py:123} INFO - ::group::Pre task execution logs
[2026-02-26T01:59:12.178+0000] {taskinstance.py:2612} INFO - Dependencies all met for dep_context=non-requeueable deps ti=<TaskInstance: core_osm_table_generator.process_malls manual__2026-02-26T01:24:26.305185+00:00 [queued]>
[2026-02-26T01:59:12.182+0000] {taskinstance.py:2612} INFO - Dependencies all met for dep_context=requeueable deps ti=<TaskInstance: core_osm_table_generator.process_malls manual__2026-02-26T01:24:26.305185+00:00 [queued]>
[2026-02-26T01:59:12.182+0000] {taskinstance.py:2865} INFO - Starting attempt 1 of 6
[2026-02-26T01:59:12.187+0000] {taskinstance.py:2888} INFO - Executing <Task(PythonOperator): process_malls> on 2026-02-26 01:24:26.305185+00:00
[2026-02-26T01:59:12.190+0000] {warnings.py:112} WARNING - /home/***/.local/lib/python3.12/site-packages/***/task/task_runner/standard_task_runner.py:70: DeprecationWarning: This process (pid=195) is multi-threaded, use of fork() may lead to deadlocks in the child.
  pid = os.fork()

[2026-02-26T01:59:12.191+0000] {standard_task_runner.py:72} INFO - Started process 196 to run task
[2026-02-26T01:59:12.191+0000] {standard_task_runner.py:104} INFO - Running: ['***', 'tasks', 'run', 'core_osm_table_generator', 'process_malls', 'manual__2026-02-26T01:24:26.305185+00:00', '--job-id', '39', '--raw', '--subdir', 'DAGS_FOLDER/core_osm_table_generator_dag.py', '--cfg-path', '/tmp/tmpowyho5zj']
[2026-02-26T01:59:12.192+0000] {standard_task_runner.py:105} INFO - Job 39: Subtask process_malls
[2026-02-26T01:59:12.219+0000] {task_command.py:467} INFO - Running <TaskInstance: core_osm_table_generator.process_malls manual__2026-02-26T01:24:26.305185+00:00 [running]> on host a0ea9a98cfa1
[2026-02-26T01:59:12.269+0000] {taskinstance.py:3131} INFO - Exporting env vars: AIRFLOW_CTX_DAG_OWNER='***' AIRFLOW_CTX_DAG_ID='core_osm_table_generator' AIRFLOW_CTX_TASK_ID='process_malls' AIRFLOW_CTX_EXECUTION_DATE='2026-02-26T01:24:26.305185+00:00' AIRFLOW_CTX_TRY_NUMBER='1' AIRFLOW_CTX_DAG_RUN_ID='manual__2026-02-26T01:24:26.305185+00:00'
[2026-02-26T01:59:12.270+0000] {taskinstance.py:731} INFO - ::endgroup::
[2026-02-26T01:59:12.348+0000] {base.py:84} INFO - Retrieving connection 'neon_test'
[2026-02-26T01:59:13.493+0000] {core_osm_table_generator_dag.py:307} INFO - Processing table: malls
[2026-02-26T01:59:13.494+0000] {core_osm_table_generator_dag.py:81} INFO - Sending Overpass Query: 
    [out:json][timeout:180];
    (
      node["shop"~"mall"](52.3, 13.0, 52.7, 13.7);
      way["shop"~"mall"](52.3, 13.0, 52.7, 13.7);
      relation["shop"~"mall"](52.3, 13.0, 52.7, 13.7);
    );
    out center;
    
[2026-02-26T01:59:39.183+0000] {core_osm_table_generator_dag.py:329} INFO -  Finished processing malls: Fetched 127, Inserted 127
[2026-02-26T02:00:09.271+0000] {python.py:240} INFO - Done. Returned value was: None
[2026-02-26T02:00:09.292+0000] {taskinstance.py:340} INFO - ::group::Post task execution logs
[2026-02-26T02:00:09.293+0000] {taskinstance.py:352} INFO - Marking task as SUCCESS. dag_id=core_osm_table_generator, task_id=process_malls, run_id=manual__2026-02-26T01:24:26.305185+00:00, execution_date=20260226T012426, start_date=20260226T015912, end_date=20260226T020009
[2026-02-26T02:00:09.321+0000] {local_task_job_runner.py:266} INFO - Task exited with return code 0
[2026-02-26T02:00:09.353+0000] {taskinstance.py:3900} INFO - 1 downstream tasks scheduled from follow-on schedule check
[2026-02-26T02:00:09.354+0000] {local_task_job_runner.py:245} INFO - ::endgroup::
