[2026-02-26T00:55:01.495+0000] {local_task_job_runner.py:123} INFO - ::group::Pre task execution logs
[2026-02-26T00:55:01.539+0000] {taskinstance.py:2612} INFO - Dependencies all met for dep_context=non-requeueable deps ti=<TaskInstance: core_osm_table_generator.process_table manual__2026-02-26T00:54:54.913149+00:00 map_index=4 [queued]>
[2026-02-26T00:55:01.585+0000] {taskinstance.py:2612} INFO - Dependencies all met for dep_context=requeueable deps ti=<TaskInstance: core_osm_table_generator.process_table manual__2026-02-26T00:54:54.913149+00:00 map_index=4 [queued]>
[2026-02-26T00:55:01.587+0000] {taskinstance.py:2865} INFO - Starting attempt 1 of 1
[2026-02-26T00:55:01.767+0000] {taskinstance.py:2888} INFO - Executing <Mapped(_PythonDecoratedOperator): process_table> on 2026-02-26 00:54:54.913149+00:00
[2026-02-26T00:55:01.806+0000] {warnings.py:112} WARNING - /home/***/.local/lib/python3.12/site-packages/***/task/task_runner/standard_task_runner.py:70: DeprecationWarning: This process (pid=111) is multi-threaded, use of fork() may lead to deadlocks in the child.
  pid = os.fork()

[2026-02-26T00:55:01.827+0000] {standard_task_runner.py:72} INFO - Started process 127 to run task
[2026-02-26T00:55:01.880+0000] {standard_task_runner.py:104} INFO - Running: ['***', 'tasks', 'run', 'core_osm_table_generator', 'process_table', 'manual__2026-02-26T00:54:54.913149+00:00', '--job-id', '17', '--raw', '--subdir', 'DAGS_FOLDER/core_osm_table_generator_dag.py', '--cfg-path', '/tmp/tmppx9_oulm', '--map-index', '4']
[2026-02-26T00:55:01.888+0000] {standard_task_runner.py:105} INFO - Job 17: Subtask process_table
[2026-02-26T00:55:02.192+0000] {task_command.py:467} INFO - Running <TaskInstance: core_osm_table_generator.process_table manual__2026-02-26T00:54:54.913149+00:00 map_index=4 [running]> on host a0ea9a98cfa1
[2026-02-26T00:55:02.378+0000] {taskinstance.py:3131} INFO - Exporting env vars: AIRFLOW_CTX_DAG_OWNER='***' AIRFLOW_CTX_DAG_ID='core_osm_table_generator' AIRFLOW_CTX_TASK_ID='process_table' AIRFLOW_CTX_EXECUTION_DATE='2026-02-26T00:54:54.913149+00:00' AIRFLOW_CTX_TRY_NUMBER='1' AIRFLOW_CTX_DAG_RUN_ID='manual__2026-02-26T00:54:54.913149+00:00'
[2026-02-26T00:55:02.380+0000] {taskinstance.py:731} INFO - ::endgroup::
[2026-02-26T00:55:02.393+0000] {base.py:84} INFO - Retrieving connection 'neon_test'
[2026-02-26T00:55:03.143+0000] {core_osm_table_generator_dag.py:513} INFO - START: malls run_ts=2026-02-26 00:54:54.913149+00:00
[2026-02-26T00:55:03.513+0000] {core_osm_table_generator_dag.py:679} ERROR - FAILED: malls
Traceback (most recent call last):
  File "/opt/airflow/dags/core_osm_table_generator_dag.py", line 519, in process_one_table
    {build_columns_sql(unique_columns)}
     ^^^^^^^^^^^^^^^^^^^^^^^^^^^^^^^^^
  File "/opt/airflow/dags/core_osm_table_generator_dag.py", line 60, in build_columns_sql
    core_names = set(CORE_AND_COMMON)
                     ^^^^^^^^^^^^^^^
NameError: name 'CORE_AND_COMMON' is not defined
[2026-02-26T00:55:03.530+0000] {core_osm_table_generator_dag.py:681} INFO - END: malls status=failed fetched=0 inserted=0 elapsed_s=0.39
[2026-02-26T00:55:03.533+0000] {python.py:240} INFO - Done. Returned value was: {'table_name': 'malls', 'tag_key': 'shop', 'tag_value': '{"shop": "mall"}', 'records_fetched': 0, 'records_inserted': 0, 'status': 'failed', 'error': "name 'CORE_AND_COMMON' is not defined"}
[2026-02-26T00:55:03.581+0000] {taskinstance.py:340} INFO - ::group::Post task execution logs
[2026-02-26T00:55:03.583+0000] {taskinstance.py:352} INFO - Marking task as SUCCESS. dag_id=core_osm_table_generator, task_id=process_table, run_id=manual__2026-02-26T00:54:54.913149+00:00, map_index=4, execution_date=20260226T005454, start_date=20260226T005501, end_date=20260226T005503
[2026-02-26T00:55:03.604+0000] {local_task_job_runner.py:266} INFO - Task exited with return code 0
[2026-02-26T00:55:03.638+0000] {taskinstance.py:3900} INFO - 0 downstream tasks scheduled from follow-on schedule check
[2026-02-26T00:55:03.641+0000] {local_task_job_runner.py:245} INFO - ::endgroup::
