[2026-02-25T23:29:45.809+0000] {local_task_job_runner.py:123} INFO - ::group::Pre task execution logs
[2026-02-25T23:29:45.815+0000] {taskinstance.py:2612} INFO - Dependencies all met for dep_context=non-requeueable deps ti=<TaskInstance: osm_table_generator.process_bakeries manual__2026-02-25T21:34:00.064833+00:00 [queued]>
[2026-02-25T23:29:45.819+0000] {taskinstance.py:2612} INFO - Dependencies all met for dep_context=requeueable deps ti=<TaskInstance: osm_table_generator.process_bakeries manual__2026-02-25T21:34:00.064833+00:00 [queued]>
[2026-02-25T23:29:45.819+0000] {taskinstance.py:2865} INFO - Starting attempt 9 of 12
[2026-02-25T23:29:45.824+0000] {taskinstance.py:2888} INFO - Executing <Task(PythonOperator): process_bakeries> on 2026-02-25 21:34:00.064833+00:00
[2026-02-25T23:29:45.828+0000] {warnings.py:112} WARNING - /home/***/.local/lib/python3.12/site-packages/***/task/task_runner/standard_task_runner.py:70: DeprecationWarning: This process (pid=272) is multi-threaded, use of fork() may lead to deadlocks in the child.
  pid = os.fork()

[2026-02-25T23:29:45.829+0000] {standard_task_runner.py:72} INFO - Started process 274 to run task
[2026-02-25T23:29:45.829+0000] {standard_task_runner.py:104} INFO - Running: ['***', 'tasks', 'run', 'osm_table_generator', 'process_bakeries', 'manual__2026-02-25T21:34:00.064833+00:00', '--job-id', '54', '--raw', '--subdir', 'DAGS_FOLDER/osm_table_generator_dag.py', '--cfg-path', '/tmp/tmpu6as6gz2']
[2026-02-25T23:29:45.831+0000] {standard_task_runner.py:105} INFO - Job 54: Subtask process_bakeries
[2026-02-25T23:29:45.858+0000] {task_command.py:467} INFO - Running <TaskInstance: osm_table_generator.process_bakeries manual__2026-02-25T21:34:00.064833+00:00 [running]> on host 907a1a6bce13
[2026-02-25T23:29:45.892+0000] {taskinstance.py:3131} INFO - Exporting env vars: AIRFLOW_CTX_DAG_OWNER='***' AIRFLOW_CTX_DAG_ID='osm_table_generator' AIRFLOW_CTX_TASK_ID='process_bakeries' AIRFLOW_CTX_EXECUTION_DATE='2026-02-25T21:34:00.064833+00:00' AIRFLOW_CTX_TRY_NUMBER='9' AIRFLOW_CTX_DAG_RUN_ID='manual__2026-02-25T21:34:00.064833+00:00'
[2026-02-25T23:29:45.892+0000] {taskinstance.py:731} INFO - ::endgroup::
[2026-02-25T23:29:45.968+0000] {base.py:84} INFO - Retrieving connection 'neon_test'
[2026-02-25T23:29:47.066+0000] {osm_table_generator_dag.py:327} INFO - Processing table: bakeries
[2026-02-25T23:29:47.068+0000] {osm_table_generator_dag.py:90} INFO - OSMnx fetching bakeries with filter: {'shop': ['bakery', 'pastry'], 'bakery': 'yes'}
[2026-02-25T23:29:47.602+0000] {warnings.py:112} WARNING - /home/***/.local/lib/python3.12/site-packages/osmnx/_overpass.py:271: UserWarning: This area is 6,190 times your configured Overpass max query area size. It will automatically be divided up into multiple sub-queries accordingly. This may take a long time.
  multi_poly_proj = utils_geo._consolidate_subdivide_geometry(poly_proj)

[2026-02-25T23:39:46.926+0000] {local_task_job_runner.py:346} WARNING - State of this instance has been externally set to restarting. Terminating instance.
[2026-02-25T23:39:46.938+0000] {local_task_job_runner.py:245} INFO - ::endgroup::
[2026-02-25T23:39:46.941+0000] {process_utils.py:132} INFO - Sending 15 to group 274. PIDs of all processes in the group: [274]
[2026-02-25T23:39:46.941+0000] {process_utils.py:87} INFO - Sending the signal 15 to group 274
[2026-02-25T23:39:46.943+0000] {taskinstance.py:3092} ERROR - Received SIGTERM. Terminating subprocesses.
[2026-02-25T23:39:46.971+0000] {taskinstance.py:3310} ERROR - Task failed with exception
Traceback (most recent call last):
  File "/home/airflow/.local/lib/python3.12/site-packages/airflow/models/taskinstance.py", line 762, in _execute_task
    result = _execute_callable(context=context, **execute_callable_kwargs)
             ^^^^^^^^^^^^^^^^^^^^^^^^^^^^^^^^^^^^^^^^^^^^^^^^^^^^^^^^^^^^^
  File "/home/airflow/.local/lib/python3.12/site-packages/airflow/models/taskinstance.py", line 733, in _execute_callable
    return ExecutionCallableRunner(
           ^^^^^^^^^^^^^^^^^^^^^^^^
  File "/home/airflow/.local/lib/python3.12/site-packages/airflow/utils/operator_helpers.py", line 252, in run
    return self.func(*args, **kwargs)
           ^^^^^^^^^^^^^^^^^^^^^^^^^^
  File "/home/airflow/.local/lib/python3.12/site-packages/airflow/models/baseoperator.py", line 406, in wrapper
    return func(self, *args, **kwargs)
           ^^^^^^^^^^^^^^^^^^^^^^^^^^^
  File "/home/airflow/.local/lib/python3.12/site-packages/airflow/operators/python.py", line 238, in execute
    return_value = self.execute_callable()
                   ^^^^^^^^^^^^^^^^^^^^^^^
  File "/home/airflow/.local/lib/python3.12/site-packages/airflow/operators/python.py", line 256, in execute_callable
    return runner.run(*self.op_args, **self.op_kwargs)
           ^^^^^^^^^^^^^^^^^^^^^^^^^^^^^^^^^^^^^^^^^^^
  File "/home/airflow/.local/lib/python3.12/site-packages/airflow/utils/operator_helpers.py", line 252, in run
    return self.func(*args, **kwargs)
           ^^^^^^^^^^^^^^^^^^^^^^^^^^
  File "/opt/airflow/dags/osm_table_generator_dag.py", line 333, in process_single_table
    tags = table_config.get("tags")
               ^^^^^^^^^^^^^^^^^^^^^
  File "/opt/airflow/dags/osm_table_generator_dag.py", line 97, in fetch_osm_data_osmnx
  File "/home/airflow/.local/lib/python3.12/site-packages/osmnx/features.py", line 130, in features_from_bbox
    return features_from_polygon(polygon, tags)
           ^^^^^^^^^^^^^^^^^^^^^^^^^^^^^^^^^^^^
  File "/home/airflow/.local/lib/python3.12/site-packages/osmnx/features.py", line 332, in features_from_polygon
    return _create_gdf(response_jsons, polygon, tags)
           ^^^^^^^^^^^^^^^^^^^^^^^^^^^^^^^^^^^^^^^^^^
  File "/home/airflow/.local/lib/python3.12/site-packages/osmnx/features.py", line 406, in _create_gdf
    for response_json in response_jsons:
                         ^^^^^^^^^^^^^^
  File "/home/airflow/.local/lib/python3.12/site-packages/osmnx/_overpass.py", line 432, in _download_overpass_features
    yield _overpass_request(OrderedDict(data=query_str))
          ^^^^^^^^^^^^^^^^^^^^^^^^^^^^^^^^^^^^^^^^^^^^^^
  File "/home/airflow/.local/lib/python3.12/site-packages/osmnx/_overpass.py", line 485, in _overpass_request
    time.sleep(error_pause)
  File "/home/airflow/.local/lib/python3.12/site-packages/airflow/models/taskinstance.py", line 3094, in signal_handler
    raise AirflowTaskTerminated("Task received SIGTERM signal")
airflow.exceptions.AirflowTaskTerminated: Task received SIGTERM signal
[2026-02-25T23:39:46.981+0000] {taskinstance.py:1225} INFO - Marking task as UP_FOR_RETRY. dag_id=osm_table_generator, task_id=process_bakeries, run_id=manual__2026-02-25T21:34:00.064833+00:00, execution_date=20260225T213400, start_date=20260225T232945, end_date=20260225T233946
[2026-02-25T23:39:46.991+0000] {taskinstance.py:340} INFO - ::group::Post task execution logs
[2026-02-25T23:39:47.045+0000] {process_utils.py:80} INFO - Process psutil.Process(pid=274, status='terminated', exitcode=2, started='23:29:44') (274) terminated with exit code 2
