[2026-02-25T23:43:12.662+0000] {local_task_job_runner.py:123} INFO - ::group::Pre task execution logs
[2026-02-25T23:43:12.669+0000] {taskinstance.py:2612} INFO - Dependencies all met for dep_context=non-requeueable deps ti=<TaskInstance: osm_table_generator.process_bakeries manual__2026-02-25T21:34:00.064833+00:00 [queued]>
[2026-02-25T23:43:12.672+0000] {taskinstance.py:2612} INFO - Dependencies all met for dep_context=requeueable deps ti=<TaskInstance: osm_table_generator.process_bakeries manual__2026-02-25T21:34:00.064833+00:00 [queued]>
[2026-02-25T23:43:12.672+0000] {taskinstance.py:2865} INFO - Starting attempt 10 of 13
[2026-02-25T23:43:12.678+0000] {taskinstance.py:2888} INFO - Executing <Task(PythonOperator): process_bakeries> on 2026-02-25 21:34:00.064833+00:00
[2026-02-25T23:43:12.681+0000] {warnings.py:112} WARNING - /home/***/.local/lib/python3.12/site-packages/***/task/task_runner/standard_task_runner.py:70: DeprecationWarning: This process (pid=276) is multi-threaded, use of fork() may lead to deadlocks in the child.
  pid = os.fork()

[2026-02-25T23:43:12.682+0000] {standard_task_runner.py:72} INFO - Started process 278 to run task
[2026-02-25T23:43:12.682+0000] {standard_task_runner.py:104} INFO - Running: ['***', 'tasks', 'run', 'osm_table_generator', 'process_bakeries', 'manual__2026-02-25T21:34:00.064833+00:00', '--job-id', '55', '--raw', '--subdir', 'DAGS_FOLDER/osm_table_generator_dag.py', '--cfg-path', '/tmp/tmpjl68ij65']
[2026-02-25T23:43:12.689+0000] {standard_task_runner.py:105} INFO - Job 55: Subtask process_bakeries
[2026-02-25T23:43:12.741+0000] {task_command.py:467} INFO - Running <TaskInstance: osm_table_generator.process_bakeries manual__2026-02-25T21:34:00.064833+00:00 [running]> on host 907a1a6bce13
[2026-02-25T23:43:12.800+0000] {taskinstance.py:3131} INFO - Exporting env vars: AIRFLOW_CTX_DAG_OWNER='***' AIRFLOW_CTX_DAG_ID='osm_table_generator' AIRFLOW_CTX_TASK_ID='process_bakeries' AIRFLOW_CTX_EXECUTION_DATE='2026-02-25T21:34:00.064833+00:00' AIRFLOW_CTX_TRY_NUMBER='10' AIRFLOW_CTX_DAG_RUN_ID='manual__2026-02-25T21:34:00.064833+00:00'
[2026-02-25T23:43:12.801+0000] {taskinstance.py:731} INFO - ::endgroup::
[2026-02-25T23:43:12.910+0000] {base.py:84} INFO - Retrieving connection 'neon_test'
[2026-02-25T23:43:14.034+0000] {osm_table_generator_dag.py:335} INFO - Processing table: bakeries
[2026-02-25T23:43:14.037+0000] {osm_table_generator_dag.py:98} INFO - OSMnx fetching bakeries with filter: {'shop': ['bakery', 'pastry'], 'bakery': 'yes'}
[2026-02-25T23:43:14.197+0000] {warnings.py:112} WARNING - /home/***/.local/lib/python3.12/site-packages/osmnx/_overpass.py:271: UserWarning: This area is 6,190 times your configured Overpass max query area size. It will automatically be divided up into multiple sub-queries accordingly. This may take a long time.
  multi_poly_proj = utils_geo._consolidate_subdivide_geometry(poly_proj)

[2026-02-25T23:48:46.485+0000] {local_task_job_runner.py:346} WARNING - State of this instance has been externally set to restarting. Terminating instance.
[2026-02-25T23:48:46.494+0000] {local_task_job_runner.py:245} INFO - ::endgroup::
[2026-02-25T23:48:46.497+0000] {process_utils.py:132} INFO - Sending 15 to group 278. PIDs of all processes in the group: [278]
[2026-02-25T23:48:46.497+0000] {process_utils.py:87} INFO - Sending the signal 15 to group 278
[2026-02-25T23:48:46.498+0000] {taskinstance.py:3092} ERROR - Received SIGTERM. Terminating subprocesses.
[2026-02-25T23:48:46.538+0000] {taskinstance.py:3310} ERROR - Task failed with exception
Traceback (most recent call last):
  File "/home/airflow/.local/lib/python3.12/site-packages/airflow/models/taskinstance.py", line 762, in _execute_task
    result = _execute_callable(context=context, **execute_callable_kwargs)
             ^^^^^^^^^^^^^^^^^^^^^^^^^^^^^^^^^^^^^^^^^^^^^^^^^^^^^^^^^^^^^
  File "/home/airflow/.local/lib/python3.12/site-packages/airflow/models/taskinstance.py", line 733, in _execute_callable
    return ExecutionCallableRunner(
           ^^^^^^^^^^^^^^^^^^^^^^^^
  File "/home/airflow/.local/lib/python3.12/site-packages/airflow/utils/operator_helpers.py", line 252, in run
    return self.func(*args, **kwargs)
           ^^^^^^^^^^^^^^^^^^^^^^^^^^
  File "/home/airflow/.local/lib/python3.12/site-packages/airflow/models/baseoperator.py", line 406, in wrapper
    return func(self, *args, **kwargs)
           ^^^^^^^^^^^^^^^^^^^^^^^^^^^
  File "/home/airflow/.local/lib/python3.12/site-packages/airflow/operators/python.py", line 238, in execute
    return_value = self.execute_callable()
                   ^^^^^^^^^^^^^^^^^^^^^^^
  File "/home/airflow/.local/lib/python3.12/site-packages/airflow/operators/python.py", line 256, in execute_callable
    return runner.run(*self.op_args, **self.op_kwargs)
           ^^^^^^^^^^^^^^^^^^^^^^^^^^^^^^^^^^^^^^^^^^^
  File "/home/airflow/.local/lib/python3.12/site-packages/airflow/utils/operator_helpers.py", line 252, in run
    return self.func(*args, **kwargs)
           ^^^^^^^^^^^^^^^^^^^^^^^^^^
  File "/opt/airflow/dags/osm_table_generator_dag.py", line 341, in process_single_table
  File "/opt/airflow/dags/osm_table_generator_dag.py", line 105, in fetch_osm_data_osmnx
  File "/home/airflow/.local/lib/python3.12/site-packages/osmnx/features.py", line 130, in features_from_bbox
    return features_from_polygon(polygon, tags)
           ^^^^^^^^^^^^^^^^^^^^^^^^^^^^^^^^^^^^
  File "/home/airflow/.local/lib/python3.12/site-packages/osmnx/features.py", line 332, in features_from_polygon
    return _create_gdf(response_jsons, polygon, tags)
           ^^^^^^^^^^^^^^^^^^^^^^^^^^^^^^^^^^^^^^^^^^
  File "/home/airflow/.local/lib/python3.12/site-packages/osmnx/features.py", line 406, in _create_gdf
    for response_json in response_jsons:
                         ^^^^^^^^^^^^^^
  File "/home/airflow/.local/lib/python3.12/site-packages/osmnx/_overpass.py", line 432, in _download_overpass_features
    yield _overpass_request(OrderedDict(data=query_str))
          ^^^^^^^^^^^^^^^^^^^^^^^^^^^^^^^^^^^^^^^^^^^^^^
  File "/home/airflow/.local/lib/python3.12/site-packages/osmnx/_overpass.py", line 464, in _overpass_request
    time.sleep(pause)
  File "/home/airflow/.local/lib/python3.12/site-packages/airflow/models/taskinstance.py", line 3094, in signal_handler
    raise AirflowTaskTerminated("Task received SIGTERM signal")
airflow.exceptions.AirflowTaskTerminated: Task received SIGTERM signal
[2026-02-25T23:48:46.544+0000] {taskinstance.py:1225} INFO - Marking task as UP_FOR_RETRY. dag_id=osm_table_generator, task_id=process_bakeries, run_id=manual__2026-02-25T21:34:00.064833+00:00, execution_date=20260225T213400, start_date=20260225T234312, end_date=20260225T234846
[2026-02-25T23:48:46.554+0000] {taskinstance.py:340} INFO - ::group::Post task execution logs
[2026-02-25T23:48:46.598+0000] {process_utils.py:80} INFO - Process psutil.Process(pid=278, status='terminated', exitcode=2, started='23:43:11') (278) terminated with exit code 2
