[2026-02-25T22:55:34.404+0000] {local_task_job_runner.py:123} INFO - ::group::Pre task execution logs
[2026-02-25T22:55:34.409+0000] {taskinstance.py:2612} INFO - Dependencies all met for dep_context=non-requeueable deps ti=<TaskInstance: osm_table_generator.process_bakeries manual__2026-02-25T22:27:46.438266+00:00 [queued]>
[2026-02-25T22:55:34.413+0000] {taskinstance.py:2612} INFO - Dependencies all met for dep_context=requeueable deps ti=<TaskInstance: osm_table_generator.process_bakeries manual__2026-02-25T22:27:46.438266+00:00 [queued]>
[2026-02-25T22:55:34.413+0000] {taskinstance.py:2865} INFO - Starting attempt 3 of 4
[2026-02-25T22:55:34.417+0000] {taskinstance.py:2888} INFO - Executing <Task(PythonOperator): process_bakeries> on 2026-02-25 22:27:46.438266+00:00
[2026-02-25T22:55:34.421+0000] {warnings.py:112} WARNING - /home/***/.local/lib/python3.12/site-packages/***/task/task_runner/standard_task_runner.py:70: DeprecationWarning: This process (pid=244) is multi-threaded, use of fork() may lead to deadlocks in the child.
  pid = os.fork()

[2026-02-25T22:55:34.422+0000] {standard_task_runner.py:72} INFO - Started process 246 to run task
[2026-02-25T22:55:34.422+0000] {standard_task_runner.py:104} INFO - Running: ['***', 'tasks', 'run', 'osm_table_generator', 'process_bakeries', 'manual__2026-02-25T22:27:46.438266+00:00', '--job-id', '47', '--raw', '--subdir', 'DAGS_FOLDER/osm_table_generator_dag.py', '--cfg-path', '/tmp/tmp8m476_j2']
[2026-02-25T22:55:34.424+0000] {standard_task_runner.py:105} INFO - Job 47: Subtask process_bakeries
[2026-02-25T22:55:34.444+0000] {task_command.py:467} INFO - Running <TaskInstance: osm_table_generator.process_bakeries manual__2026-02-25T22:27:46.438266+00:00 [running]> on host 907a1a6bce13
[2026-02-25T22:55:34.482+0000] {taskinstance.py:3131} INFO - Exporting env vars: AIRFLOW_CTX_DAG_OWNER='***' AIRFLOW_CTX_DAG_ID='osm_table_generator' AIRFLOW_CTX_TASK_ID='process_bakeries' AIRFLOW_CTX_EXECUTION_DATE='2026-02-25T22:27:46.438266+00:00' AIRFLOW_CTX_TRY_NUMBER='3' AIRFLOW_CTX_DAG_RUN_ID='manual__2026-02-25T22:27:46.438266+00:00'
[2026-02-25T22:55:34.483+0000] {taskinstance.py:731} INFO - ::endgroup::
[2026-02-25T22:55:34.577+0000] {base.py:84} INFO - Retrieving connection 'neon_test'
[2026-02-25T22:55:35.703+0000] {osm_table_generator_dag.py:329} INFO - Processing table: bakeries
[2026-02-25T22:55:35.703+0000] {osm_table_generator_dag.py:90} INFO - OSMnx fetching bakeries with filter: {'shop': ['bakery', 'pastry'], 'bakery': 'yes'}
[2026-02-25T22:55:35.704+0000] {osm_table_generator_dag.py:131} ERROR - Error fetching bakeries: features_from_bbox() takes 2 positional arguments but 5 were given
[2026-02-25T22:55:35.704+0000] {osm_table_generator_dag.py:361} ERROR -  Error processing table bakeries: features_from_bbox() takes 2 positional arguments but 5 were given
[2026-02-25T22:55:35.705+0000] {taskinstance.py:3310} ERROR - Task failed with exception
Traceback (most recent call last):
  File "/opt/airflow/dags/osm_table_generator_dag.py", line 96, in fetch_osm_data_osmnx
    gdf = ox.geometries_from_bbox(52.7, 52.3, 13.7, 13.0, tags=osm_filter)
          ^^^^^^^^^^^^^^^^^^^^^^^
AttributeError: module 'osmnx' has no attribute 'geometries_from_bbox'. Did you mean: 'features_from_bbox'?

During handling of the above exception, another exception occurred:

Traceback (most recent call last):
  File "/home/airflow/.local/lib/python3.12/site-packages/airflow/models/taskinstance.py", line 762, in _execute_task
    result = _execute_callable(context=context, **execute_callable_kwargs)
             ^^^^^^^^^^^^^^^^^^^^^^^^^^^^^^^^^^^^^^^^^^^^^^^^^^^^^^^^^^^^^
  File "/home/airflow/.local/lib/python3.12/site-packages/airflow/models/taskinstance.py", line 733, in _execute_callable
    return ExecutionCallableRunner(
           ^^^^^^^^^^^^^^^^^^^^^^^^
  File "/home/airflow/.local/lib/python3.12/site-packages/airflow/utils/operator_helpers.py", line 252, in run
    return self.func(*args, **kwargs)
           ^^^^^^^^^^^^^^^^^^^^^^^^^^
  File "/home/airflow/.local/lib/python3.12/site-packages/airflow/models/baseoperator.py", line 406, in wrapper
    return func(self, *args, **kwargs)
           ^^^^^^^^^^^^^^^^^^^^^^^^^^^
  File "/home/airflow/.local/lib/python3.12/site-packages/airflow/operators/python.py", line 238, in execute
    return_value = self.execute_callable()
                   ^^^^^^^^^^^^^^^^^^^^^^^
  File "/home/airflow/.local/lib/python3.12/site-packages/airflow/operators/python.py", line 256, in execute_callable
    return runner.run(*self.op_args, **self.op_kwargs)
           ^^^^^^^^^^^^^^^^^^^^^^^^^^^^^^^^^^^^^^^^^^^
  File "/home/airflow/.local/lib/python3.12/site-packages/airflow/utils/operator_helpers.py", line 252, in run
    return self.func(*args, **kwargs)
           ^^^^^^^^^^^^^^^^^^^^^^^^^^
  File "/opt/airflow/dags/osm_table_generator_dag.py", line 335, in process_single_table
    elements = fetch_osm_data_osmnx(table_config)
               ^^^^^^^^^^^^^^^^^^^^^^^^^^^^^^^^^^
  File "/opt/airflow/dags/osm_table_generator_dag.py", line 99, in fetch_osm_data_osmnx
    gdf = ox.features_from_bbox(52.7, 52.3, 13.7, 13.0, osm_filter)
          ^^^^^^^^^^^^^^^^^^^^^^^^^^^^^^^^^^^^^^^^^^^^^^^^^^^^^^^^^
TypeError: features_from_bbox() takes 2 positional arguments but 5 were given
[2026-02-25T22:55:35.716+0000] {taskinstance.py:1225} INFO - Marking task as UP_FOR_RETRY. dag_id=osm_table_generator, task_id=process_bakeries, run_id=manual__2026-02-25T22:27:46.438266+00:00, execution_date=20260225T222746, start_date=20260225T225534, end_date=20260225T225535
[2026-02-25T22:55:35.723+0000] {taskinstance.py:340} INFO - ::group::Post task execution logs
[2026-02-25T22:55:35.724+0000] {standard_task_runner.py:124} ERROR - Failed to execute job 47 for task process_bakeries (features_from_bbox() takes 2 positional arguments but 5 were given; 246)
Traceback (most recent call last):
  File "/opt/airflow/dags/osm_table_generator_dag.py", line 96, in fetch_osm_data_osmnx
    gdf = ox.geometries_from_bbox(52.7, 52.3, 13.7, 13.0, tags=osm_filter)
          ^^^^^^^^^^^^^^^^^^^^^^^
AttributeError: module 'osmnx' has no attribute 'geometries_from_bbox'. Did you mean: 'features_from_bbox'?

During handling of the above exception, another exception occurred:

Traceback (most recent call last):
  File "/home/airflow/.local/lib/python3.12/site-packages/airflow/task/task_runner/standard_task_runner.py", line 117, in _start_by_fork
    ret = args.func(args, dag=self.dag)
          ^^^^^^^^^^^^^^^^^^^^^^^^^^^^^
  File "/home/airflow/.local/lib/python3.12/site-packages/airflow/cli/cli_config.py", line 49, in command
    return func(*args, **kwargs)
           ^^^^^^^^^^^^^^^^^^^^^
  File "/home/airflow/.local/lib/python3.12/site-packages/airflow/utils/cli.py", line 115, in wrapper
    return f(*args, **kwargs)
           ^^^^^^^^^^^^^^^^^^
  File "/home/airflow/.local/lib/python3.12/site-packages/airflow/cli/commands/task_command.py", line 483, in task_run
    task_return_code = _run_task_by_selected_method(args, _dag, ti)
                       ^^^^^^^^^^^^^^^^^^^^^^^^^^^^^^^^^^^^^^^^^^^^
  File "/home/airflow/.local/lib/python3.12/site-packages/airflow/cli/commands/task_command.py", line 256, in _run_task_by_selected_method
    return _run_raw_task(args, ti)
           ^^^^^^^^^^^^^^^^^^^^^^^
  File "/home/airflow/.local/lib/python3.12/site-packages/airflow/cli/commands/task_command.py", line 341, in _run_raw_task
    return ti._run_raw_task(
           ^^^^^^^^^^^^^^^^^
  File "/home/airflow/.local/lib/python3.12/site-packages/airflow/utils/session.py", line 97, in wrapper
    return func(*args, session=session, **kwargs)
           ^^^^^^^^^^^^^^^^^^^^^^^^^^^^^^^^^^^^^^
  File "/home/airflow/.local/lib/python3.12/site-packages/airflow/models/taskinstance.py", line 3004, in _run_raw_task
    return _run_raw_task(
           ^^^^^^^^^^^^^^
  File "/home/airflow/.local/lib/python3.12/site-packages/airflow/models/taskinstance.py", line 273, in _run_raw_task
    TaskInstance._execute_task_with_callbacks(
  File "/home/airflow/.local/lib/python3.12/site-packages/airflow/models/taskinstance.py", line 3158, in _execute_task_with_callbacks
    result = self._execute_task(context, task_orig)
             ^^^^^^^^^^^^^^^^^^^^^^^^^^^^^^^^^^^^^^
  File "/home/airflow/.local/lib/python3.12/site-packages/airflow/models/taskinstance.py", line 3182, in _execute_task
    return _execute_task(self, context, task_orig)
           ^^^^^^^^^^^^^^^^^^^^^^^^^^^^^^^^^^^^^^^
  File "/home/airflow/.local/lib/python3.12/site-packages/airflow/models/taskinstance.py", line 762, in _execute_task
    result = _execute_callable(context=context, **execute_callable_kwargs)
             ^^^^^^^^^^^^^^^^^^^^^^^^^^^^^^^^^^^^^^^^^^^^^^^^^^^^^^^^^^^^^
  File "/home/airflow/.local/lib/python3.12/site-packages/airflow/models/taskinstance.py", line 733, in _execute_callable
    return ExecutionCallableRunner(
           ^^^^^^^^^^^^^^^^^^^^^^^^
  File "/home/airflow/.local/lib/python3.12/site-packages/airflow/utils/operator_helpers.py", line 252, in run
    return self.func(*args, **kwargs)
           ^^^^^^^^^^^^^^^^^^^^^^^^^^
  File "/home/airflow/.local/lib/python3.12/site-packages/airflow/models/baseoperator.py", line 406, in wrapper
    return func(self, *args, **kwargs)
           ^^^^^^^^^^^^^^^^^^^^^^^^^^^
  File "/home/airflow/.local/lib/python3.12/site-packages/airflow/operators/python.py", line 238, in execute
    return_value = self.execute_callable()
                   ^^^^^^^^^^^^^^^^^^^^^^^
  File "/home/airflow/.local/lib/python3.12/site-packages/airflow/operators/python.py", line 256, in execute_callable
    return runner.run(*self.op_args, **self.op_kwargs)
           ^^^^^^^^^^^^^^^^^^^^^^^^^^^^^^^^^^^^^^^^^^^
  File "/home/airflow/.local/lib/python3.12/site-packages/airflow/utils/operator_helpers.py", line 252, in run
    return self.func(*args, **kwargs)
           ^^^^^^^^^^^^^^^^^^^^^^^^^^
  File "/opt/airflow/dags/osm_table_generator_dag.py", line 335, in process_single_table
    elements = fetch_osm_data_osmnx(table_config)
               ^^^^^^^^^^^^^^^^^^^^^^^^^^^^^^^^^^
  File "/opt/airflow/dags/osm_table_generator_dag.py", line 99, in fetch_osm_data_osmnx
    gdf = ox.features_from_bbox(52.7, 52.3, 13.7, 13.0, osm_filter)
          ^^^^^^^^^^^^^^^^^^^^^^^^^^^^^^^^^^^^^^^^^^^^^^^^^^^^^^^^^
TypeError: features_from_bbox() takes 2 positional arguments but 5 were given
[2026-02-25T22:55:35.768+0000] {local_task_job_runner.py:266} INFO - Task exited with return code 1
[2026-02-25T22:55:35.782+0000] {taskinstance.py:3900} INFO - 0 downstream tasks scheduled from follow-on schedule check
[2026-02-25T22:55:35.782+0000] {local_task_job_runner.py:245} INFO - ::endgroup::
