[2026-02-24T21:25:44.999+0000] {local_task_job_runner.py:123} INFO - ::group::Pre task execution logs
[2026-02-24T21:25:45.010+0000] {taskinstance.py:2612} INFO - Dependencies all met for dep_context=non-requeueable deps ti=<TaskInstance: core_osm_table_generator.process_hospitals manual__2026-02-24T20:59:22.046009+00:00 [queued]>
[2026-02-24T21:25:45.014+0000] {taskinstance.py:2612} INFO - Dependencies all met for dep_context=requeueable deps ti=<TaskInstance: core_osm_table_generator.process_hospitals manual__2026-02-24T20:59:22.046009+00:00 [queued]>
[2026-02-24T21:25:45.014+0000] {taskinstance.py:2865} INFO - Starting attempt 2 of 7
[2026-02-24T21:25:45.023+0000] {taskinstance.py:2888} INFO - Executing <Task(PythonOperator): process_hospitals> on 2026-02-24 20:59:22.046009+00:00
[2026-02-24T21:25:45.026+0000] {warnings.py:112} WARNING - /home/***/.local/lib/python3.12/site-packages/***/task/task_runner/standard_task_runner.py:70: DeprecationWarning: This process (pid=604) is multi-threaded, use of fork() may lead to deadlocks in the child.
  pid = os.fork()

[2026-02-24T21:25:45.028+0000] {standard_task_runner.py:72} INFO - Started process 605 to run task
[2026-02-24T21:25:45.027+0000] {standard_task_runner.py:104} INFO - Running: ['***', 'tasks', 'run', 'core_osm_table_generator', 'process_hospitals', 'manual__2026-02-24T20:59:22.046009+00:00', '--job-id', '188', '--raw', '--subdir', 'DAGS_FOLDER/core_osm_table_generator_dag.py', '--cfg-path', '/tmp/tmphvegpaz8']
[2026-02-24T21:25:45.028+0000] {standard_task_runner.py:105} INFO - Job 188: Subtask process_hospitals
[2026-02-24T21:25:45.048+0000] {task_command.py:467} INFO - Running <TaskInstance: core_osm_table_generator.process_hospitals manual__2026-02-24T20:59:22.046009+00:00 [running]> on host 2b004ae002f2
[2026-02-24T21:25:45.116+0000] {taskinstance.py:3131} INFO - Exporting env vars: AIRFLOW_CTX_DAG_OWNER='***' AIRFLOW_CTX_DAG_ID='core_osm_table_generator' AIRFLOW_CTX_TASK_ID='process_hospitals' AIRFLOW_CTX_EXECUTION_DATE='2026-02-24T20:59:22.046009+00:00' AIRFLOW_CTX_TRY_NUMBER='2' AIRFLOW_CTX_DAG_RUN_ID='manual__2026-02-24T20:59:22.046009+00:00'
[2026-02-24T21:25:45.118+0000] {taskinstance.py:731} INFO - ::endgroup::
[2026-02-24T21:25:45.217+0000] {base.py:84} INFO - Retrieving connection 'neon_test'
[2026-02-24T21:25:46.293+0000] {core_osm_table_generator_dag.py:264} INFO - Processing table: hospitals
[2026-02-24T21:25:47.933+0000] {core_osm_table_generator_dag.py:286} INFO -  Finished processing hospitals: Fetched 0, Inserted 0
[2026-02-24T21:26:17.956+0000] {python.py:240} INFO - Done. Returned value was: None
[2026-02-24T21:26:17.974+0000] {taskinstance.py:340} INFO - ::group::Post task execution logs
[2026-02-24T21:26:17.974+0000] {taskinstance.py:352} INFO - Marking task as SUCCESS. dag_id=core_osm_table_generator, task_id=process_hospitals, run_id=manual__2026-02-24T20:59:22.046009+00:00, execution_date=20260224T205922, start_date=20260224T212545, end_date=20260224T212617
[2026-02-24T21:26:18.013+0000] {local_task_job_runner.py:266} INFO - Task exited with return code 0
[2026-02-24T21:26:18.039+0000] {taskinstance.py:3900} INFO - 1 downstream tasks scheduled from follow-on schedule check
[2026-02-24T21:26:18.040+0000] {local_task_job_runner.py:245} INFO - ::endgroup::
