[2026-02-24T21:44:13.969+0000] {local_task_job_runner.py:123} INFO - ::group::Pre task execution logs
[2026-02-24T21:44:13.975+0000] {taskinstance.py:2612} INFO - Dependencies all met for dep_context=non-requeueable deps ti=<TaskInstance: core_osm_table_generator.process_museums manual__2026-02-24T20:59:22.046009+00:00 [queued]>
[2026-02-24T21:44:13.978+0000] {taskinstance.py:2612} INFO - Dependencies all met for dep_context=requeueable deps ti=<TaskInstance: core_osm_table_generator.process_museums manual__2026-02-24T20:59:22.046009+00:00 [queued]>
[2026-02-24T21:44:13.978+0000] {taskinstance.py:2865} INFO - Starting attempt 2 of 6
[2026-02-24T21:44:13.982+0000] {taskinstance.py:2888} INFO - Executing <Task(PythonOperator): process_museums> on 2026-02-24 20:59:22.046009+00:00
[2026-02-24T21:44:13.985+0000] {warnings.py:112} WARNING - /home/***/.local/lib/python3.12/site-packages/***/task/task_runner/standard_task_runner.py:70: DeprecationWarning: This process (pid=632) is multi-threaded, use of fork() may lead to deadlocks in the child.
  pid = os.fork()

[2026-02-24T21:44:13.985+0000] {standard_task_runner.py:72} INFO - Started process 633 to run task
[2026-02-24T21:44:13.986+0000] {standard_task_runner.py:104} INFO - Running: ['***', 'tasks', 'run', 'core_osm_table_generator', 'process_museums', 'manual__2026-02-24T20:59:22.046009+00:00', '--job-id', '198', '--raw', '--subdir', 'DAGS_FOLDER/core_osm_table_generator_dag.py', '--cfg-path', '/tmp/tmppjhwjnki']
[2026-02-24T21:44:13.986+0000] {standard_task_runner.py:105} INFO - Job 198: Subtask process_museums
[2026-02-24T21:44:14.003+0000] {task_command.py:467} INFO - Running <TaskInstance: core_osm_table_generator.process_museums manual__2026-02-24T20:59:22.046009+00:00 [running]> on host 2b004ae002f2
[2026-02-24T21:44:14.035+0000] {taskinstance.py:3131} INFO - Exporting env vars: AIRFLOW_CTX_DAG_OWNER='***' AIRFLOW_CTX_DAG_ID='core_osm_table_generator' AIRFLOW_CTX_TASK_ID='process_museums' AIRFLOW_CTX_EXECUTION_DATE='2026-02-24T20:59:22.046009+00:00' AIRFLOW_CTX_TRY_NUMBER='2' AIRFLOW_CTX_DAG_RUN_ID='manual__2026-02-24T20:59:22.046009+00:00'
[2026-02-24T21:44:14.035+0000] {taskinstance.py:731} INFO - ::endgroup::
[2026-02-24T21:44:14.116+0000] {base.py:84} INFO - Retrieving connection 'neon_test'
[2026-02-24T21:44:15.246+0000] {core_osm_table_generator_dag.py:264} INFO - Processing table: museums
[2026-02-24T21:44:56.746+0000] {core_osm_table_generator_dag.py:286} INFO -  Finished processing museums: Fetched 288, Inserted 288
[2026-02-24T21:45:26.799+0000] {python.py:240} INFO - Done. Returned value was: None
[2026-02-24T21:45:26.815+0000] {taskinstance.py:340} INFO - ::group::Post task execution logs
[2026-02-24T21:45:26.816+0000] {taskinstance.py:352} INFO - Marking task as SUCCESS. dag_id=core_osm_table_generator, task_id=process_museums, run_id=manual__2026-02-24T20:59:22.046009+00:00, execution_date=20260224T205922, start_date=20260224T214413, end_date=20260224T214526
[2026-02-24T21:45:26.872+0000] {local_task_job_runner.py:266} INFO - Task exited with return code 0
[2026-02-24T21:45:26.883+0000] {taskinstance.py:3900} INFO - 0 downstream tasks scheduled from follow-on schedule check
[2026-02-24T21:45:26.884+0000] {local_task_job_runner.py:245} INFO - ::endgroup::
