[2026-02-25T22:09:39.991+0000] {local_task_job_runner.py:123} INFO - ::group::Pre task execution logs
[2026-02-25T22:09:40.002+0000] {taskinstance.py:2612} INFO - Dependencies all met for dep_context=non-requeueable deps ti=<TaskInstance: osm_table_generator.process_bakeries manual__2026-02-25T21:40:07.394921+00:00 [queued]>
[2026-02-25T22:09:40.006+0000] {taskinstance.py:2612} INFO - Dependencies all met for dep_context=requeueable deps ti=<TaskInstance: osm_table_generator.process_bakeries manual__2026-02-25T21:40:07.394921+00:00 [queued]>
[2026-02-25T22:09:40.006+0000] {taskinstance.py:2865} INFO - Starting attempt 3 of 6
[2026-02-25T22:09:40.012+0000] {taskinstance.py:2888} INFO - Executing <Task(PythonOperator): process_bakeries> on 2026-02-25 21:40:07.394921+00:00
[2026-02-25T22:09:40.017+0000] {warnings.py:112} WARNING - /home/***/.local/lib/python3.12/site-packages/***/task/task_runner/standard_task_runner.py:70: DeprecationWarning: This process (pid=164) is multi-threaded, use of fork() may lead to deadlocks in the child.
  pid = os.fork()

[2026-02-25T22:09:40.018+0000] {standard_task_runner.py:72} INFO - Started process 166 to run task
[2026-02-25T22:09:40.018+0000] {standard_task_runner.py:104} INFO - Running: ['***', 'tasks', 'run', 'osm_table_generator', 'process_bakeries', 'manual__2026-02-25T21:40:07.394921+00:00', '--job-id', '27', '--raw', '--subdir', 'DAGS_FOLDER/osm_table_generator_dag.py', '--cfg-path', '/tmp/tmphfc_kqc0']
[2026-02-25T22:09:40.021+0000] {standard_task_runner.py:105} INFO - Job 27: Subtask process_bakeries
[2026-02-25T22:09:40.048+0000] {task_command.py:467} INFO - Running <TaskInstance: osm_table_generator.process_bakeries manual__2026-02-25T21:40:07.394921+00:00 [running]> on host 907a1a6bce13
[2026-02-25T22:09:40.085+0000] {taskinstance.py:3131} INFO - Exporting env vars: AIRFLOW_CTX_DAG_OWNER='***' AIRFLOW_CTX_DAG_ID='osm_table_generator' AIRFLOW_CTX_TASK_ID='process_bakeries' AIRFLOW_CTX_EXECUTION_DATE='2026-02-25T21:40:07.394921+00:00' AIRFLOW_CTX_TRY_NUMBER='3' AIRFLOW_CTX_DAG_RUN_ID='manual__2026-02-25T21:40:07.394921+00:00'
[2026-02-25T22:09:40.086+0000] {taskinstance.py:731} INFO - ::endgroup::
[2026-02-25T22:09:40.175+0000] {base.py:84} INFO - Retrieving connection 'neon_test'
[2026-02-25T22:09:41.291+0000] {osm_table_generator_dag.py:297} INFO - Processing table: bakeries
[2026-02-25T22:09:41.293+0000] {osm_table_generator_dag.py:59} INFO - OSMnx fetching bakeries with filter: {'shop': ['bakery', 'pastry'], 'bakery': 'yes'}
[2026-02-25T22:09:41.293+0000] {osm_table_generator_dag.py:99} ERROR - Error fetching bakeries: features_from_bbox() got an unexpected keyword argument 'north'
[2026-02-25T22:09:42.122+0000] {osm_table_generator_dag.py:326} INFO -  Finished processing bakeries: Fetched 0, Inserted 0
[2026-02-25T22:10:12.150+0000] {python.py:240} INFO - Done. Returned value was: None
[2026-02-25T22:10:12.199+0000] {taskinstance.py:340} INFO - ::group::Post task execution logs
[2026-02-25T22:10:12.200+0000] {taskinstance.py:352} INFO - Marking task as SUCCESS. dag_id=osm_table_generator, task_id=process_bakeries, run_id=manual__2026-02-25T21:40:07.394921+00:00, execution_date=20260225T214007, start_date=20260225T220940, end_date=20260225T221012
[2026-02-25T22:10:12.235+0000] {local_task_job_runner.py:266} INFO - Task exited with return code 0
[2026-02-25T22:10:12.254+0000] {taskinstance.py:3900} INFO - 1 downstream tasks scheduled from follow-on schedule check
[2026-02-25T22:10:12.254+0000] {local_task_job_runner.py:245} INFO - ::endgroup::
