[2026-02-26T01:31:22.062+0000] {local_task_job_runner.py:123} INFO - ::group::Pre task execution logs
[2026-02-26T01:31:22.069+0000] {taskinstance.py:2612} INFO - Dependencies all met for dep_context=non-requeueable deps ti=<TaskInstance: core_osm_table_generator.process_hospitals manual__2026-02-26T01:10:10.227646+00:00 [queued]>
[2026-02-26T01:31:22.072+0000] {taskinstance.py:2612} INFO - Dependencies all met for dep_context=requeueable deps ti=<TaskInstance: core_osm_table_generator.process_hospitals manual__2026-02-26T01:10:10.227646+00:00 [queued]>
[2026-02-26T01:31:22.072+0000] {taskinstance.py:2865} INFO - Starting attempt 5 of 9
[2026-02-26T01:31:22.077+0000] {taskinstance.py:2888} INFO - Executing <Task(PythonOperator): process_hospitals> on 2026-02-26 01:10:10.227646+00:00
[2026-02-26T01:31:22.080+0000] {warnings.py:112} WARNING - /home/***/.local/lib/python3.12/site-packages/***/task/task_runner/standard_task_runner.py:70: DeprecationWarning: This process (pid=168) is multi-threaded, use of fork() may lead to deadlocks in the child.
  pid = os.fork()

[2026-02-26T01:31:22.081+0000] {standard_task_runner.py:72} INFO - Started process 169 to run task
[2026-02-26T01:31:22.081+0000] {standard_task_runner.py:104} INFO - Running: ['***', 'tasks', 'run', 'core_osm_table_generator', 'process_hospitals', 'manual__2026-02-26T01:10:10.227646+00:00', '--job-id', '30', '--raw', '--subdir', 'DAGS_FOLDER/core_osm_table_generator_dag.py', '--cfg-path', '/tmp/tmpaeytbu0r']
[2026-02-26T01:31:22.082+0000] {standard_task_runner.py:105} INFO - Job 30: Subtask process_hospitals
[2026-02-26T01:31:22.114+0000] {task_command.py:467} INFO - Running <TaskInstance: core_osm_table_generator.process_hospitals manual__2026-02-26T01:10:10.227646+00:00 [running]> on host a0ea9a98cfa1
[2026-02-26T01:31:22.157+0000] {taskinstance.py:3131} INFO - Exporting env vars: AIRFLOW_CTX_DAG_OWNER='***' AIRFLOW_CTX_DAG_ID='core_osm_table_generator' AIRFLOW_CTX_TASK_ID='process_hospitals' AIRFLOW_CTX_EXECUTION_DATE='2026-02-26T01:10:10.227646+00:00' AIRFLOW_CTX_TRY_NUMBER='5' AIRFLOW_CTX_DAG_RUN_ID='manual__2026-02-26T01:10:10.227646+00:00'
[2026-02-26T01:31:22.157+0000] {taskinstance.py:731} INFO - ::endgroup::
[2026-02-26T01:31:22.251+0000] {base.py:84} INFO - Retrieving connection 'neon_test'
[2026-02-26T01:31:23.338+0000] {core_osm_table_generator_dag.py:286} INFO - Processing table: hospitals
[2026-02-26T01:31:23.340+0000] {core_osm_table_generator_dag.py:81} INFO - Sending Overpass Query: 
    [out:json][timeout:180];
    (
      node["amenity"~"hospital|clinic"](52.3, 13.0, 52.7, 13.7);
      way["amenity"~"hospital|clinic"](52.3, 13.0, 52.7, 13.7);
      relation["amenity"~"hospital|clinic"](52.3, 13.0, 52.7, 13.7);
    );
    out center;
    
[2026-02-26T01:32:09.233+0000] {core_osm_table_generator_dag.py:308} INFO -  Finished processing hospitals: Fetched 276, Inserted 276
[2026-02-26T01:32:39.323+0000] {python.py:240} INFO - Done. Returned value was: None
[2026-02-26T01:32:39.346+0000] {taskinstance.py:340} INFO - ::group::Post task execution logs
[2026-02-26T01:32:39.347+0000] {taskinstance.py:352} INFO - Marking task as SUCCESS. dag_id=core_osm_table_generator, task_id=process_hospitals, run_id=manual__2026-02-26T01:10:10.227646+00:00, execution_date=20260226T011010, start_date=20260226T013122, end_date=20260226T013239
[2026-02-26T01:32:39.408+0000] {local_task_job_runner.py:266} INFO - Task exited with return code 0
[2026-02-26T01:32:39.441+0000] {taskinstance.py:3900} INFO - 1 downstream tasks scheduled from follow-on schedule check
[2026-02-26T01:32:39.443+0000] {local_task_job_runner.py:245} INFO - ::endgroup::
