[2026-02-26T01:26:06.438+0000] {local_task_job_runner.py:123} INFO - ::group::Pre task execution logs
[2026-02-26T01:26:06.447+0000] {taskinstance.py:2612} INFO - Dependencies all met for dep_context=non-requeueable deps ti=<TaskInstance: core_osm_table_generator.process_hospitals manual__2026-02-26T01:10:10.227646+00:00 [queued]>
[2026-02-26T01:26:06.450+0000] {taskinstance.py:2612} INFO - Dependencies all met for dep_context=requeueable deps ti=<TaskInstance: core_osm_table_generator.process_hospitals manual__2026-02-26T01:10:10.227646+00:00 [queued]>
[2026-02-26T01:26:06.451+0000] {taskinstance.py:2865} INFO - Starting attempt 4 of 9
[2026-02-26T01:26:06.455+0000] {taskinstance.py:2888} INFO - Executing <Task(PythonOperator): process_hospitals> on 2026-02-26 01:10:10.227646+00:00
[2026-02-26T01:26:06.459+0000] {warnings.py:112} WARNING - /home/***/.local/lib/python3.12/site-packages/***/task/task_runner/standard_task_runner.py:70: DeprecationWarning: This process (pid=162) is multi-threaded, use of fork() may lead to deadlocks in the child.
  pid = os.fork()

[2026-02-26T01:26:06.461+0000] {standard_task_runner.py:72} INFO - Started process 163 to run task
[2026-02-26T01:26:06.461+0000] {standard_task_runner.py:104} INFO - Running: ['***', 'tasks', 'run', 'core_osm_table_generator', 'process_hospitals', 'manual__2026-02-26T01:10:10.227646+00:00', '--job-id', '28', '--raw', '--subdir', 'DAGS_FOLDER/core_osm_table_generator_dag.py', '--cfg-path', '/tmp/tmptpndg465']
[2026-02-26T01:26:06.462+0000] {standard_task_runner.py:105} INFO - Job 28: Subtask process_hospitals
[2026-02-26T01:26:06.485+0000] {task_command.py:467} INFO - Running <TaskInstance: core_osm_table_generator.process_hospitals manual__2026-02-26T01:10:10.227646+00:00 [running]> on host a0ea9a98cfa1
[2026-02-26T01:26:06.521+0000] {taskinstance.py:3131} INFO - Exporting env vars: AIRFLOW_CTX_DAG_OWNER='***' AIRFLOW_CTX_DAG_ID='core_osm_table_generator' AIRFLOW_CTX_TASK_ID='process_hospitals' AIRFLOW_CTX_EXECUTION_DATE='2026-02-26T01:10:10.227646+00:00' AIRFLOW_CTX_TRY_NUMBER='4' AIRFLOW_CTX_DAG_RUN_ID='manual__2026-02-26T01:10:10.227646+00:00'
[2026-02-26T01:26:06.522+0000] {taskinstance.py:731} INFO - ::endgroup::
[2026-02-26T01:26:06.634+0000] {base.py:84} INFO - Retrieving connection 'neon_test'
[2026-02-26T01:26:07.767+0000] {core_osm_table_generator_dag.py:286} INFO - Processing table: hospitals
[2026-02-26T01:26:07.768+0000] {core_osm_table_generator_dag.py:81} INFO - Sending Overpass Query: 
    [out:json][timeout:180];
    (
      node["amenity"~"hospital|clinic"](52.3, 13.0, 52.7, 13.7);
      way["amenity"~"hospital|clinic"](52.3, 13.0, 52.7, 13.7);
      relation["amenity"~"hospital|clinic"](52.3, 13.0, 52.7, 13.7);
    );
    out center;
    
[2026-02-26T01:26:21.601+0000] {local_task_job_runner.py:346} WARNING - State of this instance has been externally set to restarting. Terminating instance.
[2026-02-26T01:26:21.604+0000] {local_task_job_runner.py:245} INFO - ::endgroup::
[2026-02-26T01:26:21.607+0000] {process_utils.py:132} INFO - Sending 15 to group 163. PIDs of all processes in the group: [163]
[2026-02-26T01:26:21.607+0000] {process_utils.py:87} INFO - Sending the signal 15 to group 163
[2026-02-26T01:26:21.668+0000] {taskinstance.py:3092} ERROR - Received SIGTERM. Terminating subprocesses.
[2026-02-26T01:26:21.708+0000] {taskinstance.py:3310} ERROR - Task failed with exception
Traceback (most recent call last):
  File "/home/airflow/.local/lib/python3.12/site-packages/airflow/models/taskinstance.py", line 767, in _execute_task
    result = _execute_callable(context=context, **execute_callable_kwargs)
             ^^^^^^^^^^^^^^^^^^^^^^^^^^^^^^^^^^^^^^^^^^^^^^^^^^^^^^^^^^^^^
  File "/home/airflow/.local/lib/python3.12/site-packages/airflow/models/taskinstance.py", line 733, in _execute_callable
    return ExecutionCallableRunner(
           ^^^^^^^^^^^^^^^^^^^^^^^^
  File "/home/airflow/.local/lib/python3.12/site-packages/airflow/utils/operator_helpers.py", line 252, in run
    return self.func(*args, **kwargs)
           ^^^^^^^^^^^^^^^^^^^^^^^^^^
  File "/home/airflow/.local/lib/python3.12/site-packages/airflow/models/baseoperator.py", line 406, in wrapper
    return func(self, *args, **kwargs)
           ^^^^^^^^^^^^^^^^^^^^^^^^^^^
  File "/home/airflow/.local/lib/python3.12/site-packages/airflow/operators/python.py", line 238, in execute
    return_value = self.execute_callable()
                   ^^^^^^^^^^^^^^^^^^^^^^^
  File "/home/airflow/.local/lib/python3.12/site-packages/airflow/operators/python.py", line 256, in execute_callable
    return runner.run(*self.op_args, **self.op_kwargs)
           ^^^^^^^^^^^^^^^^^^^^^^^^^^^^^^^^^^^^^^^^^^^
  File "/home/airflow/.local/lib/python3.12/site-packages/airflow/utils/operator_helpers.py", line 252, in run
    return self.func(*args, **kwargs)
           ^^^^^^^^^^^^^^^^^^^^^^^^^^
  File "/opt/airflow/dags/core_osm_table_generator_dag.py", line 301, in process_single_table
    inserted = insert_records(conn, table_name, enriched, core_columns, table_config["unique_columns"])
               ^^^^^^^^^^^^^^^^^^^^^^^^^^^^^^^^^^^^^^^^^^^^^^^^^^^^^^^^^^^^^^^^^^^^^^^^^^^^^^^^^^^^^^^^
  File "/opt/airflow/dags/core_osm_table_generator_dag.py", line 227, in insert_records
    cursor.execute(insert_query, values)
  File "/usr/local/lib/python3.12/encodings/utf_8.py", line 15, in decode
    def decode(input, errors='strict'):
    
  File "/home/airflow/.local/lib/python3.12/site-packages/airflow/models/taskinstance.py", line 3094, in signal_handler
    raise AirflowTaskTerminated("Task received SIGTERM signal")
airflow.exceptions.AirflowTaskTerminated: Task received SIGTERM signal
[2026-02-26T01:26:21.716+0000] {taskinstance.py:1225} INFO - Marking task as UP_FOR_RETRY. dag_id=core_osm_table_generator, task_id=process_hospitals, run_id=manual__2026-02-26T01:10:10.227646+00:00, execution_date=20260226T011010, start_date=20260226T012606, end_date=20260226T012621
[2026-02-26T01:26:21.730+0000] {taskinstance.py:340} INFO - ::group::Post task execution logs
[2026-02-26T01:26:21.751+0000] {process_utils.py:80} INFO - Process psutil.Process(pid=163, status='terminated', exitcode=2, started='01:26:05') (163) terminated with exit code 2
