[2026-02-20T21:41:59.147+0000] {local_task_job_runner.py:123} INFO - ::group::Pre task execution logs
[2026-02-20T21:41:59.155+0000] {taskinstance.py:2612} INFO - Dependencies all met for dep_context=non-requeueable deps ti=<TaskInstance: core_osm_table_generator.process_bakeries manual__2026-02-20T21:36:49.185671+00:00 [queued]>
[2026-02-20T21:41:59.158+0000] {taskinstance.py:2612} INFO - Dependencies all met for dep_context=requeueable deps ti=<TaskInstance: core_osm_table_generator.process_bakeries manual__2026-02-20T21:36:49.185671+00:00 [queued]>
[2026-02-20T21:41:59.158+0000] {taskinstance.py:2865} INFO - Starting attempt 2 of 4
[2026-02-20T21:41:59.164+0000] {taskinstance.py:2888} INFO - Executing <Task(PythonOperator): process_bakeries> on 2026-02-20 21:36:49.185671+00:00
[2026-02-20T21:41:59.167+0000] {warnings.py:112} WARNING - /home/***/.local/lib/python3.12/site-packages/***/task/task_runner/standard_task_runner.py:70: DeprecationWarning: This process (pid=260) is multi-threaded, use of fork() may lead to deadlocks in the child.
  pid = os.fork()

[2026-02-20T21:41:59.168+0000] {standard_task_runner.py:72} INFO - Started process 265 to run task
[2026-02-20T21:41:59.169+0000] {standard_task_runner.py:104} INFO - Running: ['***', 'tasks', 'run', 'core_osm_table_generator', 'process_bakeries', 'manual__2026-02-20T21:36:49.185671+00:00', '--job-id', '75', '--raw', '--subdir', 'DAGS_FOLDER/core_osm_table_generator_dag.py', '--cfg-path', '/tmp/tmp9apqervg']
[2026-02-20T21:41:59.170+0000] {standard_task_runner.py:105} INFO - Job 75: Subtask process_bakeries
[2026-02-20T21:41:59.198+0000] {task_command.py:467} INFO - Running <TaskInstance: core_osm_table_generator.process_bakeries manual__2026-02-20T21:36:49.185671+00:00 [running]> on host 2b004ae002f2
[2026-02-20T21:41:59.981+0000] {taskinstance.py:3131} INFO - Exporting env vars: AIRFLOW_CTX_DAG_OWNER='***' AIRFLOW_CTX_DAG_ID='core_osm_table_generator' AIRFLOW_CTX_TASK_ID='process_bakeries' AIRFLOW_CTX_EXECUTION_DATE='2026-02-20T21:36:49.185671+00:00' AIRFLOW_CTX_TRY_NUMBER='2' AIRFLOW_CTX_DAG_RUN_ID='manual__2026-02-20T21:36:49.185671+00:00'
[2026-02-20T21:41:59.981+0000] {taskinstance.py:731} INFO - ::endgroup::
[2026-02-20T21:42:00.083+0000] {base.py:84} INFO - Retrieving connection 'neon_test'
[2026-02-20T21:42:01.527+0000] {core_osm_table_generator_dag.py:271} INFO - Processing table: bakeries
[2026-02-20T21:42:02.942+0000] {core_osm_table_generator_dag.py:289} INFO -  Finished processing bakeries: Fetched 0, Inserted 0
[2026-02-20T21:42:02.945+0000] {python.py:240} INFO - Done. Returned value was: None
[2026-02-20T21:42:02.952+0000] {taskinstance.py:340} INFO - ::group::Post task execution logs
[2026-02-20T21:42:02.952+0000] {taskinstance.py:352} INFO - Marking task as SUCCESS. dag_id=core_osm_table_generator, task_id=process_bakeries, run_id=manual__2026-02-20T21:36:49.185671+00:00, execution_date=20260220T213649, start_date=20260220T214159, end_date=20260220T214202
[2026-02-20T21:42:02.982+0000] {local_task_job_runner.py:266} INFO - Task exited with return code 0
[2026-02-20T21:42:02.999+0000] {taskinstance.py:3900} INFO - 0 downstream tasks scheduled from follow-on schedule check
[2026-02-20T21:42:03.000+0000] {local_task_job_runner.py:245} INFO - ::endgroup::
