[2026-02-23T23:13:35.788+0000] {local_task_job_runner.py:123} INFO - ::group::Pre task execution logs
[2026-02-23T23:13:35.798+0000] {taskinstance.py:2612} INFO - Dependencies all met for dep_context=non-requeueable deps ti=<TaskInstance: core_osm_table_generator.process_bakeries manual__2026-02-20T21:36:49.185671+00:00 [queued]>
[2026-02-23T23:13:35.802+0000] {taskinstance.py:2612} INFO - Dependencies all met for dep_context=requeueable deps ti=<TaskInstance: core_osm_table_generator.process_bakeries manual__2026-02-20T21:36:49.185671+00:00 [queued]>
[2026-02-23T23:13:35.802+0000] {taskinstance.py:2865} INFO - Starting attempt 13 of 15
[2026-02-23T23:13:35.808+0000] {taskinstance.py:2888} INFO - Executing <Task(PythonOperator): process_bakeries> on 2026-02-20 21:36:49.185671+00:00
[2026-02-23T23:13:35.813+0000] {warnings.py:112} WARNING - /home/***/.local/lib/python3.12/site-packages/***/task/task_runner/standard_task_runner.py:70: DeprecationWarning: This process (pid=376) is multi-threaded, use of fork() may lead to deadlocks in the child.
  pid = os.fork()

[2026-02-23T23:13:35.814+0000] {standard_task_runner.py:104} INFO - Running: ['***', 'tasks', 'run', 'core_osm_table_generator', 'process_bakeries', 'manual__2026-02-20T21:36:49.185671+00:00', '--job-id', '112', '--raw', '--subdir', 'DAGS_FOLDER/core_osm_table_generator_dag.py', '--cfg-path', '/tmp/tmp1f01o6dv']
[2026-02-23T23:13:35.815+0000] {standard_task_runner.py:105} INFO - Job 112: Subtask process_bakeries
[2026-02-23T23:13:35.814+0000] {standard_task_runner.py:72} INFO - Started process 377 to run task
[2026-02-23T23:13:35.843+0000] {task_command.py:467} INFO - Running <TaskInstance: core_osm_table_generator.process_bakeries manual__2026-02-20T21:36:49.185671+00:00 [running]> on host 2b004ae002f2
[2026-02-23T23:13:35.880+0000] {taskinstance.py:3131} INFO - Exporting env vars: AIRFLOW_CTX_DAG_OWNER='***' AIRFLOW_CTX_DAG_ID='core_osm_table_generator' AIRFLOW_CTX_TASK_ID='process_bakeries' AIRFLOW_CTX_EXECUTION_DATE='2026-02-20T21:36:49.185671+00:00' AIRFLOW_CTX_TRY_NUMBER='13' AIRFLOW_CTX_DAG_RUN_ID='manual__2026-02-20T21:36:49.185671+00:00'
[2026-02-23T23:13:35.881+0000] {taskinstance.py:731} INFO - ::endgroup::
[2026-02-23T23:13:35.988+0000] {base.py:84} INFO - Retrieving connection 'neon_test'
[2026-02-23T23:13:37.073+0000] {core_osm_table_generator_dag.py:239} INFO - Processing table: bakeries
[2026-02-23T23:13:37.634+0000] {core_osm_table_generator_dag.py:264} ERROR -  Error processing table bakeries: too many values to unpack (expected 2)
[2026-02-23T23:13:37.635+0000] {taskinstance.py:3310} ERROR - Task failed with exception
Traceback (most recent call last):
  File "/home/airflow/.local/lib/python3.12/site-packages/airflow/models/taskinstance.py", line 767, in _execute_task
    result = _execute_callable(context=context, **execute_callable_kwargs)
             ^^^^^^^^^^^^^^^^^^^^^^^^^^^^^^^^^^^^^^^^^^^^^^^^^^^^^^^^^^^^^
  File "/home/airflow/.local/lib/python3.12/site-packages/airflow/models/taskinstance.py", line 733, in _execute_callable
    return ExecutionCallableRunner(
           ^^^^^^^^^^^^^^^^^^^^^^^^
  File "/home/airflow/.local/lib/python3.12/site-packages/airflow/utils/operator_helpers.py", line 252, in run
    return self.func(*args, **kwargs)
           ^^^^^^^^^^^^^^^^^^^^^^^^^^
  File "/home/airflow/.local/lib/python3.12/site-packages/airflow/models/baseoperator.py", line 406, in wrapper
    return func(self, *args, **kwargs)
           ^^^^^^^^^^^^^^^^^^^^^^^^^^^
  File "/home/airflow/.local/lib/python3.12/site-packages/airflow/operators/python.py", line 238, in execute
    return_value = self.execute_callable()
                   ^^^^^^^^^^^^^^^^^^^^^^^
  File "/home/airflow/.local/lib/python3.12/site-packages/airflow/operators/python.py", line 256, in execute_callable
    return runner.run(*self.op_args, **self.op_kwargs)
           ^^^^^^^^^^^^^^^^^^^^^^^^^^^^^^^^^^^^^^^^^^^
  File "/home/airflow/.local/lib/python3.12/site-packages/airflow/utils/operator_helpers.py", line 252, in run
    return self.func(*args, **kwargs)
           ^^^^^^^^^^^^^^^^^^^^^^^^^^
  File "/opt/airflow/dags/core_osm_table_generator_dag.py", line 242, in process_single_table
    enriched = enrich_with_lor(elements, lor_data)
               ^^^^^^^^^^^^^^^^^^^^^^^^^^^^^^^^^^^
  File "/opt/airflow/dags/core_osm_table_generator_dag.py", line 120, in enrich_with_lor
    if is_inside(lat, lon, poly):
       ^^^^^^^^^^^^^^^^^^^^^^^^^
  File "/opt/airflow/dags/core_osm_table_generator_dag.py", line 83, in is_inside
    p1x, p1y = polygon[0]
    ^^^^^^^^
ValueError: too many values to unpack (expected 2)
[2026-02-23T23:13:37.648+0000] {taskinstance.py:1225} INFO - Marking task as UP_FOR_RETRY. dag_id=core_osm_table_generator, task_id=process_bakeries, run_id=manual__2026-02-20T21:36:49.185671+00:00, execution_date=20260220T213649, start_date=20260223T231335, end_date=20260223T231337
[2026-02-23T23:13:37.659+0000] {taskinstance.py:340} INFO - ::group::Post task execution logs
[2026-02-23T23:13:37.660+0000] {standard_task_runner.py:124} ERROR - Failed to execute job 112 for task process_bakeries (too many values to unpack (expected 2); 377)
Traceback (most recent call last):
  File "/home/airflow/.local/lib/python3.12/site-packages/airflow/task/task_runner/standard_task_runner.py", line 117, in _start_by_fork
    ret = args.func(args, dag=self.dag)
          ^^^^^^^^^^^^^^^^^^^^^^^^^^^^^
  File "/home/airflow/.local/lib/python3.12/site-packages/airflow/cli/cli_config.py", line 49, in command
    return func(*args, **kwargs)
           ^^^^^^^^^^^^^^^^^^^^^
  File "/home/airflow/.local/lib/python3.12/site-packages/airflow/utils/cli.py", line 115, in wrapper
    return f(*args, **kwargs)
           ^^^^^^^^^^^^^^^^^^
  File "/home/airflow/.local/lib/python3.12/site-packages/airflow/cli/commands/task_command.py", line 483, in task_run
    task_return_code = _run_task_by_selected_method(args, _dag, ti)
                       ^^^^^^^^^^^^^^^^^^^^^^^^^^^^^^^^^^^^^^^^^^^^
  File "/home/airflow/.local/lib/python3.12/site-packages/airflow/cli/commands/task_command.py", line 256, in _run_task_by_selected_method
    return _run_raw_task(args, ti)
           ^^^^^^^^^^^^^^^^^^^^^^^
  File "/home/airflow/.local/lib/python3.12/site-packages/airflow/cli/commands/task_command.py", line 341, in _run_raw_task
    return ti._run_raw_task(
           ^^^^^^^^^^^^^^^^^
  File "/home/airflow/.local/lib/python3.12/site-packages/airflow/utils/session.py", line 97, in wrapper
    return func(*args, session=session, **kwargs)
           ^^^^^^^^^^^^^^^^^^^^^^^^^^^^^^^^^^^^^^
  File "/home/airflow/.local/lib/python3.12/site-packages/airflow/models/taskinstance.py", line 3004, in _run_raw_task
    return _run_raw_task(
           ^^^^^^^^^^^^^^
  File "/home/airflow/.local/lib/python3.12/site-packages/airflow/models/taskinstance.py", line 273, in _run_raw_task
    TaskInstance._execute_task_with_callbacks(
  File "/home/airflow/.local/lib/python3.12/site-packages/airflow/models/taskinstance.py", line 3158, in _execute_task_with_callbacks
    result = self._execute_task(context, task_orig)
             ^^^^^^^^^^^^^^^^^^^^^^^^^^^^^^^^^^^^^^
  File "/home/airflow/.local/lib/python3.12/site-packages/airflow/models/taskinstance.py", line 3182, in _execute_task
    return _execute_task(self, context, task_orig)
           ^^^^^^^^^^^^^^^^^^^^^^^^^^^^^^^^^^^^^^^
  File "/home/airflow/.local/lib/python3.12/site-packages/airflow/models/taskinstance.py", line 767, in _execute_task
    result = _execute_callable(context=context, **execute_callable_kwargs)
             ^^^^^^^^^^^^^^^^^^^^^^^^^^^^^^^^^^^^^^^^^^^^^^^^^^^^^^^^^^^^^
  File "/home/airflow/.local/lib/python3.12/site-packages/airflow/models/taskinstance.py", line 733, in _execute_callable
    return ExecutionCallableRunner(
           ^^^^^^^^^^^^^^^^^^^^^^^^
  File "/home/airflow/.local/lib/python3.12/site-packages/airflow/utils/operator_helpers.py", line 252, in run
    return self.func(*args, **kwargs)
           ^^^^^^^^^^^^^^^^^^^^^^^^^^
  File "/home/airflow/.local/lib/python3.12/site-packages/airflow/models/baseoperator.py", line 406, in wrapper
    return func(self, *args, **kwargs)
           ^^^^^^^^^^^^^^^^^^^^^^^^^^^
  File "/home/airflow/.local/lib/python3.12/site-packages/airflow/operators/python.py", line 238, in execute
    return_value = self.execute_callable()
                   ^^^^^^^^^^^^^^^^^^^^^^^
  File "/home/airflow/.local/lib/python3.12/site-packages/airflow/operators/python.py", line 256, in execute_callable
    return runner.run(*self.op_args, **self.op_kwargs)
           ^^^^^^^^^^^^^^^^^^^^^^^^^^^^^^^^^^^^^^^^^^^
  File "/home/airflow/.local/lib/python3.12/site-packages/airflow/utils/operator_helpers.py", line 252, in run
    return self.func(*args, **kwargs)
           ^^^^^^^^^^^^^^^^^^^^^^^^^^
  File "/opt/airflow/dags/core_osm_table_generator_dag.py", line 242, in process_single_table
    enriched = enrich_with_lor(elements, lor_data)
               ^^^^^^^^^^^^^^^^^^^^^^^^^^^^^^^^^^^
  File "/opt/airflow/dags/core_osm_table_generator_dag.py", line 120, in enrich_with_lor
    if is_inside(lat, lon, poly):
       ^^^^^^^^^^^^^^^^^^^^^^^^^
  File "/opt/airflow/dags/core_osm_table_generator_dag.py", line 83, in is_inside
    p1x, p1y = polygon[0]
    ^^^^^^^^
ValueError: too many values to unpack (expected 2)
[2026-02-23T23:13:37.701+0000] {local_task_job_runner.py:266} INFO - Task exited with return code 1
[2026-02-23T23:13:37.716+0000] {taskinstance.py:3900} INFO - 0 downstream tasks scheduled from follow-on schedule check
[2026-02-23T23:13:37.717+0000] {local_task_job_runner.py:245} INFO - ::endgroup::
