[2026-02-26T01:43:09.588+0000] {local_task_job_runner.py:123} INFO - ::group::Pre task execution logs
[2026-02-26T01:43:09.595+0000] {taskinstance.py:2612} INFO - Dependencies all met for dep_context=non-requeueable deps ti=<TaskInstance: core_osm_table_generator.process_museums manual__2026-02-26T01:10:10.227646+00:00 [queued]>
[2026-02-26T01:43:09.599+0000] {taskinstance.py:2612} INFO - Dependencies all met for dep_context=requeueable deps ti=<TaskInstance: core_osm_table_generator.process_museums manual__2026-02-26T01:10:10.227646+00:00 [queued]>
[2026-02-26T01:43:09.599+0000] {taskinstance.py:2865} INFO - Starting attempt 1 of 6
[2026-02-26T01:43:09.603+0000] {taskinstance.py:2888} INFO - Executing <Task(PythonOperator): process_museums> on 2026-02-26 01:10:10.227646+00:00
[2026-02-26T01:43:09.608+0000] {warnings.py:112} WARNING - /home/***/.local/lib/python3.12/site-packages/***/task/task_runner/standard_task_runner.py:70: DeprecationWarning: This process (pid=180) is multi-threaded, use of fork() may lead to deadlocks in the child.
  pid = os.fork()

[2026-02-26T01:43:09.610+0000] {standard_task_runner.py:72} INFO - Started process 181 to run task
[2026-02-26T01:43:09.609+0000] {standard_task_runner.py:104} INFO - Running: ['***', 'tasks', 'run', 'core_osm_table_generator', 'process_museums', 'manual__2026-02-26T01:10:10.227646+00:00', '--job-id', '34', '--raw', '--subdir', 'DAGS_FOLDER/core_osm_table_generator_dag.py', '--cfg-path', '/tmp/tmpu7cjs1vj']
[2026-02-26T01:43:09.611+0000] {standard_task_runner.py:105} INFO - Job 34: Subtask process_museums
[2026-02-26T01:43:09.639+0000] {task_command.py:467} INFO - Running <TaskInstance: core_osm_table_generator.process_museums manual__2026-02-26T01:10:10.227646+00:00 [running]> on host a0ea9a98cfa1
[2026-02-26T01:43:09.672+0000] {taskinstance.py:3131} INFO - Exporting env vars: AIRFLOW_CTX_DAG_OWNER='***' AIRFLOW_CTX_DAG_ID='core_osm_table_generator' AIRFLOW_CTX_TASK_ID='process_museums' AIRFLOW_CTX_EXECUTION_DATE='2026-02-26T01:10:10.227646+00:00' AIRFLOW_CTX_TRY_NUMBER='1' AIRFLOW_CTX_DAG_RUN_ID='manual__2026-02-26T01:10:10.227646+00:00'
[2026-02-26T01:43:09.673+0000] {taskinstance.py:731} INFO - ::endgroup::
[2026-02-26T01:43:09.752+0000] {base.py:84} INFO - Retrieving connection 'neon_test'
[2026-02-26T01:43:10.856+0000] {core_osm_table_generator_dag.py:286} INFO - Processing table: museums
[2026-02-26T01:43:10.858+0000] {core_osm_table_generator_dag.py:81} INFO - Sending Overpass Query: 
    [out:json][timeout:180];
    (
      node["tourism"~"museum"](52.3, 13.0, 52.7, 13.7);
      way["tourism"~"museum"](52.3, 13.0, 52.7, 13.7);
      relation["tourism"~"museum"](52.3, 13.0, 52.7, 13.7);
    );
    out center;
    
[2026-02-26T01:43:56.046+0000] {core_osm_table_generator_dag.py:308} INFO -  Finished processing museums: Fetched 298, Inserted 298
[2026-02-26T01:44:26.126+0000] {python.py:240} INFO - Done. Returned value was: None
[2026-02-26T01:44:26.148+0000] {taskinstance.py:340} INFO - ::group::Post task execution logs
[2026-02-26T01:44:26.149+0000] {taskinstance.py:352} INFO - Marking task as SUCCESS. dag_id=core_osm_table_generator, task_id=process_museums, run_id=manual__2026-02-26T01:10:10.227646+00:00, execution_date=20260226T011010, start_date=20260226T014309, end_date=20260226T014426
[2026-02-26T01:44:26.192+0000] {local_task_job_runner.py:266} INFO - Task exited with return code 0
[2026-02-26T01:44:26.206+0000] {taskinstance.py:3900} INFO - 0 downstream tasks scheduled from follow-on schedule check
[2026-02-26T01:44:26.207+0000] {local_task_job_runner.py:245} INFO - ::endgroup::
