[2026-02-20T20:36:15.391+0000] {local_task_job_runner.py:123} INFO - ::group::Pre task execution logs
[2026-02-20T20:36:15.440+0000] {taskinstance.py:2612} INFO - Dependencies all met for dep_context=non-requeueable deps ti=<TaskInstance: core_osm_table_generator.process_hospitals manual__2026-02-20T15:03:06.128334+00:00 [queued]>
[2026-02-20T20:36:15.476+0000] {taskinstance.py:2612} INFO - Dependencies all met for dep_context=requeueable deps ti=<TaskInstance: core_osm_table_generator.process_hospitals manual__2026-02-20T15:03:06.128334+00:00 [queued]>
[2026-02-20T20:36:15.478+0000] {taskinstance.py:2865} INFO - Starting attempt 7 of 10
[2026-02-20T20:36:15.495+0000] {taskinstance.py:2888} INFO - Executing <Task(PythonOperator): process_hospitals> on 2026-02-20 15:03:06.128334+00:00
[2026-02-20T20:36:15.506+0000] {warnings.py:112} WARNING - /home/***/.local/lib/python3.12/site-packages/***/task/task_runner/standard_task_runner.py:70: DeprecationWarning: This process (pid=178) is multi-threaded, use of fork() may lead to deadlocks in the child.
  pid = os.fork()

[2026-02-20T20:36:15.509+0000] {standard_task_runner.py:72} INFO - Started process 190 to run task
[2026-02-20T20:36:15.512+0000] {standard_task_runner.py:104} INFO - Running: ['***', 'tasks', 'run', 'core_osm_table_generator', 'process_hospitals', 'manual__2026-02-20T15:03:06.128334+00:00', '--job-id', '50', '--raw', '--subdir', 'DAGS_FOLDER/core_osm_table_generator_dag.py', '--cfg-path', '/tmp/tmpg0f9ctzw']
[2026-02-20T20:36:15.514+0000] {standard_task_runner.py:105} INFO - Job 50: Subtask process_hospitals
[2026-02-20T20:36:15.597+0000] {task_command.py:467} INFO - Running <TaskInstance: core_osm_table_generator.process_hospitals manual__2026-02-20T15:03:06.128334+00:00 [running]> on host 2b004ae002f2
[2026-02-20T20:36:16.998+0000] {taskinstance.py:3131} INFO - Exporting env vars: AIRFLOW_CTX_DAG_OWNER='***' AIRFLOW_CTX_DAG_ID='core_osm_table_generator' AIRFLOW_CTX_TASK_ID='process_hospitals' AIRFLOW_CTX_EXECUTION_DATE='2026-02-20T15:03:06.128334+00:00' AIRFLOW_CTX_TRY_NUMBER='7' AIRFLOW_CTX_DAG_RUN_ID='manual__2026-02-20T15:03:06.128334+00:00'
[2026-02-20T20:36:16.999+0000] {taskinstance.py:731} INFO - ::endgroup::
[2026-02-20T20:36:17.120+0000] {base.py:84} INFO - Retrieving connection 'neon_test'
[2026-02-20T20:36:18.313+0000] {core_osm_table_generator_dag.py:238} INFO - Processing table: hospitals
[2026-02-20T20:36:20.319+0000] {core_osm_table_generator_dag.py:256} INFO -  Finished processing hospitals: Fetched 0, Inserted 0
[2026-02-20T20:36:20.362+0000] {python.py:240} INFO - Done. Returned value was: None
[2026-02-20T20:36:20.402+0000] {taskinstance.py:340} INFO - ::group::Post task execution logs
[2026-02-20T20:36:20.403+0000] {taskinstance.py:352} INFO - Marking task as SUCCESS. dag_id=core_osm_table_generator, task_id=process_hospitals, run_id=manual__2026-02-20T15:03:06.128334+00:00, execution_date=20260220T150306, start_date=20260220T203615, end_date=20260220T203620
[2026-02-20T20:36:20.466+0000] {local_task_job_runner.py:266} INFO - Task exited with return code 0
[2026-02-20T20:36:20.515+0000] {standard_task_runner.py:217} INFO - Process not found (most likely exited), stop collecting metrics
[2026-02-20T20:36:20.517+0000] {taskinstance.py:3900} INFO - 0 downstream tasks scheduled from follow-on schedule check
[2026-02-20T20:36:20.519+0000] {local_task_job_runner.py:245} INFO - ::endgroup::
