[2026-02-24T21:36:27.365+0000] {local_task_job_runner.py:123} INFO - ::group::Pre task execution logs
[2026-02-24T21:36:27.371+0000] {taskinstance.py:2612} INFO - Dependencies all met for dep_context=non-requeueable deps ti=<TaskInstance: core_osm_table_generator.process_hotels manual__2026-02-24T20:59:22.046009+00:00 [queued]>
[2026-02-24T21:36:27.374+0000] {taskinstance.py:2612} INFO - Dependencies all met for dep_context=requeueable deps ti=<TaskInstance: core_osm_table_generator.process_hotels manual__2026-02-24T20:59:22.046009+00:00 [queued]>
[2026-02-24T21:36:27.374+0000] {taskinstance.py:2865} INFO - Starting attempt 3 of 8
[2026-02-24T21:36:27.379+0000] {taskinstance.py:2888} INFO - Executing <Task(PythonOperator): process_hotels> on 2026-02-24 20:59:22.046009+00:00
[2026-02-24T21:36:27.381+0000] {warnings.py:112} WARNING - /home/***/.local/lib/python3.12/site-packages/***/task/task_runner/standard_task_runner.py:70: DeprecationWarning: This process (pid=623) is multi-threaded, use of fork() may lead to deadlocks in the child.
  pid = os.fork()

[2026-02-24T21:36:27.382+0000] {standard_task_runner.py:72} INFO - Started process 624 to run task
[2026-02-24T21:36:27.382+0000] {standard_task_runner.py:104} INFO - Running: ['***', 'tasks', 'run', 'core_osm_table_generator', 'process_hotels', 'manual__2026-02-24T20:59:22.046009+00:00', '--job-id', '195', '--raw', '--subdir', 'DAGS_FOLDER/core_osm_table_generator_dag.py', '--cfg-path', '/tmp/tmplpb__pnb']
[2026-02-24T21:36:27.383+0000] {standard_task_runner.py:105} INFO - Job 195: Subtask process_hotels
[2026-02-24T21:36:27.401+0000] {task_command.py:467} INFO - Running <TaskInstance: core_osm_table_generator.process_hotels manual__2026-02-24T20:59:22.046009+00:00 [running]> on host 2b004ae002f2
[2026-02-24T21:36:27.430+0000] {taskinstance.py:3131} INFO - Exporting env vars: AIRFLOW_CTX_DAG_OWNER='***' AIRFLOW_CTX_DAG_ID='core_osm_table_generator' AIRFLOW_CTX_TASK_ID='process_hotels' AIRFLOW_CTX_EXECUTION_DATE='2026-02-24T20:59:22.046009+00:00' AIRFLOW_CTX_TRY_NUMBER='3' AIRFLOW_CTX_DAG_RUN_ID='manual__2026-02-24T20:59:22.046009+00:00'
[2026-02-24T21:36:27.431+0000] {taskinstance.py:731} INFO - ::endgroup::
[2026-02-24T21:36:27.496+0000] {base.py:84} INFO - Retrieving connection 'neon_test'
[2026-02-24T21:36:28.594+0000] {core_osm_table_generator_dag.py:264} INFO - Processing table: hotels
[2026-02-24T21:36:29.590+0000] {core_osm_table_generator_dag.py:286} INFO -  Finished processing hotels: Fetched 0, Inserted 0
[2026-02-24T21:36:59.622+0000] {python.py:240} INFO - Done. Returned value was: None
[2026-02-24T21:36:59.663+0000] {taskinstance.py:340} INFO - ::group::Post task execution logs
[2026-02-24T21:36:59.664+0000] {taskinstance.py:352} INFO - Marking task as SUCCESS. dag_id=core_osm_table_generator, task_id=process_hotels, run_id=manual__2026-02-24T20:59:22.046009+00:00, execution_date=20260224T205922, start_date=20260224T213627, end_date=20260224T213659
[2026-02-24T21:36:59.700+0000] {local_task_job_runner.py:266} INFO - Task exited with return code 0
[2026-02-24T21:36:59.717+0000] {taskinstance.py:3900} INFO - 1 downstream tasks scheduled from follow-on schedule check
[2026-02-24T21:36:59.717+0000] {local_task_job_runner.py:245} INFO - ::endgroup::
